Archive member included to satisfy reference by file (symbol)

/opt/devkitpro/libctru/lib/libctru.a(console.o)
                              main.o (consoleSelect)
/opt/devkitpro/libctru/lib/libctru.a(gfx.o)
                              /opt/devkitpro/libctru/lib/libctru.a(console.o) (gfxIsWide)
/opt/devkitpro/libctru/lib/libctru.a(apt.o)
                              main.o (aptMainLoop)
/opt/devkitpro/libctru/lib/libctru.a(gspgpu.o)
                              /opt/devkitpro/libctru/lib/libctru.a(gfx.o) (gspInit)
/opt/devkitpro/libctru/lib/libctru.a(hid.o)
                              main.o (hidScanInput)
/opt/devkitpro/libctru/lib/libctru.a(irrst.o)
                              /opt/devkitpro/libctru/lib/libctru.a(hid.o) (irrstInit)
/opt/devkitpro/libctru/lib/libctru.a(ctru_init.o)
                              /opt/devkitpro/libctru/lib/libctru.a(apt.o) (__system_retAddr)
/opt/devkitpro/libctru/lib/libctru.a(initArgv.o)
                              /opt/devkitpro/libctru/lib/libctru.a(ctru_init.o) (__system_initArgv)
/opt/devkitpro/libctru/lib/libctru.a(syscalls.o)
                              /opt/devkitpro/libctru/lib/libctru.a(ctru_init.o) (__system_initSyscalls)
/opt/devkitpro/libctru/lib/libctru.a(svc.o)
                              main.o (svcSleepThread)
/opt/devkitpro/libctru/lib/libctru.a(stack_adjust.o)
                              /opt/devkitpro/devkitARM/bin/../lib/gcc/arm-none-eabi/15.1.0/../../../../arm-none-eabi/lib/armv6k/fpu/3dsx_crt0.o (initSystem)
/opt/devkitpro/libctru/lib/libctru.a(default_font.bin.o)
                              /opt/devkitpro/libctru/lib/libctru.a(console.o) (default_font_bin)
/opt/devkitpro/libctru/lib/libctru.a(linear.o)
                              /opt/devkitpro/libctru/lib/libctru.a(gfx.o) (linearAlloc)
/opt/devkitpro/libctru/lib/libctru.a(mem_pool.o)
                              /opt/devkitpro/libctru/lib/libctru.a(linear.o) (MemPool::Allocate(MemChunk&, unsigned long, int))
/opt/devkitpro/libctru/lib/libctru.a(vram.o)
                              /opt/devkitpro/libctru/lib/libctru.a(gfx.o) (vramAlloc)
/opt/devkitpro/libctru/lib/libctru.a(3dslink.o)
                              /opt/devkitpro/libctru/lib/libctru.a(initArgv.o) (__3dslink_host)
/opt/devkitpro/libctru/lib/libctru.a(env.o)
                              /opt/devkitpro/libctru/lib/libctru.a(irrst.o) (envGetHandle)
/opt/devkitpro/libctru/lib/libctru.a(os.o)
                              /opt/devkitpro/libctru/lib/libctru.a(syscalls.o) (osGetTime)
/opt/devkitpro/libctru/lib/libctru.a(srv.o)
                              /opt/devkitpro/libctru/lib/libctru.a(apt.o) (srvInit)
/opt/devkitpro/libctru/lib/libctru.a(synchronization.o)
                              /opt/devkitpro/libctru/lib/libctru.a(ctru_init.o) (__sync_init)
/opt/devkitpro/libctru/lib/libctru.a(thread.o)
                              /opt/devkitpro/libctru/lib/libctru.a(apt.o) (threadCreate)
/opt/devkitpro/libctru/lib/libctru.a(mappable.o)
                              /opt/devkitpro/libctru/lib/libctru.a(apt.o) (mappableAlloc)
/opt/devkitpro/libctru/lib/libctru.a(ptmsysm.o)
                              /opt/devkitpro/libctru/lib/libctru.a(os.o) (ptmSysmInit)
/opt/devkitpro/libctru/lib/libctru.a(srvpm.o)
                              /opt/devkitpro/libctru/lib/libctru.a(srv.o) (srvPmGetSessionHandle)
/opt/devkitpro/libctru/lib/libctru.a(soc_connect.o)
                              /opt/devkitpro/libctru/lib/libctru.a(3dslink.o) (connect)
/opt/devkitpro/libctru/lib/libctru.a(soc_socket.o)
                              /opt/devkitpro/libctru/lib/libctru.a(3dslink.o) (socket)
/opt/devkitpro/libctru/lib/libctru.a(rbtree_find.o)
                              /opt/devkitpro/libctru/lib/libctru.a(linear.o) (rbtree_find)
/opt/devkitpro/libctru/lib/libctru.a(rbtree_init.o)
                              /opt/devkitpro/libctru/lib/libctru.a(linear.o) (rbtree_init)
/opt/devkitpro/libctru/lib/libctru.a(rbtree_insert.o)
                              /opt/devkitpro/libctru/lib/libctru.a(linear.o) (rbtree_insert)
/opt/devkitpro/libctru/lib/libctru.a(rbtree_remove.o)
                              /opt/devkitpro/libctru/lib/libctru.a(linear.o) (rbtree_remove)
/opt/devkitpro/libctru/lib/libctru.a(rbtree_rotate.o)
                              /opt/devkitpro/libctru/lib/libctru.a(rbtree_insert.o) (rbtree_rotate)
/opt/devkitpro/libctru/lib/libctru.a(allocateHeaps.o)
                              /opt/devkitpro/libctru/lib/libctru.a(ctru_init.o) (__system_allocateHeaps)
/opt/devkitpro/libctru/lib/libctru.a(appExit.o)
                              /opt/devkitpro/libctru/lib/libctru.a(stack_adjust.o) (__appExit)
/opt/devkitpro/libctru/lib/libctru.a(appInit.o)
                              /opt/devkitpro/libctru/lib/libctru.a(stack_adjust.o) (__appInit)
/opt/devkitpro/libctru/lib/libctru.a(ctru_exit.o)
                              /opt/devkitpro/libctru/lib/libctru.a(stack_adjust.o) (__libctru_exit)
[...]
Memory Configuration

Name             Origin             Length             Attributes
*default*        0x00000000         0xffffffff

Linker script and memory map

                0x00000000                        __sync_synchronize = __sync_synchronize_dmb
                0x00100000                        PROVIDE (__start__ = 0x100000)
                0x00100000                        . = __start__

.text           0x00100000    0x17d20
 *(.crt0)
 .crt0          0x00100000       0x94 /opt/devkitpro/devkitARM/bin/../lib/gcc/arm-none-eabi/15.1.0/../../../../arm-none-eabi/lib/armv6k/fpu/3dsx_crt0.o
                0x00100000                _start
                0x00100008                __service_ptr
                0x0010000c                __apt_appid
                0x00100010                __heap_size
                0x00100014                __linear_heap_size
                0x00100018                __system_arglist
                0x0010001c                __system_runflags
 *(.init)
 .init          0x00100094        0xc /opt/devkitpro/devkitARM/bin/../lib/gcc/arm-none-eabi/15.1.0/armv6k/fpu/crti.o
                0x00100094                _init
 .init          0x001000a0        0xc /opt/devkitpro/devkitARM/bin/../lib/gcc/arm-none-eabi/15.1.0/armv6k/fpu/crtn.o
                0x001000ac                        . = ALIGN (0x4)
 *(.text)
 .text          0x001000ac      0x240 /opt/devkitpro/devkitARM/bin/../lib/gcc/arm-none-eabi/15.1.0/armv6k/fpu/libgcc.a(_divsi3.o)
                0x001000ac                __aeabi_idiv
                0x001000ac                __divsi3
                0x001002cc                __aeabi_idivmod
 .text          0x001002ec        0x4 /opt/devkitpro/devkitARM/bin/../lib/gcc/arm-none-eabi/15.1.0/armv6k/fpu/libgcc.a(_dvmd_tls.o)
                0x001002ec                __aeabi_ldiv0
                0x001002ec                __aeabi_idiv0
 .text          0x001002f0       0xd4 /opt/devkitpro/devkitARM/bin/../lib/gcc/arm-none-eabi/15.1.0/armv6k/fpu/libgcc.a(_aeabi_ldivmod.o)
                0x001002f0                __aeabi_ldivmod
 .text          0x001003c4       0x3c /opt/devkitpro/devkitARM/bin/../lib/gcc/arm-none-eabi/15.1.0/armv6k/fpu/libgcc.a(_aeabi_uldivmod.o)
                0x001003c4                __aeabi_uldivmod
 .text          0x00100400      0x390 /opt/devkitpro/devkitARM/bin/../lib/gcc/arm-none-eabi/15.1.0/../../../../arm-none-eabi/lib/armv6k/fpu/libg.a(libc_a-strcmp.o)
                0x00100408                strcmp
 .text          0x00100790      0x20c /opt/devkitpro/devkitARM/bin/../lib/gcc/arm-none-eabi/15.1.0/armv6k/fpu/libgcc.a(_udivsi3.o)
                0x00100790                __udivsi3
                0x00100790                __aeabi_uidiv
                0x0010097c                __aeabi_uidivmod
 *(.text.*)
 .text.__do_global_dtors_aux
                0x0010099c       0x50 /opt/devkitpro/devkitARM/bin/../lib/gcc/arm-none-eabi/15.1.0/armv6k/fpu/crtbegin.o
 .text.frame_dummy
                0x001009ec       0x2c /opt/devkitpro/devkitARM/bin/../lib/gcc/arm-none-eabi/15.1.0/armv6k/fpu/crtbegin.o
 .text.clearAndPrintHeader
                0x00100a18       0x90 main.o
                0x00100a18                clearAndPrintHeader
 .text.handleColorChange
                0x00100aa8       0x8c main.o
                0x00100aa8                handleColorChange
 .text.handleLanguageChange
                0x00100b34       0x84 main.o
                0x00100b34                handleLanguageChange
 .text.buttonPressed
                0x00100bb8       0x98 main.o
                0x00100bb8                buttonPressed
 .text.printRandomCommands
                0x00100c50       0xf4 main.o
                0x00100c50                printRandomCommands
 .text.startup.main
                0x00100d44       0xcc main.o
                0x00100d44                main
 .text.consoleSelect
                0x00100e10       0x18 /opt/devkitpro/libctru/lib/libctru.a(console.o)
                0x00100e10                consoleSelect
 .text.consoleDrawChar
                0x00100e28      0x1c8 /opt/devkitpro/libctru/lib/libctru.a(console.o)
                0x00100e28                consoleDrawChar
 .text.consolePrintChar
                0x00100ff0      0x170 /opt/devkitpro/libctru/lib/libctru.a(console.o)
                0x00100ff0                consolePrintChar
 .text.con_write
                0x00101160      0xc40 /opt/devkitpro/libctru/lib/libctru.a(console.o)
                0x00101160                con_write
 .text.newRow   0x00101da0      0x110 /opt/devkitpro/libctru/lib/libctru.a(console.o)
 .text.consoleInit
                0x00101eb0      0x180 /opt/devkitpro/libctru/lib/libctru.a(console.o)
                0x00101eb0                consoleInit
 .text.gfxPresentFramebuffer
                0x00102030       0xcc /opt/devkitpro/libctru/lib/libctru.a(gfx.o)
 .text.gfxIsWide
                0x001020fc       0x1c /opt/devkitpro/libctru/lib/libctru.a(gfx.o)
                0x001020fc                gfxIsWide
 .text.gfxSetScreenFormat
                0x00102118       0xf8 /opt/devkitpro/libctru/lib/libctru.a(gfx.o)
                0x00102118                gfxSetScreenFormat
 .text.gfxSetDoubleBuffering
                0x00102210       0x10 /opt/devkitpro/libctru/lib/libctru.a(gfx.o)
                0x00102210                gfxSetDoubleBuffering
 .text.gfxInit  0x00102220       0xd8 /opt/devkitpro/libctru/lib/libctru.a(gfx.o)
                0x00102220                gfxInit
 .text.gfxInitDefault
                0x001022f8       0x10 /opt/devkitpro/libctru/lib/libctru.a(gfx.o)
                0x001022f8                gfxInitDefault
 .text.gfxExit  0x00102308       0xb8 /opt/devkitpro/libctru/lib/libctru.a(gfx.o)
                0x00102308                gfxExit
 .text.gfxGetFramebuffer
                0x001023c0       0xa0 /opt/devkitpro/libctru/lib/libctru.a(gfx.o)
                0x001023c0                gfxGetFramebuffer
 .text.gfxFlushBuffers
                0x00102460      0x100 /opt/devkitpro/libctru/lib/libctru.a(gfx.o)
                0x00102460                gfxFlushBuffers
 .text.gfxSwapBuffersGpu
                0x00102560       0x50 /opt/devkitpro/libctru/lib/libctru.a(gfx.o)
                0x00102560                gfxSwapBuffersGpu
 .text.aptConvertScreenForCapture
                0x001025b0      0x180 /opt/devkitpro/libctru/lib/libctru.a(apt.o)
 .text.aptDspSleep
                0x00102730        0x8 /opt/devkitpro/libctru/lib/libctru.a(apt.o)
                0x00102730                aptDspSleep
 .text.aptDspWakeup
                0x00102738        0x4 /opt/devkitpro/libctru/lib/libctru.a(apt.o)
                0x00102738                aptDspWakeup
 .text.aptDspCancel
                0x0010273c        0x4 /opt/devkitpro/libctru/lib/libctru.a(apt.o)
                0x0010273c                aptDspCancel
 .text.aptSendCommand
                0x00102740      0x138 /opt/devkitpro/libctru/lib/libctru.a(apt.o)
                0x00102740                aptSendCommand
 .text.aptExitProcess
                0x00102878       0x44 /opt/devkitpro/libctru/lib/libctru.a(apt.o)
 .text.aptExit  0x001028bc      0x394 /opt/devkitpro/libctru/lib/libctru.a(apt.o)
                0x001028bc                aptExit
 .text.aptHandleSleep
                0x00102c50       0xd8 /opt/devkitpro/libctru/lib/libctru.a(apt.o)
                0x00102c50                aptHandleSleep
 .text.APT_SleepIfShellClosed
                0x00102d28       0x84 /opt/devkitpro/libctru/lib/libctru.a(apt.o)
                0x00102d28                APT_SleepIfShellClosed
 .text.aptSetSleepAllowed
                0x00102dac       0x78 /opt/devkitpro/libctru/lib/libctru.a(apt.o)
                0x00102dac                aptSetSleepAllowed
 .text.APT_UnlockTransition
                0x00102e24       0x84 /opt/devkitpro/libctru/lib/libctru.a(apt.o)
                0x00102e24                APT_UnlockTransition
 .text.aptEventHandler
                0x00102ea8      0x470 /opt/devkitpro/libctru/lib/libctru.a(apt.o)
 .text.APT_ReceiveParameter
                0x00103318       0xbc /opt/devkitpro/libctru/lib/libctru.a(apt.o)
                0x00103318                APT_ReceiveParameter
 .text.aptReceiveParameter.constprop.0
                0x001033d4       0xb0 /opt/devkitpro/libctru/lib/libctru.a(apt.o)
 *fill*         0x00103484        0x4 
 .text.aptScreenTransfer
                0x00103488      0x294 /opt/devkitpro/libctru/lib/libctru.a(apt.o)
 .text.aptWaitForWakeUp.isra.0
                0x0010371c      0x2d0 /opt/devkitpro/libctru/lib/libctru.a(apt.o)
 .text.aptJumpToHomeMenu
                0x001039ec       0xf4 /opt/devkitpro/libctru/lib/libctru.a(apt.o)
                0x001039ec                aptJumpToHomeMenu
 .text.aptMainLoop
                0x00103ae0       0x58 /opt/devkitpro/libctru/lib/libctru.a(apt.o)
                0x00103ae0                aptMainLoop
 .text.aptInit  0x00103b38      0x240 /opt/devkitpro/libctru/lib/libctru.a(apt.o)
                0x00103b38                aptInit
 .text.APT_CheckNew3DS
                0x00103d78       0x90 /opt/devkitpro/libctru/lib/libctru.a(apt.o)
                0x00103d78                APT_CheckNew3DS
 .text.gspHardwareInit
                0x00103e08      0xc70 /opt/devkitpro/libctru/lib/libctru.a(gspgpu.o)
 .text.gspInit  0x00104a78      0x280 /opt/devkitpro/libctru/lib/libctru.a(gspgpu.o)
                0x00104a78                gspInit
 .text.gspExit  0x00104cf8      0x110 /opt/devkitpro/libctru/lib/libctru.a(gspgpu.o)
                0x00104cf8                gspExit
 .text.gspHasGpuRight
                0x00104e08       0x10 /opt/devkitpro/libctru/lib/libctru.a(gspgpu.o)
                0x00104e08                gspHasGpuRight
 .text.gspPresentBuffer
                0x00104e18       0xa4 /opt/devkitpro/libctru/lib/libctru.a(gspgpu.o)
                0x00104e18                gspPresentBuffer
 .text.gspWaitForEvent
                0x00104ebc       0x50 /opt/devkitpro/libctru/lib/libctru.a(gspgpu.o)
                0x00104ebc                gspWaitForEvent
 .text.gxCmdQueueInterrupt
                0x00104f0c        0x4 /opt/devkitpro/libctru/lib/libctru.a(gspgpu.o)
                0x00104f0c                gxCmdQueueInterrupt
 .text.gspEventThreadMain
                0x00104f10      0x154 /opt/devkitpro/libctru/lib/libctru.a(gspgpu.o)
 .text.GSPGPU_FlushDataCache
                0x00105064       0x50 /opt/devkitpro/libctru/lib/libctru.a(gspgpu.o)
                0x00105064                GSPGPU_FlushDataCache
 .text.GSPGPU_SetLcdForceBlack
                0x001050b4       0x34 /opt/devkitpro/libctru/lib/libctru.a(gspgpu.o)
                0x001050b4                GSPGPU_SetLcdForceBlack
 .text.GSPGPU_AcquireRight
                0x001050e8       0x80 /opt/devkitpro/libctru/lib/libctru.a(gspgpu.o)
                0x001050e8                GSPGPU_AcquireRight
 .text.GSPGPU_ReleaseRight
                0x00105168       0x5c /opt/devkitpro/libctru/lib/libctru.a(gspgpu.o)
                0x00105168                GSPGPU_ReleaseRight
 .text.GSPGPU_ImportDisplayCaptureInfo
                0x001051c4       0x7c /opt/devkitpro/libctru/lib/libctru.a(gspgpu.o)
                0x001051c4                GSPGPU_ImportDisplayCaptureInfo
 .text.GSPGPU_SaveVramSysArea
                0x00105240       0x2c /opt/devkitpro/libctru/lib/libctru.a(gspgpu.o)
                0x00105240                GSPGPU_SaveVramSysArea
 .text.GSPGPU_RestoreVramSysArea
                0x0010526c       0x2c /opt/devkitpro/libctru/lib/libctru.a(gspgpu.o)
                0x0010526c                GSPGPU_RestoreVramSysArea
 .text.hidShouldUseIrrst
                0x00105298       0x24 /opt/devkitpro/libctru/lib/libctru.a(hid.o)
                0x00105298                hidShouldUseIrrst
 .text.hidInit  0x001052bc      0x1cc /opt/devkitpro/libctru/lib/libctru.a(hid.o)
                0x001052bc                hidInit
 .text.hidExit  0x00105488       0xe8 /opt/devkitpro/libctru/lib/libctru.a(hid.o)
                0x00105488                hidExit
 .text.hidScanInput
                0x00105570      0x2a0 /opt/devkitpro/libctru/lib/libctru.a(hid.o)
                0x00105570                hidScanInput
 .text.hidKeysHeld
                0x00105810       0x10 /opt/devkitpro/libctru/lib/libctru.a(hid.o)
                0x00105810                hidKeysHeld
 .text.hidKeysDown
                0x00105820       0x10 /opt/devkitpro/libctru/lib/libctru.a(hid.o)
                0x00105820                hidKeysDown
 .text.irrstInit
                0x00105830      0x1a4 /opt/devkitpro/libctru/lib/libctru.a(irrst.o)
                0x00105830                irrstInit
 .text.irrstExit
                0x001059d4       0xdc /opt/devkitpro/libctru/lib/libctru.a(irrst.o)
                0x001059d4                irrstExit
 .text.irrstScanInput
                0x00105ab0       0xb4 /opt/devkitpro/libctru/lib/libctru.a(irrst.o)
                0x00105ab0                irrstScanInput
 .text.irrstKeysHeld
                0x00105b64       0x24 /opt/devkitpro/libctru/lib/libctru.a(irrst.o)
                0x00105b64                irrstKeysHeld
 .text.__libctru_init
                0x00105b88       0x38 /opt/devkitpro/libctru/lib/libctru.a(ctru_init.o)
                0x00105b88                __libctru_init
 .text.__system_initArgv
                0x00105bc0      0x16c /opt/devkitpro/libctru/lib/libctru.a(initArgv.o)
                0x00105bc0                __system_initArgv
 .text.__syscall_getreent
                0x00105d2c       0x30 /opt/devkitpro/libctru/lib/libctru.a(syscalls.o)
                0x00105d2c                __syscall_getreent
 .text.__syscall_gettod_r
                0x00105d5c       0x64 /opt/devkitpro/libctru/lib/libctru.a(syscalls.o)
                0x00105d5c                __syscall_gettod_r
 .text.__syscall_lock_acquire
                0x00105dc0        0x4 /opt/devkitpro/libctru/lib/libctru.a(syscalls.o)
                0x00105dc0                __syscall_lock_acquire
 .text.__syscall_lock_release
                0x00105dc4        0x4 /opt/devkitpro/libctru/lib/libctru.a(syscalls.o)
                0x00105dc4                __syscall_lock_release
 .text.__syscall_lock_acquire_recursive
                0x00105dc8        0x4 /opt/devkitpro/libctru/lib/libctru.a(syscalls.o)
                0x00105dc8                __syscall_lock_acquire_recursive
 .text.__syscall_lock_release_recursive
                0x00105dcc        0x4 /opt/devkitpro/libctru/lib/libctru.a(syscalls.o)
                0x00105dcc                __syscall_lock_release_recursive
 .text.__syscall_exit
                0x00105dd0        0x4 /opt/devkitpro/libctru/lib/libctru.a(syscalls.o)
                0x00105dd0                __syscall_exit
 .text.initThreadVars
                0x00105dd4       0x54 /opt/devkitpro/libctru/lib/libctru.a(syscalls.o)
                0x00105dd4                initThreadVars
 .text.__system_initSyscalls
                0x00105e28       0x80 /opt/devkitpro/libctru/lib/libctru.a(syscalls.o)
                0x00105e28                __system_initSyscalls
 .text.svcControlMemory
                0x00105ea8       0x20 /opt/devkitpro/libctru/lib/libctru.a(svc.o)
                0x00105ea8                svcControlMemory
 .text.svcQueryMemory
                0x00105ec8       0x30 /opt/devkitpro/libctru/lib/libctru.a(svc.o)
                0x00105ec8                svcQueryMemory
 .text.svcExitProcess
                0x00105ef8        0x8 /opt/devkitpro/libctru/lib/libctru.a(svc.o)
                0x00105ef8                svcExitProcess
 .text.svcCreateThread
                0x00105f00       0x20 /opt/devkitpro/libctru/lib/libctru.a(svc.o)
                0x00105f00                svcCreateThread
 .text.svcExitThread
                0x00105f20        0x8 /opt/devkitpro/libctru/lib/libctru.a(svc.o)
                0x00105f20                svcExitThread
 .text.svcSleepThread
                0x00105f28        0x8 /opt/devkitpro/libctru/lib/libctru.a(svc.o)
                0x00105f28                svcSleepThread
 .text.svcReleaseMutex
                0x00105f30        0x8 /opt/devkitpro/libctru/lib/libctru.a(svc.o)
                0x00105f30                svcReleaseMutex
 .text.svcCreateEvent
                0x00105f38       0x14 /opt/devkitpro/libctru/lib/libctru.a(svc.o)
                0x00105f38                svcCreateEvent
 .text.svcSignalEvent
                0x00105f4c        0x8 /opt/devkitpro/libctru/lib/libctru.a(svc.o)
                0x00105f4c                svcSignalEvent
 .text.svcClearEvent
                0x00105f54        0x8 /opt/devkitpro/libctru/lib/libctru.a(svc.o)
                0x00105f54                svcClearEvent
 .text.svcMapMemoryBlock
                0x00105f5c        0x8 /opt/devkitpro/libctru/lib/libctru.a(svc.o)
                0x00105f5c                svcMapMemoryBlock
 .text.svcUnmapMemoryBlock
                0x00105f64        0x8 /opt/devkitpro/libctru/lib/libctru.a(svc.o)
                0x00105f64                svcUnmapMemoryBlock
 .text.svcCreateAddressArbiter
                0x00105f6c       0x14 /opt/devkitpro/libctru/lib/libctru.a(svc.o)
                0x00105f6c                svcCreateAddressArbiter
 .text.svcArbitrateAddressNoTimeout
                0x00105f80        0x8 /opt/devkitpro/libctru/lib/libctru.a(svc.o)
                0x00105f80                svcArbitrateAddressNoTimeout
 .text.svcCloseHandle
                0x00105f88        0x8 /opt/devkitpro/libctru/lib/libctru.a(svc.o)
                0x00105f88                svcCloseHandle
 .text.svcWaitSynchronization
                0x00105f90        0x8 /opt/devkitpro/libctru/lib/libctru.a(svc.o)
                0x00105f90                svcWaitSynchronization
 .text.svcWaitSynchronizationN
                0x00105f98       0x28 /opt/devkitpro/libctru/lib/libctru.a(svc.o)
                0x00105f98                svcWaitSynchronizationN
 .text.svcDuplicateHandle
                0x00105fc0       0x14 /opt/devkitpro/libctru/lib/libctru.a(svc.o)
                0x00105fc0                svcDuplicateHandle
 .text.svcGetSystemTick
                0x00105fd4        0x8 /opt/devkitpro/libctru/lib/libctru.a(svc.o)
                0x00105fd4                svcGetSystemTick
 .text.svcConnectToPort
                0x00105fdc       0x14 /opt/devkitpro/libctru/lib/libctru.a(svc.o)
                0x00105fdc                svcConnectToPort
 .text.svcSendSyncRequest
                0x00105ff0        0x8 /opt/devkitpro/libctru/lib/libctru.a(svc.o)
                0x00105ff0                svcSendSyncRequest
 .text.svcGetResourceLimit
                0x00105ff8       0x14 /opt/devkitpro/libctru/lib/libctru.a(svc.o)
                0x00105ff8                svcGetResourceLimit
 .text.svcGetResourceLimitLimitValues
                0x0010600c        0x8 /opt/devkitpro/libctru/lib/libctru.a(svc.o)
                0x0010600c                svcGetResourceLimitLimitValues
 .text.svcGetResourceLimitCurrentValues
                0x00106014        0x8 /opt/devkitpro/libctru/lib/libctru.a(svc.o)
                0x00106014                svcGetResourceLimitCurrentValues
 .text.svcBreak
                0x0010601c        0x8 /opt/devkitpro/libctru/lib/libctru.a(svc.o)
                0x0010601c                svcBreak
 .text.initSystem
                0x00106024       0x50 /opt/devkitpro/libctru/lib/libctru.a(stack_adjust.o)
                0x00106024                initSystem
 .text.__ctru_exit
                0x00106074       0x14 /opt/devkitpro/libctru/lib/libctru.a(stack_adjust.o)
                0x00106074                __ctru_exit
 .text._ZL21addrMapNodeComparatorPK11rbtree_nodeS1_
                0x00106088       0x24 /opt/devkitpro/libctru/lib/libctru.a(linear.o)
 .text._ZL21addrMapNodeDestructorP11rbtree_node
                0x001060ac        0x4 /opt/devkitpro/libctru/lib/libctru.a(linear.o)
 .text.linearMemAlign
                0x001060b0      0x12c /opt/devkitpro/libctru/lib/libctru.a(linear.o)
                0x001060b0                linearMemAlign
 .text.linearAlloc
                0x001061dc        0x8 /opt/devkitpro/libctru/lib/libctru.a(linear.o)
                0x001061dc                linearAlloc
 .text.linearFree
                0x001061e4       0x5c /opt/devkitpro/libctru/lib/libctru.a(linear.o)
                0x001061e4                linearFree
 .text._ZN7MemPool13CoalesceRightEP8MemBlock
                0x00106240       0x88 /opt/devkitpro/libctru/lib/libctru.a(mem_pool.o)
                0x00106240                MemPool::CoalesceRight(MemBlock*)
 .text._ZN7MemPool8AllocateER8MemChunkmi
                0x001062c8      0x178 /opt/devkitpro/libctru/lib/libctru.a(mem_pool.o)
                0x001062c8                MemPool::Allocate(MemChunk&, unsigned long, int)
 .text._ZN7MemPool10DeallocateERK8MemChunk
                0x00106440      0x118 /opt/devkitpro/libctru/lib/libctru.a(mem_pool.o)
                0x00106440                MemPool::Deallocate(MemChunk const&)
 .text._ZN7MemPool12GetFreeSpaceEv
                0x00106558       0x30 /opt/devkitpro/libctru/lib/libctru.a(mem_pool.o)
                0x00106558                MemPool::GetFreeSpace()
 .text._ZL21addrMapNodeComparatorPK11rbtree_nodeS1_
                0x00106588       0x24 /opt/devkitpro/libctru/lib/libctru.a(vram.o)
 .text._ZL21addrMapNodeDestructorP11rbtree_node
                0x001065ac        0x4 /opt/devkitpro/libctru/lib/libctru.a(vram.o)
 .text.vramMemAlignAt
                0x001065b0      0x248 /opt/devkitpro/libctru/lib/libctru.a(vram.o)
                0x001065b0                vramMemAlignAt
 .text.vramAlloc
                0x001067f8        0xc /opt/devkitpro/libctru/lib/libctru.a(vram.o)
                0x001067f8                vramAlloc
 .text.vramFree
                0x00106804       0x94 /opt/devkitpro/libctru/lib/libctru.a(vram.o)
                0x00106804                vramFree
 .text.envGetHandle
                0x00106898       0x8c /opt/devkitpro/libctru/lib/libctru.a(env.o)
                0x00106898                envGetHandle
 .text.envDestroyHandles
                0x00106924       0x50 /opt/devkitpro/libctru/lib/libctru.a(env.o)
                0x00106924                envDestroyHandles
 .text.osGetTimeRef
                0x00106974       0x54 /opt/devkitpro/libctru/lib/libctru.a(os.o)
                0x00106974                osGetTimeRef
 .text.osGetTime
                0x001069c8       0xec /opt/devkitpro/libctru/lib/libctru.a(os.o)
                0x001069c8                osGetTime
 .text.__ctru_speedup_config
                0x00106ab4       0x34 /opt/devkitpro/libctru/lib/libctru.a(os.o)
                0x00106ab4                __ctru_speedup_config
 .text.srvInit  0x00106ae8      0x164 /opt/devkitpro/libctru/lib/libctru.a(srv.o)
                0x00106ae8                srvInit
 .text.srvExit  0x00106c4c       0x64 /opt/devkitpro/libctru/lib/libctru.a(srv.o)
                0x00106c4c                srvExit
 .text.srvEnableNotification
                0x00106cb0       0x60 /opt/devkitpro/libctru/lib/libctru.a(srv.o)
                0x00106cb0                srvEnableNotification
 .text.srvGetServiceHandleDirect
                0x00106d10       0xa0 /opt/devkitpro/libctru/lib/libctru.a(srv.o)
                0x00106d10                srvGetServiceHandleDirect
 .text.srvGetServiceHandle
                0x00106db0       0x48 /opt/devkitpro/libctru/lib/libctru.a(srv.o)
                0x00106db0                srvGetServiceHandle
 .text.srvSubscribe
                0x00106df8       0x34 /opt/devkitpro/libctru/lib/libctru.a(srv.o)
                0x00106df8                srvSubscribe
 .text.srvReceiveNotification
                0x00106e2c       0x60 /opt/devkitpro/libctru/lib/libctru.a(srv.o)
                0x00106e2c                srvReceiveNotification
 .text.srvPublishToSubscriber
                0x00106e8c       0x38 /opt/devkitpro/libctru/lib/libctru.a(srv.o)
                0x00106e8c                srvPublishToSubscriber
 .text.__sync_init
                0x00106ec4        0xc /opt/devkitpro/libctru/lib/libctru.a(synchronization.o)
                0x00106ec4                __sync_init
 .text.__sync_fini
                0x00106ed0       0x18 /opt/devkitpro/libctru/lib/libctru.a(synchronization.o)
                0x00106ed0                __sync_fini
 .text.syncArbitrateAddress
                0x00106ee8       0x28 /opt/devkitpro/libctru/lib/libctru.a(synchronization.o)
                0x00106ee8                syncArbitrateAddress
 .text.LightLock_Lock
                0x00106f10       0xac /opt/devkitpro/libctru/lib/libctru.a(synchronization.o)
                0x00106f10                LightLock_Lock
 .text.LightLock_Unlock
                0x00106fbc       0x40 /opt/devkitpro/libctru/lib/libctru.a(synchronization.o)
                0x00106fbc                LightLock_Unlock
 .text.RecursiveLock_Lock
                0x00106ffc       0x54 /opt/devkitpro/libctru/lib/libctru.a(synchronization.o)
                0x00106ffc                RecursiveLock_Lock
 .text.RecursiveLock_Unlock
                0x00107050       0x54 /opt/devkitpro/libctru/lib/libctru.a(synchronization.o)
                0x00107050                RecursiveLock_Unlock
 .text.LightEvent_Init
                0x001070a4       0x44 /opt/devkitpro/libctru/lib/libctru.a(synchronization.o)
                0x001070a4                LightEvent_Init
 .text.LightEvent_Clear
                0x001070e8       0xb8 /opt/devkitpro/libctru/lib/libctru.a(synchronization.o)
                0x001070e8                LightEvent_Clear
 .text.LightEvent_Signal
                0x001071a0       0xdc /opt/devkitpro/libctru/lib/libctru.a(synchronization.o)
                0x001071a0                LightEvent_Signal
 .text.LightEvent_TryWait
                0x0010727c       0x50 /opt/devkitpro/libctru/lib/libctru.a(synchronization.o)
                0x0010727c                LightEvent_TryWait
 .text.LightEvent_Wait
                0x001072cc       0xac /opt/devkitpro/libctru/lib/libctru.a(synchronization.o)
                0x001072cc                LightEvent_Wait
 .text.threadCreate
                0x00107378      0x1fc /opt/devkitpro/libctru/lib/libctru.a(thread.o)
                0x00107378                threadCreate
 .text.threadFree
                0x00107574       0x38 /opt/devkitpro/libctru/lib/libctru.a(thread.o)
                0x00107574                threadFree
 .text.threadJoin
                0x001075ac       0x24 /opt/devkitpro/libctru/lib/libctru.a(thread.o)
                0x001075ac                threadJoin
 .text.threadGetCurrent
                0x001075d0       0x30 /opt/devkitpro/libctru/lib/libctru.a(thread.o)
                0x001075d0                threadGetCurrent
 .text.threadExit
                0x00107600       0x40 /opt/devkitpro/libctru/lib/libctru.a(thread.o)
                0x00107600                threadExit
 .text._thread_begin
                0x00107640       0x20 /opt/devkitpro/libctru/lib/libctru.a(thread.o)
 .text.mappableFindAddressWithin
                0x00107660       0x90 /opt/devkitpro/libctru/lib/libctru.a(mappable.o)
 .text.mappableInit
                0x001076f0       0x28 /opt/devkitpro/libctru/lib/libctru.a(mappable.o)
                0x001076f0                mappableInit
 .text.mappableAlloc
                0x00107718       0x7c /opt/devkitpro/libctru/lib/libctru.a(mappable.o)
                0x00107718                mappableAlloc
 .text.mappableFree
                0x00107794        0x4 /opt/devkitpro/libctru/lib/libctru.a(mappable.o)
                0x00107794                mappableFree
 .text.ptmSysmInit
                0x00107798       0x78 /opt/devkitpro/libctru/lib/libctru.a(ptmsysm.o)
                0x00107798                ptmSysmInit
 .text.ptmSysmExit
                0x00107810       0x3c /opt/devkitpro/libctru/lib/libctru.a(ptmsysm.o)
                0x00107810                ptmSysmExit
 .text.PTMSYSM_ConfigureNew3DSCPU
                0x0010784c       0x34 /opt/devkitpro/libctru/lib/libctru.a(ptmsysm.o)
                0x0010784c                PTMSYSM_ConfigureNew3DSCPU
 .text.srvPmGetSessionHandle
                0x00107880        0xc /opt/devkitpro/libctru/lib/libctru.a(srvpm.o)
                0x00107880                srvPmGetSessionHandle
 .text.rbtree_find
                0x0010788c       0x74 /opt/devkitpro/libctru/lib/libctru.a(rbtree_find.o)
                0x0010788c                rbtree_find
 .text.rbtree_init
                0x00107900       0x10 /opt/devkitpro/libctru/lib/libctru.a(rbtree_init.o)
                0x00107900                rbtree_init
 .text.do_insert
                0x00107910      0x198 /opt/devkitpro/libctru/lib/libctru.a(rbtree_insert.o)
 .text.rbtree_insert
                0x00107aa8        0x8 /opt/devkitpro/libctru/lib/libctru.a(rbtree_insert.o)
                0x00107aa8                rbtree_insert
 .text.rbtree_remove
                0x00107ab0      0x310 /opt/devkitpro/libctru/lib/libctru.a(rbtree_remove.o)
                0x00107ab0                rbtree_remove
 .text.rbtree_rotate
                0x00107dc0       0x90 /opt/devkitpro/libctru/lib/libctru.a(rbtree_rotate.o)
                0x00107dc0                rbtree_rotate
 .text.__system_allocateHeaps
                0x00107e50      0x1e8 /opt/devkitpro/libctru/lib/libctru.a(allocateHeaps.o)
                0x00107e50                __system_allocateHeaps
 .text.__appExit
                0x00108038       0x30 /opt/devkitpro/libctru/lib/libctru.a(appExit.o)
                0x00108038                __appExit
 .text.__appInit
                0x00108068       0x30 /opt/devkitpro/libctru/lib/libctru.a(appInit.o)
                0x00108068                __appInit
 .text.__libctru_exit
                0x00108098       0x90 /opt/devkitpro/libctru/lib/libctru.a(ctru_exit.o)
                0x00108098                __libctru_exit
 .text.archive_link
                0x00108128       0x14 /opt/devkitpro/libctru/lib/libctru.a(archive_dev.o)
 .text.archive_dirreset
                0x0010813c       0x14 /opt/devkitpro/libctru/lib/libctru.a(archive_dev.o)
 .text.archive_chmod
                0x00108150       0x14 /opt/devkitpro/libctru/lib/libctru.a(archive_dev.o)
 .text.error_cmp
                0x00108164       0x24 /opt/devkitpro/libctru/lib/libctru.a(archive_dev.o)
 .text.archive_translate_error
                0x00108188       0x50 /opt/devkitpro/libctru/lib/libctru.a(archive_dev.o)
 .text.archive_seek
                0x001081d8       0xc0 /opt/devkitpro/libctru/lib/libctru.a(archive_dev.o)
 .text._archiveInit.part.0
                0x00108298       0x78 /opt/devkitpro/libctru/lib/libctru.a(archive_dev.o)
 .text.archiveFindDevice.part.0
                0x00108310       0xd4 /opt/devkitpro/libctru/lib/libctru.a(archive_dev.o)
 .text.archive_utf16path
                0x001083e4      0x298 /opt/devkitpro/libctru/lib/libctru.a(archive_dev.o)
 .text._archiveUnmountDeviceStruct.part.0
                0x0010867c       0x98 /opt/devkitpro/libctru/lib/libctru.a(archive_dev.o)
 .text.archive_statvfs
                0x00108714       0x14 /opt/devkitpro/libctru/lib/libctru.a(archive_dev.o)
 .text.archive_fchmod
                0x00108728       0x14 /opt/devkitpro/libctru/lib/libctru.a(archive_dev.o)
 .text._archiveMountDevice
                0x0010873c      0x178 /opt/devkitpro/libctru/lib/libctru.a(archive_dev.o)
 .text.archive_diropen
                0x001088b4       0xf8 /opt/devkitpro/libctru/lib/libctru.a(archive_dev.o)
 .text.archive_fstat
                0x001089ac       0xac /opt/devkitpro/libctru/lib/libctru.a(archive_dev.o)
 .text.archive_fsync
                0x00108a58       0x74 /opt/devkitpro/libctru/lib/libctru.a(archive_dev.o)
 .text.archive_close
                0x00108acc       0x74 /opt/devkitpro/libctru/lib/libctru.a(archive_dev.o)
 .text.archive_dirclose
                0x00108b40       0x78 /opt/devkitpro/libctru/lib/libctru.a(archive_dev.o)
 .text.sdmc_statvfs
                0x00108bb8       0xec /opt/devkitpro/libctru/lib/libctru.a(archive_dev.o)
 .text.archive_chdir
                0x00108ca4       0xf8 /opt/devkitpro/libctru/lib/libctru.a(archive_dev.o)
 .text.archive_ftruncate
                0x00108d9c       0x8c /opt/devkitpro/libctru/lib/libctru.a(archive_dev.o)
 .text.archive_read
                0x00108e28       0xbc /opt/devkitpro/libctru/lib/libctru.a(archive_dev.o)
 .text.archive_unlink
                0x00108ee4       0xa8 /opt/devkitpro/libctru/lib/libctru.a(archive_dev.o)
 .text.archive_rmdir
                0x00108f8c       0xc0 /opt/devkitpro/libctru/lib/libctru.a(archive_dev.o)
 .text.archive_mkdir
                0x0010904c       0xd8 /opt/devkitpro/libctru/lib/libctru.a(archive_dev.o)
 .text.archive_stat
                0x00109124      0x1a0 /opt/devkitpro/libctru/lib/libctru.a(archive_dev.o)
 .text.archive_dirnext
                0x001092c4      0x164 /opt/devkitpro/libctru/lib/libctru.a(archive_dev.o)
 .text.archive_write
                0x00109428      0x13c /opt/devkitpro/libctru/lib/libctru.a(archive_dev.o)
 *fill*         0x00109564        0x4 
 .text.archive_open
                0x00109568      0x254 /opt/devkitpro/libctru/lib/libctru.a(archive_dev.o)
 .text.archive_rename
                0x001097bc      0x270 /opt/devkitpro/libctru/lib/libctru.a(archive_dev.o)
 .text.archiveMountSdmc
                0x00109a2c      0x1c8 /opt/devkitpro/libctru/lib/libctru.a(archive_dev.o)
                0x00109a2c                archiveMountSdmc
 .text.archiveUnmountAll
                0x00109bf4       0x54 /opt/devkitpro/libctru/lib/libctru.a(archive_dev.o)
                0x00109bf4                archiveUnmountAll
 .text.fsInit   0x00109c48      0x104 /opt/devkitpro/libctru/lib/libctru.a(fs.o)
                0x00109c48                fsInit
 .text.fsExit   0x00109d4c       0x3c /opt/devkitpro/libctru/lib/libctru.a(fs.o)
                0x00109d4c                fsExit
 .text.fsExemptFromSession
                0x00109d88       0x68 /opt/devkitpro/libctru/lib/libctru.a(fs.o)
                0x00109d88                fsExemptFromSession
 .text.fsUnexemptFromSession
                0x00109df0       0x50 /opt/devkitpro/libctru/lib/libctru.a(fs.o)
                0x00109df0                fsUnexemptFromSession
 .text.FSUSER_OpenFile
                0x00109e40       0xcc /opt/devkitpro/libctru/lib/libctru.a(fs.o)
                0x00109e40                FSUSER_OpenFile
 .text.FSUSER_DeleteFile
                0x00109f0c       0xb8 /opt/devkitpro/libctru/lib/libctru.a(fs.o)
                0x00109f0c                FSUSER_DeleteFile
 .text.FSUSER_RenameFile
                0x00109fc4       0xf4 /opt/devkitpro/libctru/lib/libctru.a(fs.o)
                0x00109fc4                FSUSER_RenameFile
 .text.FSUSER_DeleteDirectory
                0x0010a0b8       0xb8 /opt/devkitpro/libctru/lib/libctru.a(fs.o)
                0x0010a0b8                FSUSER_DeleteDirectory
 .text.FSUSER_CreateFile
                0x0010a170       0xd0 /opt/devkitpro/libctru/lib/libctru.a(fs.o)
                0x0010a170                FSUSER_CreateFile
 .text.FSUSER_CreateDirectory
                0x0010a240       0xc0 /opt/devkitpro/libctru/lib/libctru.a(fs.o)
                0x0010a240                FSUSER_CreateDirectory
 .text.FSUSER_RenameDirectory
                0x0010a300       0xf4 /opt/devkitpro/libctru/lib/libctru.a(fs.o)
                0x0010a300                FSUSER_RenameDirectory
 .text.FSUSER_OpenDirectory
                0x0010a3f4       0xb4 /opt/devkitpro/libctru/lib/libctru.a(fs.o)
                0x0010a3f4                FSUSER_OpenDirectory
 .text.FSUSER_OpenArchive
                0x0010a4a8       0x90 /opt/devkitpro/libctru/lib/libctru.a(fs.o)
                0x0010a4a8                FSUSER_OpenArchive
 .text.FSUSER_CloseArchive
                0x0010a538       0x8c /opt/devkitpro/libctru/lib/libctru.a(fs.o)
                0x0010a538                FSUSER_CloseArchive
 .text.FSUSER_GetSdmcArchiveResource
                0x0010a5c4       0x74 /opt/devkitpro/libctru/lib/libctru.a(fs.o)
                0x0010a5c4                FSUSER_GetSdmcArchiveResource
 .text.FSUSER_IsSdmcWritable
                0x0010a638       0x64 /opt/devkitpro/libctru/lib/libctru.a(fs.o)
                0x0010a638                FSUSER_IsSdmcWritable
 .text.FSFILE_Read
                0x0010a69c       0x64 /opt/devkitpro/libctru/lib/libctru.a(fs.o)
                0x0010a69c                FSFILE_Read
 .text.FSFILE_Write
                0x0010a700       0x6c /opt/devkitpro/libctru/lib/libctru.a(fs.o)
                0x0010a700                FSFILE_Write
 .text.FSFILE_GetSize
                0x0010a76c       0x44 /opt/devkitpro/libctru/lib/libctru.a(fs.o)
                0x0010a76c                FSFILE_GetSize
 .text.FSFILE_SetSize
                0x0010a7b0       0x28 /opt/devkitpro/libctru/lib/libctru.a(fs.o)
                0x0010a7b0                FSFILE_SetSize
 .text.FSFILE_Close
                0x0010a7d8       0x3c /opt/devkitpro/libctru/lib/libctru.a(fs.o)
                0x0010a7d8                FSFILE_Close
 .text.FSFILE_Flush
                0x0010a814       0x24 /opt/devkitpro/libctru/lib/libctru.a(fs.o)
                0x0010a814                FSFILE_Flush
 .text.FSDIR_Read
                0x0010a838       0x60 /opt/devkitpro/libctru/lib/libctru.a(fs.o)
                0x0010a838                FSDIR_Read
 .text.FSDIR_Close
                0x0010a898       0x3c /opt/devkitpro/libctru/lib/libctru.a(fs.o)
                0x0010a898                FSDIR_Close
 .text.rbtree_node_next
                0x0010a8d4       0x60 /opt/devkitpro/libctru/lib/libctru.a(rbtree_iterator.o)
                0x0010a8d4                rbtree_node_next
 .text.decode_utf8
                0x0010a934      0x140 /opt/devkitpro/libctru/lib/libctru.a(decode_utf8.o)
                0x0010a934                decode_utf8
 .text.utf16_to_utf8
                0x0010aa74       0xe8 /opt/devkitpro/libctru/lib/libctru.a(utf16_to_utf8.o)
                0x0010aa74                utf16_to_utf8
 .text.utf8_to_utf16
                0x0010ab5c       0xc0 /opt/devkitpro/libctru/lib/libctru.a(utf8_to_utf16.o)
                0x0010ab5c                utf8_to_utf16
 .text.__aeabi_read_tp
                0x0010ac1c        0xc /opt/devkitpro/libctru/lib/libctru.a(readtp.o)
                0x0010ac1c                __aeabi_read_tp
 .text.decode_utf16
                0x0010ac28       0x54 /opt/devkitpro/libctru/lib/libctru.a(decode_utf16.o)
                0x0010ac28                decode_utf16
 .text.encode_utf16
                0x0010ac7c       0x54 /opt/devkitpro/libctru/lib/libctru.a(encode_utf16.o)
                0x0010ac7c                encode_utf16
 .text.encode_utf8
                0x0010acd0       0xe0 /opt/devkitpro/libctru/lib/libctru.a(encode_utf8.o)
                0x0010acd0                encode_utf8
 .text.__udivmoddi4
                0x0010adb0      0x130 /opt/devkitpro/devkitARM/bin/../lib/gcc/arm-none-eabi/15.1.0/armv6k/fpu/libgcc.a(_udivmoddi4.o)
                0x0010adb0                __udivmoddi4
 .text.strncmp  0x0010aee0       0xd8 /opt/devkitpro/devkitARM/bin/../lib/gcc/arm-none-eabi/15.1.0/../../../../arm-none-eabi/lib/armv6k/fpu/libg.a(libc_a-strncmp.o)
                0x0010aee0                strncmp
 .text.srand    0x0010afb8       0x1c /opt/devkitpro/devkitARM/bin/../lib/gcc/arm-none-eabi/15.1.0/../../../../arm-none-eabi/lib/armv6k/fpu/libg.a(libc_a-rand.o)
                0x0010afb8                srand
 .text.rand     0x0010afd4       0x44 /opt/devkitpro/devkitARM/bin/../lib/gcc/arm-none-eabi/15.1.0/../../../../arm-none-eabi/lib/armv6k/fpu/libg.a(libc_a-rand.o)
                0x0010afd4                rand
 .text.strlen   0x0010b018       0x8c /opt/devkitpro/devkitARM/bin/../lib/gcc/arm-none-eabi/15.1.0/../../../../arm-none-eabi/lib/armv6k/fpu/libg.a(libc_a-strlen.o)
                0x0010b018                strlen
 .text.stdio_exit_handler
                0x0010b0a4       0x1c /opt/devkitpro/devkitARM/bin/../lib/gcc/arm-none-eabi/15.1.0/../../../../arm-none-eabi/lib/armv6k/fpu/libg.a(libc_a-findfp.o)
 .text.cleanup_stdio
                0x0010b0c0       0x5c /opt/devkitpro/devkitARM/bin/../lib/gcc/arm-none-eabi/15.1.0/../../../../arm-none-eabi/lib/armv6k/fpu/libg.a(libc_a-findfp.o)
 .text.global_stdio_init.part.0
                0x0010b11c      0x154 /opt/devkitpro/devkitARM/bin/../lib/gcc/arm-none-eabi/15.1.0/../../../../arm-none-eabi/lib/armv6k/fpu/libg.a(libc_a-findfp.o)
 .text.__sinit  0x0010b270       0x5c /opt/devkitpro/devkitARM/bin/../lib/gcc/arm-none-eabi/15.1.0/../../../../arm-none-eabi/lib/armv6k/fpu/libg.a(libc_a-findfp.o)
                0x0010b270                __sinit
 .text.__sfp_lock_acquire
                0x0010b2cc        0xc /opt/devkitpro/devkitARM/bin/../lib/gcc/arm-none-eabi/15.1.0/../../../../arm-none-eabi/lib/armv6k/fpu/libg.a(libc_a-findfp.o)
                0x0010b2cc                __sfp_lock_acquire
 .text.__sfp_lock_release
                0x0010b2d8        0xc /opt/devkitpro/devkitARM/bin/../lib/gcc/arm-none-eabi/15.1.0/../../../../arm-none-eabi/lib/armv6k/fpu/libg.a(libc_a-findfp.o)
                0x0010b2d8                __sfp_lock_release
 .text._strtoul_l.isra.0
                0x0010b2e4      0x1ec /opt/devkitpro/devkitARM/bin/../lib/gcc/arm-none-eabi/15.1.0/../../../../arm-none-eabi/lib/armv6k/fpu/libg.a(libc_a-strtoul.o)
 .text.strtoul  0x0010b4d0       0x3c /opt/devkitpro/devkitARM/bin/../lib/gcc/arm-none-eabi/15.1.0/../../../../arm-none-eabi/lib/armv6k/fpu/libg.a(libc_a-strtoul.o)
                0x0010b4d0                strtoul
 .text.__libc_init_array
                0x0010b50c       0x84 /opt/devkitpro/devkitARM/bin/../lib/gcc/arm-none-eabi/15.1.0/../../../../arm-none-eabi/lib/armv6k/fpu/libg.a(libc_a-init.o)
                0x0010b50c                __libc_init_array
 .text.strncat  0x0010b590       0x9c /opt/devkitpro/devkitARM/bin/../lib/gcc/arm-none-eabi/15.1.0/../../../../arm-none-eabi/lib/armv6k/fpu/libg.a(libc_a-strncat.o)
                0x0010b590                strncat
 .text._fwalk_sglue
                0x0010b62c       0x70 /opt/devkitpro/devkitARM/bin/../lib/gcc/arm-none-eabi/15.1.0/../../../../arm-none-eabi/lib/armv6k/fpu/libg.a(libc_a-fwalk.o)
                0x0010b62c                _fwalk_sglue
 .text.bsearch  0x0010b69c       0x78 /opt/devkitpro/devkitARM/bin/../lib/gcc/arm-none-eabi/15.1.0/../../../../arm-none-eabi/lib/armv6k/fpu/libg.a(libc_a-bsearch.o)
                0x0010b69c                bsearch
 .text.__errno  0x0010b714        0xc /opt/devkitpro/devkitARM/bin/../lib/gcc/arm-none-eabi/15.1.0/../../../../arm-none-eabi/lib/armv6k/fpu/libg.a(libc_a-errno.o)
                0x0010b714                __errno
 .text.memalign
                0x0010b720       0x28 /opt/devkitpro/devkitARM/bin/../lib/gcc/arm-none-eabi/15.1.0/../../../../arm-none-eabi/lib/armv6k/fpu/libg.a(libc_a-malign.o)
                0x0010b720                memalign
 .text._malloc_r
                0x0010b748      0x82c /opt/devkitpro/devkitARM/bin/../lib/gcc/arm-none-eabi/15.1.0/../../../../arm-none-eabi/lib/armv6k/fpu/libg.a(libc_a-mallocr.o)
                0x0010b748                _malloc_r
 .text._malloc_trim_r
                0x0010bf74      0x114 /opt/devkitpro/devkitARM/bin/../lib/gcc/arm-none-eabi/15.1.0/../../../../arm-none-eabi/lib/armv6k/fpu/libg.a(libc_a-freer.o)
                0x0010bf74                _malloc_trim_r
 .text._free_r  0x0010c088      0x314 /opt/devkitpro/devkitARM/bin/../lib/gcc/arm-none-eabi/15.1.0/../../../../arm-none-eabi/lib/armv6k/fpu/libg.a(libc_a-freer.o)
                0x0010c088                _free_r
 .text.printf   0x0010c39c       0x34 /opt/devkitpro/devkitARM/bin/../lib/gcc/arm-none-eabi/15.1.0/../../../../arm-none-eabi/lib/armv6k/fpu/libg.a(libc_a-printf.o)
                0x0010c39c                printf
 .text.strnlen  0x0010c3d0       0x3c /opt/devkitpro/devkitARM/bin/../lib/gcc/arm-none-eabi/15.1.0/../../../../arm-none-eabi/lib/armv6k/fpu/libg.a(libc_a-strnlen.o)
                0x0010c3d0                strnlen
 .text.malloc   0x0010c40c       0x40 /opt/devkitpro/devkitARM/bin/../lib/gcc/arm-none-eabi/15.1.0/../../../../arm-none-eabi/lib/armv6k/fpu/libg.a(libc_a-malloc.o)
                0x0010c40c                malloc
 .text.free     0x0010c44c       0x20 /opt/devkitpro/devkitARM/bin/../lib/gcc/arm-none-eabi/15.1.0/../../../../arm-none-eabi/lib/armv6k/fpu/libg.a(libc_a-malloc.o)
                0x0010c44c                free
 .text.__sflush_r
                0x0010c46c      0x22c /opt/devkitpro/devkitARM/bin/../lib/gcc/arm-none-eabi/15.1.0/../../../../arm-none-eabi/lib/armv6k/fpu/libg.a(libc_a-fflush.o)
                0x0010c46c                __sflush_r
 .text._fflush_r
                0x0010c698       0xc4 /opt/devkitpro/devkitARM/bin/../lib/gcc/arm-none-eabi/15.1.0/../../../../arm-none-eabi/lib/armv6k/fpu/libg.a(libc_a-fflush.o)
                0x0010c698                _fflush_r
 .text.time     0x0010c75c       0x48 /opt/devkitpro/devkitARM/bin/../lib/gcc/arm-none-eabi/15.1.0/../../../../arm-none-eabi/lib/armv6k/fpu/libg.a(libc_a-time.o)
                0x0010c75c                time
 .text.memset   0x0010c7a4       0xe4 /opt/devkitpro/devkitARM/bin/../lib/gcc/arm-none-eabi/15.1.0/../../../../arm-none-eabi/lib/armv6k/fpu/libg.a(libc_a-memset.o)
                0x0010c7a4                memset
 .text.__malloc_lock
                0x0010c888        0xc /opt/devkitpro/devkitARM/bin/../lib/gcc/arm-none-eabi/15.1.0/../../../../arm-none-eabi/lib/armv6k/fpu/libg.a(libc_a-mlock.o)
                0x0010c888                __malloc_lock
 .text.__malloc_unlock
                0x0010c894        0xc /opt/devkitpro/devkitARM/bin/../lib/gcc/arm-none-eabi/15.1.0/../../../../arm-none-eabi/lib/armv6k/fpu/libg.a(libc_a-mlock.o)
                0x0010c894                __malloc_unlock
 .text.__call_exitprocs
                0x0010c8a0        0x4 /opt/devkitpro/devkitARM/bin/../lib/gcc/arm-none-eabi/15.1.0/../../../../arm-none-eabi/lib/armv6k/fpu/libg.a(libc_a-exit.o)
                0x0010c8a0                __call_exitprocs
 .text.exit     0x0010c8a4       0x30 /opt/devkitpro/devkitARM/bin/../lib/gcc/arm-none-eabi/15.1.0/../../../../arm-none-eabi/lib/armv6k/fpu/libg.a(libc_a-exit.o)
                0x0010c8a4                exit
 .text.setvbuf  0x0010c8d4      0x294 /opt/devkitpro/devkitARM/bin/../lib/gcc/arm-none-eabi/15.1.0/../../../../arm-none-eabi/lib/armv6k/fpu/libg.a(libc_a-setvbuf.o)
                0x0010c8d4                setvbuf
 .text.strncpy  0x0010cb68       0xd4 /opt/devkitpro/devkitARM/bin/../lib/gcc/arm-none-eabi/15.1.0/../../../../arm-none-eabi/lib/armv6k/fpu/libg.a(libc_a-strncpy.o)
                0x0010cb68                strncpy
 .text.memcpy   0x0010cc3c      0x12c /opt/devkitpro/devkitARM/bin/../lib/gcc/arm-none-eabi/15.1.0/../../../../arm-none-eabi/lib/armv6k/fpu/libg.a(libc_a-memcpy-stub.o)
                0x0010cc3c                memcpy
 .text.__sread  0x0010cd68       0x44 /opt/devkitpro/devkitARM/bin/../lib/gcc/arm-none-eabi/15.1.0/../../../../arm-none-eabi/lib/armv6k/fpu/libg.a(libc_a-stdio.o)
                0x0010cd68                __sread
 .text.__swrite
                0x0010cdac       0x68 /opt/devkitpro/devkitARM/bin/../lib/gcc/arm-none-eabi/15.1.0/../../../../arm-none-eabi/lib/armv6k/fpu/libg.a(libc_a-stdio.o)
                0x0010cdac                __swrite
 .text.__sseek  0x0010ce14       0x40 /opt/devkitpro/devkitARM/bin/../lib/gcc/arm-none-eabi/15.1.0/../../../../arm-none-eabi/lib/armv6k/fpu/libg.a(libc_a-stdio.o)
                0x0010ce14                __sseek
 .text.__sclose
                0x0010ce54        0x8 /opt/devkitpro/devkitARM/bin/../lib/gcc/arm-none-eabi/15.1.0/../../../../arm-none-eabi/lib/armv6k/fpu/libg.a(libc_a-stdio.o)
                0x0010ce54                __sclose
 .text._fclose_r
                0x0010ce5c      0x144 /opt/devkitpro/devkitARM/bin/../lib/gcc/arm-none-eabi/15.1.0/../../../../arm-none-eabi/lib/armv6k/fpu/libg.a(libc_a-fclose.o)
                0x0010ce5c                _fclose_r
 .text._memalign_r
                0x0010cfa0      0x16c /opt/devkitpro/devkitARM/bin/../lib/gcc/arm-none-eabi/15.1.0/../../../../arm-none-eabi/lib/armv6k/fpu/libg.a(libc_a-malignr.o)
                0x0010cfa0                _memalign_r
 .text.get_arg  0x0010d10c      0x5e0 /opt/devkitpro/devkitARM/bin/../lib/gcc/arm-none-eabi/15.1.0/../../../../arm-none-eabi/lib/armv6k/fpu/libg.a(libc_a-vfprintf.o)
 *fill*         0x0010d6ec        0x4 
 .text._vfprintf_r
                0x0010d6f0     0x3554 /opt/devkitpro/devkitARM/bin/../lib/gcc/arm-none-eabi/15.1.0/../../../../arm-none-eabi/lib/armv6k/fpu/libg.a(libc_a-vfprintf.o)
                0x0010d6f0                _vfprintf_r
 .text.__sbprintf
                0x00110c44       0xb4 /opt/devkitpro/devkitARM/bin/../lib/gcc/arm-none-eabi/15.1.0/../../../../arm-none-eabi/lib/armv6k/fpu/libg.a(libc_a-vfprintf.o)
 .text.memchr   0x00110cf8       0xe8 /opt/devkitpro/devkitARM/bin/../lib/gcc/arm-none-eabi/15.1.0/../../../../arm-none-eabi/lib/armv6k/fpu/libg.a(libc_a-memchr-stub.o)
                0x00110cf8                memchr
 .text.quorem   0x00110de0      0x1c0 /opt/devkitpro/devkitARM/bin/../lib/gcc/arm-none-eabi/15.1.0/../../../../arm-none-eabi/lib/armv6k/fpu/libg.a(libc_a-dtoa.o)
 .text._dtoa_r  0x00110fa0     0x13f0 /opt/devkitpro/devkitARM/bin/../lib/gcc/arm-none-eabi/15.1.0/../../../../arm-none-eabi/lib/armv6k/fpu/libg.a(libc_a-dtoa.o)
                0x00110fa0                _dtoa_r
 .text._wcrtomb_r
                0x00112390       0xa0 /opt/devkitpro/devkitARM/bin/../lib/gcc/arm-none-eabi/15.1.0/../../../../arm-none-eabi/lib/armv6k/fpu/libg.a(libc_a-wcrtomb.o)
                0x00112390                _wcrtomb_r
 .text.__libc_fini_array
                0x00112430       0x3c /opt/devkitpro/devkitARM/bin/../lib/gcc/arm-none-eabi/15.1.0/../../../../arm-none-eabi/lib/armv6k/fpu/libg.a(libc_a-fini.o)
                0x00112430                __libc_fini_array
 .text.__smakebuf_r
                0x0011246c      0x164 /opt/devkitpro/devkitARM/bin/../lib/gcc/arm-none-eabi/15.1.0/../../../../arm-none-eabi/lib/armv6k/fpu/libg.a(libc_a-makebuf.o)
                0x0011246c                __smakebuf_r
 .text.__swhatbuf_r
                0x001125d0       0x90 /opt/devkitpro/devkitARM/bin/../lib/gcc/arm-none-eabi/15.1.0/../../../../arm-none-eabi/lib/armv6k/fpu/libg.a(libc_a-makebuf.o)
                0x001125d0                __swhatbuf_r
 .text._wcsrtombs_r
                0x00112660       0x28 /opt/devkitpro/devkitARM/bin/../lib/gcc/arm-none-eabi/15.1.0/../../../../arm-none-eabi/lib/armv6k/fpu/libg.a(libc_a-wcsrtombs.o)
                0x00112660                _wcsrtombs_r
 .text.__swsetup_r
                0x00112688      0x140 /opt/devkitpro/devkitARM/bin/../lib/gcc/arm-none-eabi/15.1.0/../../../../arm-none-eabi/lib/armv6k/fpu/libg.a(libc_a-wsetup.o)
                0x00112688                __swsetup_r
 .text.frexp    0x001127c8       0x88 /opt/devkitpro/devkitARM/bin/../lib/gcc/arm-none-eabi/15.1.0/../../../../arm-none-eabi/lib/armv6k/fpu/libg.a(libm_a-s_frexp.o)
                0x001127c8                frexp
 .text.__assert_func
                0x00112850       0x5c /opt/devkitpro/devkitARM/bin/../lib/gcc/arm-none-eabi/15.1.0/../../../../arm-none-eabi/lib/armv6k/fpu/libg.a(libc_a-assert.o)
                0x00112850                __assert_func
 .text._Balloc  0x001128ac       0x88 /opt/devkitpro/devkitARM/bin/../lib/gcc/arm-none-eabi/15.1.0/../../../../arm-none-eabi/lib/armv6k/fpu/libg.a(libc_a-mprec.o)
                0x001128ac                _Balloc
 .text._Bfree   0x00112934       0x1c /opt/devkitpro/devkitARM/bin/../lib/gcc/arm-none-eabi/15.1.0/../../../../arm-none-eabi/lib/armv6k/fpu/libg.a(libc_a-mprec.o)
                0x00112934                _Bfree
 .text.__multadd
                0x00112950       0xf4 /opt/devkitpro/devkitARM/bin/../lib/gcc/arm-none-eabi/15.1.0/../../../../arm-none-eabi/lib/armv6k/fpu/libg.a(libc_a-mprec.o)
                0x00112950                __multadd
 .text.__hi0bits
                0x00112a44       0x80 /opt/devkitpro/devkitARM/bin/../lib/gcc/arm-none-eabi/15.1.0/../../../../arm-none-eabi/lib/armv6k/fpu/libg.a(libc_a-mprec.o)
                0x00112a44                __hi0bits
 .text.__lo0bits
                0x00112ac4       0xf0 /opt/devkitpro/devkitARM/bin/../lib/gcc/arm-none-eabi/15.1.0/../../../../arm-none-eabi/lib/armv6k/fpu/libg.a(libc_a-mprec.o)
                0x00112ac4                __lo0bits
 .text.__i2b    0x00112bb4       0xa4 /opt/devkitpro/devkitARM/bin/../lib/gcc/arm-none-eabi/15.1.0/../../../../arm-none-eabi/lib/armv6k/fpu/libg.a(libc_a-mprec.o)
                0x00112bb4                __i2b
 .text.__multiply
                0x00112c58      0x230 /opt/devkitpro/devkitARM/bin/../lib/gcc/arm-none-eabi/15.1.0/../../../../arm-none-eabi/lib/armv6k/fpu/libg.a(libc_a-mprec.o)
                0x00112c58                __multiply
 .text.__pow5mult
                0x00112e88      0x130 /opt/devkitpro/devkitARM/bin/../lib/gcc/arm-none-eabi/15.1.0/../../../../arm-none-eabi/lib/armv6k/fpu/libg.a(libc_a-mprec.o)
                0x00112e88                __pow5mult
 .text.__lshift
                0x00112fb8      0x138 /opt/devkitpro/devkitARM/bin/../lib/gcc/arm-none-eabi/15.1.0/../../../../arm-none-eabi/lib/armv6k/fpu/libg.a(libc_a-mprec.o)
                0x00112fb8                __lshift
 .text.__mcmp   0x001130f0       0x58 /opt/devkitpro/devkitARM/bin/../lib/gcc/arm-none-eabi/15.1.0/../../../../arm-none-eabi/lib/armv6k/fpu/libg.a(libc_a-mprec.o)
                0x001130f0                __mcmp
 .text.__mdiff  0x00113148      0x218 /opt/devkitpro/devkitARM/bin/../lib/gcc/arm-none-eabi/15.1.0/../../../../arm-none-eabi/lib/armv6k/fpu/libg.a(libc_a-mprec.o)
                0x00113148                __mdiff
 .text.__d2b    0x00113360      0x120 /opt/devkitpro/devkitARM/bin/../lib/gcc/arm-none-eabi/15.1.0/../../../../arm-none-eabi/lib/armv6k/fpu/libg.a(libc_a-mprec.o)
                0x00113360                __d2b
 .text.__locale_mb_cur_max
                0x00113480       0x24 /opt/devkitpro/devkitARM/bin/../lib/gcc/arm-none-eabi/15.1.0/../../../../arm-none-eabi/lib/armv6k/fpu/libg.a(libc_a-locale.o)
                0x00113480                __locale_mb_cur_max
 .text.fiprintf
                0x001134a4       0x3c /opt/devkitpro/devkitARM/bin/../lib/gcc/arm-none-eabi/15.1.0/../../../../arm-none-eabi/lib/armv6k/fpu/libg.a(libc_a-fiprintf.o)
                0x001134a4                fiprintf
 .text._wcsnrtombs_l
                0x001134e0      0x15c /opt/devkitpro/devkitARM/bin/../lib/gcc/arm-none-eabi/15.1.0/../../../../arm-none-eabi/lib/armv6k/fpu/libg.a(libc_a-wcsnrtombs.o)
                0x001134e0                _wcsnrtombs_l
 .text._wcsnrtombs_r
                0x0011363c       0x64 /opt/devkitpro/devkitARM/bin/../lib/gcc/arm-none-eabi/15.1.0/../../../../arm-none-eabi/lib/armv6k/fpu/libg.a(libc_a-wcsnrtombs.o)
                0x0011363c                _wcsnrtombs_r
 .text.__utf8_mbtowc
                0x001136a0      0x340 /opt/devkitpro/devkitARM/bin/../lib/gcc/arm-none-eabi/15.1.0/../../../../arm-none-eabi/lib/armv6k/fpu/libg.a(libc_a-mbtowc_r.o)
                0x001136a0                __utf8_mbtowc
 .text.__sprint_r
                0x001139e0       0x30 /opt/devkitpro/devkitARM/bin/../lib/gcc/arm-none-eabi/15.1.0/../../../../arm-none-eabi/lib/armv6k/fpu/libg.a(libc_a-sprint_r.o)
                0x001139e0                __sprint_r
 .text.abort    0x00113a10       0x14 /opt/devkitpro/devkitARM/bin/../lib/gcc/arm-none-eabi/15.1.0/../../../../arm-none-eabi/lib/armv6k/fpu/libg.a(libc_a-abort.o)
                0x00113a10                abort
 .text._localeconv_r
                0x00113a24       0x24 /opt/devkitpro/devkitARM/bin/../lib/gcc/arm-none-eabi/15.1.0/../../../../arm-none-eabi/lib/armv6k/fpu/libg.a(libc_a-localeconv.o)
                0x00113a24                _localeconv_r
 .text._calloc_r
                0x00113a48       0xd8 /opt/devkitpro/devkitARM/bin/../lib/gcc/arm-none-eabi/15.1.0/../../../../arm-none-eabi/lib/armv6k/fpu/libg.a(libc_a-callocr.o)
                0x00113a48                _calloc_r
 .text.__utf8_wctomb
                0x00113b20       0xf8 /opt/devkitpro/devkitARM/bin/../lib/gcc/arm-none-eabi/15.1.0/../../../../arm-none-eabi/lib/armv6k/fpu/libg.a(libc_a-wctomb_r.o)
                0x00113b20                __utf8_wctomb
 .text.__sfvwrite_r
                0x00113c18      0x4a4 /opt/devkitpro/devkitARM/bin/../lib/gcc/arm-none-eabi/15.1.0/../../../../arm-none-eabi/lib/armv6k/fpu/libg.a(libc_a-fvwrite.o)
                0x00113c18                __sfvwrite_r
 .text.strchr   0x001140bc      0x140 /opt/devkitpro/devkitARM/bin/../lib/gcc/arm-none-eabi/15.1.0/../../../../arm-none-eabi/lib/armv6k/fpu/libg.a(libc_a-strchr.o)
                0x001140bc                strchr
 .text.memmove  0x001141fc      0x16c /opt/devkitpro/devkitARM/bin/../lib/gcc/arm-none-eabi/15.1.0/../../../../arm-none-eabi/lib/armv6k/fpu/libg.a(libc_a-memmove.o)
                0x001141fc                memmove
 .text._raise_r
                0x00114368       0x9c /opt/devkitpro/devkitARM/bin/../lib/gcc/arm-none-eabi/15.1.0/../../../../arm-none-eabi/lib/armv6k/fpu/libg.a(libc_a-signal.o)
                0x00114368                _raise_r
 .text.raise    0x00114404       0x20 /opt/devkitpro/devkitARM/bin/../lib/gcc/arm-none-eabi/15.1.0/../../../../arm-none-eabi/lib/armv6k/fpu/libg.a(libc_a-signal.o)
                0x00114404                raise
 .text.get_arg  0x00114424      0x5e0 /opt/devkitpro/devkitARM/bin/../lib/gcc/arm-none-eabi/15.1.0/../../../../arm-none-eabi/lib/armv6k/fpu/libg.a(libc_a-vfiprintf.o)
 .text._vfiprintf_r
                0x00114a04     0x22f8 /opt/devkitpro/devkitARM/bin/../lib/gcc/arm-none-eabi/15.1.0/../../../../arm-none-eabi/lib/armv6k/fpu/libg.a(libc_a-vfiprintf.o)
                0x00114a04                _vfiprintf_r
 .text.__sbprintf
                0x00116cfc       0xb4 /opt/devkitpro/devkitARM/bin/../lib/gcc/arm-none-eabi/15.1.0/../../../../arm-none-eabi/lib/armv6k/fpu/libg.a(libc_a-vfiprintf.o)
 .text._realloc_r
                0x00116db0      0x4f0 /opt/devkitpro/devkitARM/bin/../lib/gcc/arm-none-eabi/15.1.0/../../../../arm-none-eabi/lib/armv6k/fpu/libg.a(libc_a-reallocr.o)
                0x00116db0                _realloc_r
 .text._exit    0x001172a0       0x20 /opt/devkitpro/devkitARM/bin/../lib/gcc/arm-none-eabi/15.1.0/../../../../arm-none-eabi/lib/armv6k/fpu/libsysbase.a(libsysbase_libsysbase_a-_exit.o)
                0x001172a0                _exit
 .text.chdir    0x001172c0      0x140 /opt/devkitpro/devkitARM/bin/../lib/gcc/arm-none-eabi/15.1.0/../../../../arm-none-eabi/lib/armv6k/fpu/libsysbase.a(libsysbase_libsysbase_a-chdir.o)
                0x001172c0                chdir
 .text._concatenate_path
                0x00117400      0x1c8 /opt/devkitpro/devkitARM/bin/../lib/gcc/arm-none-eabi/15.1.0/../../../../arm-none-eabi/lib/armv6k/fpu/libsysbase.a(libsysbase_libsysbase_a-concatenate.o)
                0x00117400                _concatenate_path
 .text._fstat_r
                0x001175c8       0x9c /opt/devkitpro/devkitARM/bin/../lib/gcc/arm-none-eabi/15.1.0/../../../../arm-none-eabi/lib/armv6k/fpu/libsysbase.a(libsysbase_libsysbase_a-fstat.o)
                0x001175c8                _fstat_r
 .text._getpid_r
                0x00117664       0x14 /opt/devkitpro/devkitARM/bin/../lib/gcc/arm-none-eabi/15.1.0/../../../../arm-none-eabi/lib/armv6k/fpu/libsysbase.a(libsysbase_libsysbase_a-getpid.o)
                0x00117664                _getpid_r
 .text.__getreent
                0x00117678       0x2c /opt/devkitpro/devkitARM/bin/../lib/gcc/arm-none-eabi/15.1.0/../../../../arm-none-eabi/lib/armv6k/fpu/libsysbase.a(libsysbase_libsysbase_a-getreent.o)
                0x00117678                __getreent
 .text._gettimeofday_r
                0x001176a4       0x30 /opt/devkitpro/devkitARM/bin/../lib/gcc/arm-none-eabi/15.1.0/../../../../arm-none-eabi/lib/armv6k/fpu/libsysbase.a(libsysbase_libsysbase_a-gettod.o)
                0x001176a4                _gettimeofday_r
 .text.__get_handle
                0x001176d4       0x58 /opt/devkitpro/devkitARM/bin/../lib/gcc/arm-none-eabi/15.1.0/../../../../arm-none-eabi/lib/armv6k/fpu/libsysbase.a(libsysbase_libsysbase_a-handle_manager.o)
                0x001176d4                __get_handle
 .text._close_r
                0x0011772c      0x110 /opt/devkitpro/devkitARM/bin/../lib/gcc/arm-none-eabi/15.1.0/../../../../arm-none-eabi/lib/armv6k/fpu/libsysbase.a(libsysbase_libsysbase_a-handle_manager.o)
                0x0011772c                _close_r
 .text.null_write
                0x0011783c        0x8 /opt/devkitpro/devkitARM/bin/../lib/gcc/arm-none-eabi/15.1.0/../../../../arm-none-eabi/lib/armv6k/fpu/libsysbase.a(libsysbase_libsysbase_a-iosupport.o)
 .text.setDefaultDevice
                0x00117844       0x18 /opt/devkitpro/devkitARM/bin/../lib/gcc/arm-none-eabi/15.1.0/../../../../arm-none-eabi/lib/armv6k/fpu/libsysbase.a(libsysbase_libsysbase_a-iosupport.o)
                0x00117844                setDefaultDevice
 .text.FindDevice
                0x0011785c       0xc4 /opt/devkitpro/devkitARM/bin/../lib/gcc/arm-none-eabi/15.1.0/../../../../arm-none-eabi/lib/armv6k/fpu/libsysbase.a(libsysbase_libsysbase_a-iosupport.o)
                0x0011785c                FindDevice
 .text.RemoveDevice
                0x00117920       0x28 /opt/devkitpro/devkitARM/bin/../lib/gcc/arm-none-eabi/15.1.0/../../../../arm-none-eabi/lib/armv6k/fpu/libsysbase.a(libsysbase_libsysbase_a-iosupport.o)
                0x00117920                RemoveDevice
 .text.AddDevice
                0x00117948       0x98 /opt/devkitpro/devkitARM/bin/../lib/gcc/arm-none-eabi/15.1.0/../../../../arm-none-eabi/lib/armv6k/fpu/libsysbase.a(libsysbase_libsysbase_a-iosupport.o)
                0x00117948                AddDevice
 .text.GetDeviceOpTab
                0x001179e0       0x20 /opt/devkitpro/devkitARM/bin/../lib/gcc/arm-none-eabi/15.1.0/../../../../arm-none-eabi/lib/armv6k/fpu/libsysbase.a(libsysbase_libsysbase_a-iosupport.o)
                0x001179e0                GetDeviceOpTab
 .text._isatty_r
                0x00117a00        0x8 /opt/devkitpro/devkitARM/bin/../lib/gcc/arm-none-eabi/15.1.0/../../../../arm-none-eabi/lib/armv6k/fpu/libsysbase.a(libsysbase_libsysbase_a-isatty.o)
                0x00117a00                _isatty_r
 .text._kill_r  0x00117a08       0x14 /opt/devkitpro/devkitARM/bin/../lib/gcc/arm-none-eabi/15.1.0/../../../../arm-none-eabi/lib/armv6k/fpu/libsysbase.a(libsysbase_libsysbase_a-kill.o)
                0x00117a08                _kill_r
 .text._lseek_r
                0x00117a1c       0x94 /opt/devkitpro/devkitARM/bin/../lib/gcc/arm-none-eabi/15.1.0/../../../../arm-none-eabi/lib/armv6k/fpu/libsysbase.a(libsysbase_libsysbase_a-lseek.o)
                0x00117a1c                _lseek_r
 .text._read_r  0x00117ab0       0x94 /opt/devkitpro/devkitARM/bin/../lib/gcc/arm-none-eabi/15.1.0/../../../../arm-none-eabi/lib/armv6k/fpu/libsysbase.a(libsysbase_libsysbase_a-read.o)
                0x00117ab0                _read_r
 .text._sbrk_r  0x00117b44       0x78 /opt/devkitpro/devkitARM/bin/../lib/gcc/arm-none-eabi/15.1.0/../../../../arm-none-eabi/lib/armv6k/fpu/libsysbase.a(libsysbase_libsysbase_a-sbrk.o)
                0x00117b44                _sbrk_r
 .text.__libc_lock_acquire
                0x00117bbc       0x1c /opt/devkitpro/devkitARM/bin/../lib/gcc/arm-none-eabi/15.1.0/../../../../arm-none-eabi/lib/armv6k/fpu/libsysbase.a(libsysbase_libsysbase_a-syscall_support.o)
                0x00117bbc                __libc_lock_acquire
 .text.__libc_lock_release
                0x00117bd8       0x1c /opt/devkitpro/devkitARM/bin/../lib/gcc/arm-none-eabi/15.1.0/../../../../arm-none-eabi/lib/armv6k/fpu/libsysbase.a(libsysbase_libsysbase_a-syscall_support.o)
                0x00117bd8                __libc_lock_release
 .text.__libc_lock_acquire_recursive
                0x00117bf4       0x1c /opt/devkitpro/devkitARM/bin/../lib/gcc/arm-none-eabi/15.1.0/../../../../arm-none-eabi/lib/armv6k/fpu/libsysbase.a(libsysbase_libsysbase_a-syscall_support.o)
                0x00117bf4                __libc_lock_acquire_recursive
 .text.__libc_lock_release_recursive
                0x00117c10       0x1c /opt/devkitpro/devkitARM/bin/../lib/gcc/arm-none-eabi/15.1.0/../../../../arm-none-eabi/lib/armv6k/fpu/libsysbase.a(libsysbase_libsysbase_a-syscall_support.o)
                0x00117c10                __libc_lock_release_recursive
 .text._write_r
                0x00117c2c       0x94 /opt/devkitpro/devkitARM/bin/../lib/gcc/arm-none-eabi/15.1.0/../../../../arm-none-eabi/lib/armv6k/fpu/libsysbase.a(libsysbase_libsysbase_a-write.o)
                0x00117c2c                _write_r
 .text.strrchr  0x00117cc0       0x48 /opt/devkitpro/devkitARM/bin/../lib/gcc/arm-none-eabi/15.1.0/../../../../arm-none-eabi/lib/armv6k/fpu/libg.a(libc_a-strrchr.o)
                0x00117cc0                strrchr
 *(.glue_7)
 .glue_7        0x00117d08        0x0 linker stubs
 *(.glue_7t)
 .glue_7t       0x00117d08        0x0 linker stubs
 *(.stub)
 *(.gnu.warning)
 *(.gnu.linkonce.t*)
                0x00117d08                        . = ALIGN (0x4)
 *(.fini)
 .fini          0x00117d08        0xc /opt/devkitpro/devkitARM/bin/../lib/gcc/arm-none-eabi/15.1.0/armv6k/fpu/crti.o
                0x00117d08                _fini
 .fini          0x00117d14        0xc /opt/devkitpro/devkitARM/bin/../lib/gcc/arm-none-eabi/15.1.0/armv6k/fpu/crtn.o
                0x00117d20                        . = ALIGN (0x4)

.vfp11_veneer   0x00117d20        0x0
 .vfp11_veneer  0x00117d20        0x0 linker stubs

.v4_bx          0x00117d20        0x0
 .v4_bx         0x00117d20        0x0 linker stubs

.iplt           0x00117d20        0x0
 .iplt          0x00117d20        0x0 /opt/devkitpro/devkitARM/bin/../lib/gcc/arm-none-eabi/15.1.0/../../../../arm-none-eabi/lib/armv6k/fpu/3dsx_crt0.o
                0x00118000                        . = ALIGN (0x1000)

.rodata         0x00118000     0x2330
 *(.rodata)
 .rodata        0x00118000        0xc /opt/devkitpro/libctru/lib/libctru.a(archive_dev.o)
 *(.roda)
 *(.rodata.*)
 .rodata.str1.4
                0x0011800c     0x1140 main.o
                                0xf76 (size before relaxing)
 .rodata.consolePrintChar
                0x0011914c        0x6 /opt/devkitpro/libctru/lib/libctru.a(console.o)
 .rodata.con_write
                0x00119152      0x164 /opt/devkitpro/libctru/lib/libctru.a(console.o)
 .rodata.str1.4
                0x001192b6       0x10 /opt/devkitpro/libctru/lib/libctru.a(console.o)
 *fill*         0x001192b6        0x2 
 .rodata.dotab_stdout
                0x001192b8       0x80 /opt/devkitpro/libctru/lib/libctru.a(console.o)
 .rodata.grayScale
                0x00119338       0x18 /opt/devkitpro/libctru/lib/libctru.a(console.o)
 .rodata.colorCube
                0x00119350        0x6 /opt/devkitpro/libctru/lib/libctru.a(console.o)
 *fill*         0x00119356        0x2 
 .rodata.colorTable
                0x00119358       0x30 /opt/devkitpro/libctru/lib/libctru.a(console.o)
 .rodata.aptEventHandler
                0x00119388        0xb /opt/devkitpro/libctru/lib/libctru.a(apt.o)
 .rodata.aptWaitForWakeUp.isra.0
                0x00119393       0x11 /opt/devkitpro/libctru/lib/libctru.a(apt.o)
 .rodata.morton_y.2
                0x001193a4        0x8 /opt/devkitpro/libctru/lib/libctru.a(apt.o)
 .rodata.morton_x.3
                0x001193ac        0x8 /opt/devkitpro/libctru/lib/libctru.a(apt.o)
 .rodata.s_sleepWakeEvents.4
                0x001193b4        0x8 /opt/devkitpro/libctru/lib/libctru.a(apt.o)
 .rodata.str1.4
                0x001193bc       0x16 /opt/devkitpro/libctru/lib/libctru.a(apt.o)
 .rodata.serviceNameTable.5
                0x001193bc        0xc /opt/devkitpro/libctru/lib/libctru.a(apt.o)
 .rodata.gspInit.str1.4
                0x001193c8        0x9 /opt/devkitpro/libctru/lib/libctru.a(gspgpu.o)
 .rodata.hidInit.str1.4
                0x001193c8       0x15 /opt/devkitpro/libctru/lib/libctru.a(hid.o)
 .rodata.irrstInit.str1.4
                0x001193c8        0x7 /opt/devkitpro/libctru/lib/libctru.a(irrst.o)
 .rodata.__system_initArgv.str1.4
                0x001193c8        0xa /opt/devkitpro/libctru/lib/libctru.a(initArgv.o)
 .rodata.default_font_bin
                0x001193c8      0x800 /opt/devkitpro/libctru/lib/libctru.a(default_font.bin.o)
                0x001193c8                default_font_bin
                0x00119bc8                default_font_bin_end
 .rodata.srvInit.str1.4
                0x00119bc8        0x5 /opt/devkitpro/libctru/lib/libctru.a(srv.o)
 .rodata.ptmSysmInit.str1.4
                0x00119bc8        0x9 /opt/devkitpro/libctru/lib/libctru.a(ptmsysm.o)
 .rodata.archive_utf16path.str1.4
                0x00119bc8        0x2 /opt/devkitpro/libctru/lib/libctru.a(archive_dev.o)
 .rodata._archiveUnmountDeviceStruct.part.0.str1.4
                0x00119bc8        0x2 /opt/devkitpro/libctru/lib/libctru.a(archive_dev.o)
 .rodata._archiveMountDevice.str1.4
                0x00119bc8        0xc /opt/devkitpro/libctru/lib/libctru.a(archive_dev.o)
 .rodata.archiveMountSdmc.str1.4
                0x00119bc8        0x5 /opt/devkitpro/libctru/lib/libctru.a(archive_dev.o)
 .rodata.error_table
                0x00119bc8       0x30 /opt/devkitpro/libctru/lib/libctru.a(archive_dev.o)
 .rodata.str1.4
                0x00119bf8        0x8 /opt/devkitpro/libctru/lib/libctru.a(archive_dev.o)
 .rodata.archive_devoptab
                0x00119bf8       0x80 /opt/devkitpro/libctru/lib/libctru.a(archive_dev.o)
 .rodata.fsInit.str1.4
                0x00119c78        0x8 /opt/devkitpro/libctru/lib/libctru.a(fs.o)
 .rodata._ctype_
                0x00119c78      0x101 /opt/devkitpro/devkitARM/bin/../lib/gcc/arm-none-eabi/15.1.0/../../../../arm-none-eabi/lib/armv6k/fpu/libg.a(libc_a-ctype_.o)
                0x00119c78                _ctype_
 *fill*         0x00119d79        0x1 
 .rodata.get_arg
                0x00119d7a       0x34 /opt/devkitpro/devkitARM/bin/../lib/gcc/arm-none-eabi/15.1.0/../../../../arm-none-eabi/lib/armv6k/fpu/libg.a(libc_a-vfprintf.o)
 .rodata._vfprintf_r.str1.1
                0x00119dae       0x3b /opt/devkitpro/devkitARM/bin/../lib/gcc/arm-none-eabi/15.1.0/../../../../arm-none-eabi/lib/armv6k/fpu/libg.a(libc_a-vfprintf.o)
 *fill*         0x00119de9        0x1 
 .rodata._vfprintf_r
                0x00119dea       0xb6 /opt/devkitpro/devkitARM/bin/../lib/gcc/arm-none-eabi/15.1.0/../../../../arm-none-eabi/lib/armv6k/fpu/libg.a(libc_a-vfprintf.o)
 .rodata.zeroes.0
                0x00119ea0       0x10 /opt/devkitpro/devkitARM/bin/../lib/gcc/arm-none-eabi/15.1.0/../../../../arm-none-eabi/lib/armv6k/fpu/libg.a(libc_a-vfprintf.o)
 .rodata.blanks.1
                0x00119eb0       0x10 /opt/devkitpro/devkitARM/bin/../lib/gcc/arm-none-eabi/15.1.0/../../../../arm-none-eabi/lib/armv6k/fpu/libg.a(libc_a-vfprintf.o)
 .rodata._dtoa_r.str1.4
                0x00119ec0       0x6a /opt/devkitpro/devkitARM/bin/../lib/gcc/arm-none-eabi/15.1.0/../../../../arm-none-eabi/lib/armv6k/fpu/libg.a(libc_a-dtoa.o)
 .rodata._dtoa_r
                0x00119ec0        0x8 /opt/devkitpro/devkitARM/bin/../lib/gcc/arm-none-eabi/15.1.0/../../../../arm-none-eabi/lib/armv6k/fpu/libg.a(libc_a-dtoa.o)
 .rodata.__action_table
                0x00119ec8       0x6c /opt/devkitpro/devkitARM/bin/../lib/gcc/arm-none-eabi/15.1.0/../../../../arm-none-eabi/lib/armv6k/fpu/libg.a(libc_a-svfiprintf.o)
                0x00119ec8                __action_table
 .rodata.__state_table
                0x00119f34       0x6c /opt/devkitpro/devkitARM/bin/../lib/gcc/arm-none-eabi/15.1.0/../../../../arm-none-eabi/lib/armv6k/fpu/libg.a(libc_a-svfiprintf.o)
                0x00119f34                __state_table
 .rodata.__chclass
                0x00119fa0      0x100 /opt/devkitpro/devkitARM/bin/../lib/gcc/arm-none-eabi/15.1.0/../../../../arm-none-eabi/lib/armv6k/fpu/libg.a(libc_a-svfiprintf.o)
                0x00119fa0                __chclass
 .rodata.__assert_func.str1.4
                0x0011a0a0       0x43 /opt/devkitpro/devkitARM/bin/../lib/gcc/arm-none-eabi/15.1.0/../../../../arm-none-eabi/lib/armv6k/fpu/libg.a(libc_a-assert.o)
 .rodata.__multadd.str1.4
                0x0011a0a0       0x57 /opt/devkitpro/devkitARM/bin/../lib/gcc/arm-none-eabi/15.1.0/../../../../arm-none-eabi/lib/armv6k/fpu/libg.a(libc_a-mprec.o)
 .rodata.p05.0  0x0011a0a0        0xc /opt/devkitpro/devkitARM/bin/../lib/gcc/arm-none-eabi/15.1.0/../../../../arm-none-eabi/lib/armv6k/fpu/libg.a(libc_a-mprec.o)
 *fill*         0x0011a0ac        0x4 
 .rodata.__mprec_bigtens
                0x0011a0b0       0x28 /opt/devkitpro/devkitARM/bin/../lib/gcc/arm-none-eabi/15.1.0/../../../../arm-none-eabi/lib/armv6k/fpu/libg.a(libc_a-mprec.o)
                0x0011a0b0                __mprec_bigtens
 .rodata.__mprec_tens
                0x0011a0d8       0xc8 /opt/devkitpro/devkitARM/bin/../lib/gcc/arm-none-eabi/15.1.0/../../../../arm-none-eabi/lib/armv6k/fpu/libg.a(libc_a-mprec.o)
                0x0011a0d8                __mprec_tens
 .rodata.str1.4
                0x0011a1a0       0x4c /opt/devkitpro/devkitARM/bin/../lib/gcc/arm-none-eabi/15.1.0/../../../../arm-none-eabi/lib/armv6k/fpu/libg.a(libc_a-locale.o)
 .rodata.get_arg
                0x0011a1a0       0x34 /opt/devkitpro/devkitARM/bin/../lib/gcc/arm-none-eabi/15.1.0/../../../../arm-none-eabi/lib/armv6k/fpu/libg.a(libc_a-vfiprintf.o)
 .rodata._vfiprintf_r.str1.1
                0x0011a1d4       0x29 /opt/devkitpro/devkitARM/bin/../lib/gcc/arm-none-eabi/15.1.0/../../../../arm-none-eabi/lib/armv6k/fpu/libg.a(libc_a-vfiprintf.o)
 .rodata._vfiprintf_r
                0x0011a1d4       0xb6 /opt/devkitpro/devkitARM/bin/../lib/gcc/arm-none-eabi/15.1.0/../../../../arm-none-eabi/lib/armv6k/fpu/libg.a(libc_a-vfiprintf.o)
 *fill*         0x0011a28a        0x2 
 .rodata.zeroes.0
                0x0011a28c       0x10 /opt/devkitpro/devkitARM/bin/../lib/gcc/arm-none-eabi/15.1.0/../../../../arm-none-eabi/lib/armv6k/fpu/libg.a(libc_a-vfiprintf.o)
 .rodata.blanks.1
                0x0011a29c       0x10 /opt/devkitpro/devkitARM/bin/../lib/gcc/arm-none-eabi/15.1.0/../../../../arm-none-eabi/lib/armv6k/fpu/libg.a(libc_a-vfiprintf.o)
 .rodata.AddDevice.str1.4
                0x0011a2ac        0x8 /opt/devkitpro/devkitARM/bin/../lib/gcc/arm-none-eabi/15.1.0/../../../../arm-none-eabi/lib/armv6k/fpu/libsysbase.a(libsysbase_libsysbase_a-iosupport.o)
 .rodata.dotab_stdnull
                0x0011a2ac       0x80 /opt/devkitpro/devkitARM/bin/../lib/gcc/arm-none-eabi/15.1.0/../../../../arm-none-eabi/lib/armv6k/fpu/libsysbase.a(libsysbase_libsysbase_a-iosupport.o)
                0x0011a2ac                dotab_stdnull
 *all.rodata*(*)
 *(.gnu.linkonce.r*)
                0x0011a32c                        . = ALIGN (0x4)
                0x0011a32c                        __tdata_align = .
                0x0011a32c        0x4 LONG 0x4 ALIGNOF (.tdata)
                0x0011a330                        . = ALIGN (0x4)

.eh_frame       0x0011a330        0x0
 .eh_frame      0x0011a330        0x0 /opt/devkitpro/devkitARM/bin/../lib/gcc/arm-none-eabi/15.1.0/armv6k/fpu/crtbegin.o

.rel.dyn        0x0011a330        0x0
 .rel.iplt      0x0011a330        0x0 /opt/devkitpro/devkitARM/bin/../lib/gcc/arm-none-eabi/15.1.0/../../../../arm-none-eabi/lib/armv6k/fpu/3dsx_crt0.o
 .rel.got       0x0011a330        0x0 /opt/devkitpro/devkitARM/bin/../lib/gcc/arm-none-eabi/15.1.0/../../../../arm-none-eabi/lib/armv6k/fpu/3dsx_crt0.o

.ARM.extab
 *(.ARM.extab* .gnu.linkonce.armextab.*)
                0x0011a330                        __exidx_start = .

.ARM.exidx
 *(.ARM.exidx* .gnu.linkonce.armexidx.*)
                0x0011a330                        __exidx_end = .
                0x0011b000                        . = ALIGN (0x1000)

.data           0x0011b000     0x1e6c
 *(.data)
 .data          0x0011b000      0x280 main.o
                0x0011b000                colors
                0x0011b024                bashCommands
                0x0011b0f0                pythonCommands
                0x0011b1b8                cCommands
 *(.data.*)
 .data.firstConsoleInit.0
                0x0011b280        0x1 /opt/devkitpro/libctru/lib/libctru.a(console.o)
 *fill*         0x0011b281        0x3 
 .data.currentConsole
                0x0011b284        0x4 /opt/devkitpro/libctru/lib/libctru.a(console.o)
                0x0011b284                currentConsole
 .data.defaultConsole
                0x0011b288       0x48 /opt/devkitpro/libctru/lib/libctru.a(console.o)
                0x0011b288                defaultConsole
 .data.aptChainloadDeliverArgSize
                0x0011b2d0        0x4 /opt/devkitpro/libctru/lib/libctru.a(apt.o)
 .data.kCount   0x0011b2d4        0x4 /opt/devkitpro/libctru/lib/libctru.a(hid.o)
 .data.kInterval
                0x0011b2d8        0x4 /opt/devkitpro/libctru/lib/libctru.a(hid.o)
 .data.kDelay   0x0011b2dc        0x4 /opt/devkitpro/libctru/lib/libctru.a(hid.o)
 .data.__stacksize__
                0x0011b2e0        0x4 /opt/devkitpro/libctru/lib/libctru.a(stack_adjust.o)
                0x0011b2e0                __stacksize__
 .data.__sglue  0x0011b2e4        0xc /opt/devkitpro/devkitARM/bin/../lib/gcc/arm-none-eabi/15.1.0/../../../../arm-none-eabi/lib/armv6k/fpu/libg.a(libc_a-findfp.o)
                0x0011b2e4                __sglue
 .data.__malloc_sbrk_base
                0x0011b2f0        0x4 /opt/devkitpro/devkitARM/bin/../lib/gcc/arm-none-eabi/15.1.0/../../../../arm-none-eabi/lib/armv6k/fpu/libg.a(libc_a-mallocr.o)
                0x0011b2f0                __malloc_sbrk_base
 .data.__malloc_trim_threshold
                0x0011b2f4        0x4 /opt/devkitpro/devkitARM/bin/../lib/gcc/arm-none-eabi/15.1.0/../../../../arm-none-eabi/lib/armv6k/fpu/libg.a(libc_a-mallocr.o)
                0x0011b2f4                __malloc_trim_threshold
 .data.__malloc_av_
                0x0011b2f8      0x408 /opt/devkitpro/devkitARM/bin/../lib/gcc/arm-none-eabi/15.1.0/../../../../arm-none-eabi/lib/armv6k/fpu/libg.a(libc_a-mallocr.o)
                0x0011b2f8                __malloc_av_
 .data._impure_ptr
                0x0011b700        0x4 /opt/devkitpro/devkitARM/bin/../lib/gcc/arm-none-eabi/15.1.0/../../../../arm-none-eabi/lib/armv6k/fpu/libg.a(libc_a-impure.o)
                0x0011b700                _impure_ptr
 *fill*         0x0011b704        0x4 
 .data._impure_data
                0x0011b708      0x140 /opt/devkitpro/devkitARM/bin/../lib/gcc/arm-none-eabi/15.1.0/../../../../arm-none-eabi/lib/armv6k/fpu/libg.a(libc_a-impure.o)
                0x0011b708                _impure_data
 .data.__global_locale
                0x0011b848      0x16c /opt/devkitpro/devkitARM/bin/../lib/gcc/arm-none-eabi/15.1.0/../../../../arm-none-eabi/lib/armv6k/fpu/libg.a(libc_a-locale.o)
                0x0011b848                __global_locale
 .data._current_working_directory
                0x0011b9b4      0x400 /opt/devkitpro/devkitARM/bin/../lib/gcc/arm-none-eabi/15.1.0/../../../../arm-none-eabi/lib/armv6k/fpu/libsysbase.a(libsysbase_libsysbase_a-chdir.o)
 *fill*         0x0011bdb4        0x4 
 .data.handles  0x0011bdb8     0x1000 /opt/devkitpro/devkitARM/bin/../lib/gcc/arm-none-eabi/15.1.0/../../../../arm-none-eabi/lib/armv6k/fpu/libsysbase.a(libsysbase_libsysbase_a-handle_manager.o)
 .data.__stderr_handle
                0x0011cdb8        0xc /opt/devkitpro/devkitARM/bin/../lib/gcc/arm-none-eabi/15.1.0/../../../../arm-none-eabi/lib/armv6k/fpu/libsysbase.a(libsysbase_libsysbase_a-handle_manager.o)
 .data.__stdout_handle
                0x0011cdc4        0xc /opt/devkitpro/devkitARM/bin/../lib/gcc/arm-none-eabi/15.1.0/../../../../arm-none-eabi/lib/armv6k/fpu/libsysbase.a(libsysbase_libsysbase_a-handle_manager.o)
 .data.__stdin_handle
                0x0011cdd0        0xc /opt/devkitpro/devkitARM/bin/../lib/gcc/arm-none-eabi/15.1.0/../../../../arm-none-eabi/lib/armv6k/fpu/libsysbase.a(libsysbase_libsysbase_a-handle_manager.o)
 .data.devoptab_list
                0x0011cddc       0x8c /opt/devkitpro/devkitARM/bin/../lib/gcc/arm-none-eabi/15.1.0/../../../../arm-none-eabi/lib/armv6k/fpu/libsysbase.a(libsysbase_libsysbase_a-iosupport.o)
                0x0011cddc                devoptab_list
 .data.defaultDevice
                0x0011ce68        0x4 /opt/devkitpro/devkitARM/bin/../lib/gcc/arm-none-eabi/15.1.0/../../../../arm-none-eabi/lib/armv6k/fpu/libsysbase.a(libsysbase_libsysbase_a-iosupport.o)
 *(.gnu.linkonce.d*)
                0x0011ce6c                        . = ALIGN (0x4)

.igot.plt       0x0011ce6c        0x0
 .igot.plt      0x0011ce6c        0x0 /opt/devkitpro/devkitARM/bin/../lib/gcc/arm-none-eabi/15.1.0/../../../../arm-none-eabi/lib/armv6k/fpu/3dsx_crt0.o

.got            0x0011ce6c        0x8
 .got           0x0011ce6c        0x8 /opt/devkitpro/devkitARM/bin/../lib/gcc/arm-none-eabi/15.1.0/../../../../arm-none-eabi/lib/armv6k/fpu/3dsx_crt0.o

.got.plt        0x0011ce74        0xc
 .got.plt       0x0011ce74        0xc /opt/devkitpro/devkitARM/bin/../lib/gcc/arm-none-eabi/15.1.0/../../../../arm-none-eabi/lib/armv6k/fpu/3dsx_crt0.o
                0x0011ce74                _GLOBAL_OFFSET_TABLE_

.tdata          0x0011ce80        0x0
                0x0011ce80                        __tdata_lma = .
 *(.tdata)
 *(.tdata.*)
 *(.gnu.linkonce.td.*)
                0x0011ce80                        . = ALIGN (0x4)
                0x0011ce80                        __tdata_lma_end = .

.tbss           0x0011ce80      0xc08
 *(.tbss)
 *(.tbss.*)
 .tbss.__ctru_dev_utf16_buf
                0x0011ce80      0x802 /opt/devkitpro/libctru/lib/libctru.a(path_buf.o)
                0x0011ce80                __ctru_dev_utf16_buf
 *fill*         0x0011d682        0x2 
 .tbss.__ctru_dev_path_buf
                0x0011d684      0x401 /opt/devkitpro/libctru/lib/libctru.a(path_buf.o)
                0x0011d684                __ctru_dev_path_buf
 *(.gnu.linkonce.tb.*)
 *(.tcommon)
                0x0011da88                        . = ALIGN (0x4)
 *fill*         0x0011da85        0x3 

.preinit_array  0x0011ce80        0x0
                0x0011ce80                        PROVIDE (__preinit_array_start = .)
 *(.preinit_array)
                0x0011ce80                        PROVIDE (__preinit_array_end = .)

.init_array     0x0011ce80        0x4
                0x0011ce80                        PROVIDE (__init_array_start = .)
 *(SORT_BY_NAME(.init_array.*))
 *(.init_array)
 .init_array    0x0011ce80        0x4 /opt/devkitpro/devkitARM/bin/../lib/gcc/arm-none-eabi/15.1.0/armv6k/fpu/crtbegin.o
                0x0011ce84                        PROVIDE (__init_array_end = .)

.fini_array     0x0011ce84        0x4
                0x0011ce84                        PROVIDE (__fini_array_start = .)
 *(.fini_array)
 .fini_array    0x0011ce84        0x4 /opt/devkitpro/devkitARM/bin/../lib/gcc/arm-none-eabi/15.1.0/armv6k/fpu/crtbegin.o
 *(SORT_BY_NAME(.fini_array.*))
                0x0011ce88                        PROVIDE (__fini_array_end = .)

.ctors
 *crtbegin.o(.ctors)
 *(EXCLUDE_FILE(*crtend.o) .ctors)
 *(SORT_BY_NAME(.ctors.*))
 *(.ctors)

.dtors
 *crtbegin.o(.dtors)
 *(EXCLUDE_FILE(*crtend.o) .dtors)
 *(SORT_BY_NAME(.dtors.*))
 *(.dtors)
                0x0011ce88                        __bss_start__ = .

.bss            0x0011ce88     0x2e34
 *(.dynbss)
 *(.bss)
 .bss           0x0011ce88        0x9 main.o
                0x0011ce88                color
                0x0011ce8c                commandMode
                0x0011ce90                autoRun
 *(.bss.*)
 .bss.completed.1
                0x0011ce91        0x1 /opt/devkitpro/devkitARM/bin/../lib/gcc/arm-none-eabi/15.1.0/armv6k/fpu/crtbegin.o
 *fill*         0x0011ce92        0x2 
 .bss.object.0  0x0011ce94       0x18 /opt/devkitpro/devkitARM/bin/../lib/gcc/arm-none-eabi/15.1.0/armv6k/fpu/crtbegin.o
 .bss.escapeSeq
                0x0011ceac       0x64 /opt/devkitpro/libctru/lib/libctru.a(console.o)
 .bss.currentCopy
                0x0011cf10       0x48 /opt/devkitpro/libctru/lib/libctru.a(console.o)
                0x0011cf10                currentCopy
 .bss.screenAlloc
                0x0011cf58        0x4 /opt/devkitpro/libctru/lib/libctru.a(gfx.o)
 .bss.screenFree
                0x0011cf5c        0x4 /opt/devkitpro/libctru/lib/libctru.a(gfx.o)
 .bss.gfxIsDoubleBuf
                0x0011cf60        0x2 /opt/devkitpro/libctru/lib/libctru.a(gfx.o)
 *fill*         0x0011cf62        0x2 
 .bss.gfxCurBuf
                0x0011cf64        0x2 /opt/devkitpro/libctru/lib/libctru.a(gfx.o)
 .bss.gfxIsVram
                0x0011cf66        0x1 /opt/devkitpro/libctru/lib/libctru.a(gfx.o)
 .bss.gfxTopMode
                0x0011cf67        0x1 /opt/devkitpro/libctru/lib/libctru.a(gfx.o)
 .bss.gfxFramebufferFormats
                0x0011cf68        0x2 /opt/devkitpro/libctru/lib/libctru.a(gfx.o)
 *fill*         0x0011cf6a        0x2 
 .bss.gfxBottomFramebufferMaxSize
                0x0011cf6c        0x4 /opt/devkitpro/libctru/lib/libctru.a(gfx.o)
 .bss.gfxTopFramebufferMaxSize
                0x0011cf70        0x4 /opt/devkitpro/libctru/lib/libctru.a(gfx.o)
 *fill*         0x0011cf74        0x4 
 .bss.gfxBottomFramebuffers
                0x0011cf78        0x8 /opt/devkitpro/libctru/lib/libctru.a(gfx.o)
 .bss.gfxTopFramebuffers
                0x0011cf80        0x8 /opt/devkitpro/libctru/lib/libctru.a(gfx.o)
 .bss.flagValue.0
                0x0011cf88        0x1 /opt/devkitpro/libctru/lib/libctru.a(apt.o)
 .bss.flagInit.1
                0x0011cf89        0x1 /opt/devkitpro/libctru/lib/libctru.a(apt.o)
 *fill*         0x0011cf8a        0x2 
 .bss.serviceName.6
                0x0011cf8c        0x4 /opt/devkitpro/libctru/lib/libctru.a(apt.o)
 .bss.aptChainloadFlags
                0x0011cf90        0x1 /opt/devkitpro/libctru/lib/libctru.a(apt.o)
 .bss.aptChainloadMediatype
                0x0011cf91        0x1 /opt/devkitpro/libctru/lib/libctru.a(apt.o)
 *fill*         0x0011cf92        0x2 
 .bss.aptChainloadHmac
                0x0011cf94       0x20 /opt/devkitpro/libctru/lib/libctru.a(apt.o)
 .bss.aptChainloadDeliverArg
                0x0011cfb4      0x300 /opt/devkitpro/libctru/lib/libctru.a(apt.o)
 *fill*         0x0011d2b4        0x4 
 .bss.aptChainloadTid
                0x0011d2b8        0x8 /opt/devkitpro/libctru/lib/libctru.a(apt.o)
 .bss.aptParameters
                0x0011d2c0     0x1000 /opt/devkitpro/libctru/lib/libctru.a(apt.o)
 .bss.aptFlags  0x0011e2c0        0x4 /opt/devkitpro/libctru/lib/libctru.a(apt.o)
 .bss.aptHomeButtonState
                0x0011e2c4        0x1 /opt/devkitpro/libctru/lib/libctru.a(apt.o)
 *fill*         0x0011e2c5        0x3 
 .bss.aptMessageFuncData
                0x0011e2c8        0x4 /opt/devkitpro/libctru/lib/libctru.a(apt.o)
 .bss.aptMessageFunc
                0x0011e2cc        0x4 /opt/devkitpro/libctru/lib/libctru.a(apt.o)
 .bss.aptFirstHook
                0x0011e2d0        0xc /opt/devkitpro/libctru/lib/libctru.a(apt.o)
 .bss.aptEventHandlerThreadQuit
                0x0011e2dc        0x1 /opt/devkitpro/libctru/lib/libctru.a(apt.o)
 *fill*         0x0011e2dd        0x3 
 .bss.aptEventHandlerThread
                0x0011e2e0        0x4 /opt/devkitpro/libctru/lib/libctru.a(apt.o)
 .bss.aptSleepEvent
                0x0011e2e4        0x8 /opt/devkitpro/libctru/lib/libctru.a(apt.o)
 .bss.aptReceiveEvent
                0x0011e2ec        0x8 /opt/devkitpro/libctru/lib/libctru.a(apt.o)
 .bss.aptEvents
                0x0011e2f4        0x8 /opt/devkitpro/libctru/lib/libctru.a(apt.o)
 .bss.aptLockHandle
                0x0011e2fc        0x4 /opt/devkitpro/libctru/lib/libctru.a(apt.o)
 .bss.aptRefCount
                0x0011e300        0x4 /opt/devkitpro/libctru/lib/libctru.a(apt.o)
 .bss.gspEventCbOneShot
                0x0011e304        0x7 /opt/devkitpro/libctru/lib/libctru.a(gspgpu.o)
 *fill*         0x0011e30b        0x1 
 .bss.gspEventCbData
                0x0011e30c       0x1c /opt/devkitpro/libctru/lib/libctru.a(gspgpu.o)
 .bss.gspEventCb
                0x0011e328       0x1c /opt/devkitpro/libctru/lib/libctru.a(gspgpu.o)
 .bss.gspEvents
                0x0011e344       0x38 /opt/devkitpro/libctru/lib/libctru.a(gspgpu.o)
 .bss.gspLastEvent
                0x0011e37c        0x4 /opt/devkitpro/libctru/lib/libctru.a(gspgpu.o)
 .bss.gspRunEvents
                0x0011e380        0x1 /opt/devkitpro/libctru/lib/libctru.a(gspgpu.o)
 *fill*         0x0011e381        0x3 
 .bss.gspEventThread
                0x0011e384        0x4 /opt/devkitpro/libctru/lib/libctru.a(gspgpu.o)
 .bss.gspEvent  0x0011e388        0x4 /opt/devkitpro/libctru/lib/libctru.a(gspgpu.o)
 .bss.gspGpuRight
                0x0011e38c        0x1 /opt/devkitpro/libctru/lib/libctru.a(gspgpu.o)
 .bss.gspThreadId
                0x0011e38d        0x1 /opt/devkitpro/libctru/lib/libctru.a(gspgpu.o)
 *fill*         0x0011e38e        0x2 
 .bss.gspSharedMem
                0x0011e390        0x4 /opt/devkitpro/libctru/lib/libctru.a(gspgpu.o)
 .bss.gspSharedMemHandle
                0x0011e394        0x4 /opt/devkitpro/libctru/lib/libctru.a(gspgpu.o)
 .bss.gspRefCount
                0x0011e398        0x4 /opt/devkitpro/libctru/lib/libctru.a(gspgpu.o)
 .bss.gspGpuHandle
                0x0011e39c        0x4 /opt/devkitpro/libctru/lib/libctru.a(gspgpu.o)
 .bss.usingIrrst
                0x0011e3a0        0x1 /opt/devkitpro/libctru/lib/libctru.a(hid.o)
 *fill*         0x0011e3a1        0x3 
 .bss.hidRefCount
                0x0011e3a4        0x4 /opt/devkitpro/libctru/lib/libctru.a(hid.o)
 .bss.gRate     0x0011e3a8        0x6 /opt/devkitpro/libctru/lib/libctru.a(hid.o)
 *fill*         0x0011e3ae        0x2 
 .bss.aVec      0x0011e3b0        0x6 /opt/devkitpro/libctru/lib/libctru.a(hid.o)
 *fill*         0x0011e3b6        0x2 
 .bss.cPos      0x0011e3b8        0x4 /opt/devkitpro/libctru/lib/libctru.a(hid.o)
 .bss.tPos      0x0011e3bc        0x4 /opt/devkitpro/libctru/lib/libctru.a(hid.o)
 .bss.kRepeat   0x0011e3c0        0x4 /opt/devkitpro/libctru/lib/libctru.a(hid.o)
 .bss.kUp       0x0011e3c4        0x4 /opt/devkitpro/libctru/lib/libctru.a(hid.o)
 .bss.kDown     0x0011e3c8        0x4 /opt/devkitpro/libctru/lib/libctru.a(hid.o)
 .bss.kHeld     0x0011e3cc        0x4 /opt/devkitpro/libctru/lib/libctru.a(hid.o)
 .bss.kOld      0x0011e3d0        0x4 /opt/devkitpro/libctru/lib/libctru.a(hid.o)
 .bss.hidSharedMem
                0x0011e3d4        0x4 /opt/devkitpro/libctru/lib/libctru.a(hid.o)
                0x0011e3d4                hidSharedMem
 .bss.hidEvents
                0x0011e3d8       0x14 /opt/devkitpro/libctru/lib/libctru.a(hid.o)
                0x0011e3d8                hidEvents
 .bss.hidMemHandle
                0x0011e3ec        0x4 /opt/devkitpro/libctru/lib/libctru.a(hid.o)
                0x0011e3ec                hidMemHandle
 .bss.hidHandle
                0x0011e3f0        0x4 /opt/devkitpro/libctru/lib/libctru.a(hid.o)
                0x0011e3f0                hidHandle
 .bss.irrstRefCount
                0x0011e3f4        0x4 /opt/devkitpro/libctru/lib/libctru.a(irrst.o)
 .bss.csPos     0x0011e3f8        0x4 /opt/devkitpro/libctru/lib/libctru.a(irrst.o)
 .bss.kHeld     0x0011e3fc        0x4 /opt/devkitpro/libctru/lib/libctru.a(irrst.o)
 .bss.irrstSharedMem
                0x0011e400        0x4 /opt/devkitpro/libctru/lib/libctru.a(irrst.o)
                0x0011e400                irrstSharedMem
 .bss.irrstEvent
                0x0011e404        0x4 /opt/devkitpro/libctru/lib/libctru.a(irrst.o)
                0x0011e404                irrstEvent
 .bss.irrstMemHandle
                0x0011e408        0x4 /opt/devkitpro/libctru/lib/libctru.a(irrst.o)
                0x0011e408                irrstMemHandle
 .bss.irrstHandle
                0x0011e40c        0x4 /opt/devkitpro/libctru/lib/libctru.a(irrst.o)
                0x0011e40c                irrstHandle
 .bss.__system_retAddr
                0x0011e410        0x4 /opt/devkitpro/libctru/lib/libctru.a(ctru_init.o)
                0x0011e410                __system_retAddr
 .bss.__system_argv
                0x0011e414        0x4 /opt/devkitpro/libctru/lib/libctru.a(initArgv.o)
                0x0011e414                __system_argv
 .bss.__system_argc
                0x0011e418        0x4 /opt/devkitpro/libctru/lib/libctru.a(initArgv.o)
                0x0011e418                __system_argc
 .bss.saved_stack.42
                0x0011e41c        0x8 /opt/devkitpro/libctru/lib/libctru.a(stack_adjust.o)
 *fill*         0x0011e424        0x4 
 .bss._ZL11sLinearPool
                0x0011e428        0x8 /opt/devkitpro/libctru/lib/libctru.a(linear.o)
 .bss._ZL8sAddrMap
                0x0011e430        0xc /opt/devkitpro/libctru/lib/libctru.a(linear.o)
 *fill*         0x0011e43c        0x4 
 .bss._ZL10sVramPoolB
                0x0011e440        0x8 /opt/devkitpro/libctru/lib/libctru.a(vram.o)
 .bss._ZL10sVramPoolA
                0x0011e448        0x8 /opt/devkitpro/libctru/lib/libctru.a(vram.o)
 .bss._ZL8sAddrMap
                0x0011e450        0xc /opt/devkitpro/libctru/lib/libctru.a(vram.o)
 .bss.__3dslink_host
                0x0011e45c        0x4 /opt/devkitpro/libctru/lib/libctru.a(3dslink.o)
                0x0011e45c                __3dslink_host
 .bss.__ctru_speedup
                0x0011e460        0x1 /opt/devkitpro/libctru/lib/libctru.a(os.o)
                0x0011e460                __ctru_speedup
 *fill*         0x0011e461        0x3 
 .bss.srvRefCount
                0x0011e464        0x4 /opt/devkitpro/libctru/lib/libctru.a(srv.o)
 .bss.srvHandle
                0x0011e468        0x4 /opt/devkitpro/libctru/lib/libctru.a(srv.o)
 .bss.arbiter   0x0011e46c        0x4 /opt/devkitpro/libctru/lib/libctru.a(synchronization.o)
 .bss.currentAddr
                0x0011e470        0x4 /opt/devkitpro/libctru/lib/libctru.a(mappable.o)
 .bss.maxAddr   0x0011e474        0x4 /opt/devkitpro/libctru/lib/libctru.a(mappable.o)
 .bss.minAddr   0x0011e478        0x4 /opt/devkitpro/libctru/lib/libctru.a(mappable.o)
 .bss.ptmSysmRefCount
                0x0011e47c        0x4 /opt/devkitpro/libctru/lib/libctru.a(ptmsysm.o)
 .bss.ptmSysmHandle
                0x0011e480        0x4 /opt/devkitpro/libctru/lib/libctru.a(ptmsysm.o)
 .bss.srvPmHandle
                0x0011e484        0x4 /opt/devkitpro/libctru/lib/libctru.a(srvpm.o)
 .bss.__ctru_linear_heap_size
                0x0011e488        0x4 /opt/devkitpro/libctru/lib/libctru.a(allocateHeaps.o)