Archive member included to satisfy reference by file (symbol)

/opt/devkitpro/libctru/lib/libctru.a(console.o)
                              main.o (consoleSelect)
/opt/devkitpro/libctru/lib/libctru.a(gfx.o)
                              /opt/devkitpro/libctru/lib/libctru.a(console.o) (gfxIsWide)
/opt/devkitpro/libctru/lib/libctru.a(apt.o)
                              main.o (aptMainLoop)
/opt/devkitpro/libctru/lib/libctru.a(gspgpu.o)
                              /opt/devkitpro/libctru/lib/libctru.a(gfx.o) (gspInit)
/opt/devkitpro/libctru/lib/libctru.a(hid.o)
                              main.o (hidScanInput)
/opt/devkitpro/libctru/lib/libctru.a(irrst.o)
                              /opt/devkitpro/libctru/lib/libctru.a(hid.o) (irrstInit)
/opt/devkitpro/libctru/lib/libctru.a(ctru_init.o)
                              /opt/devkitpro/libctru/lib/libctru.a(apt.o) (__system_retAddr)
/opt/devkitpro/libctru/lib/libctru.a(initArgv.o)
                              /opt/devkitpro/libctru/lib/libctru.a(ctru_init.o) (__system_initArgv)
/opt/devkitpro/libctru/lib/libctru.a(syscalls.o)
                              /opt/devkitpro/libctru/lib/libctru.a(ctru_init.o) (__system_initSyscalls)
/opt/devkitpro/libctru/lib/libctru.a(svc.o)
                              main.o (svcSleepThread)
/opt/devkitpro/libctru/lib/libctru.a(stack_adjust.o)
                              /opt/devkitpro/devkitARM/bin/../lib/gcc/arm-none-eabi/15.1.0/../../../../arm-none-eabi/lib/armv6k/fpu/3dsx_crt0.o (initSystem)
/opt/devkitpro/libctru/lib/libctru.a(default_font.bin.o)
                              /opt/devkitpro/libctru/lib/libctru.a(console.o) (default_font_bin)
/opt/devkitpro/libctru/lib/libctru.a(linear.o)
                              /opt/devkitpro/libctru/lib/libctru.a(gfx.o) (linearAlloc)
/opt/devkitpro/libctru/lib/libctru.a(mem_pool.o)
                              /opt/devkitpro/libctru/lib/libctru.a(linear.o) (MemPool::Allocate(MemChunk&, unsigned long, int))
/opt/devkitpro/libctru/lib/libctru.a(vram.o)
                              /opt/devkitpro/libctru/lib/libctru.a(gfx.o) (vramAlloc)
/opt/devkitpro/libctru/lib/libctru.a(3dslink.o)
                              /opt/devkitpro/libctru/lib/libctru.a(initArgv.o) (__3dslink_host)
/opt/devkitpro/libctru/lib/libctru.a(env.o)
                              /opt/devkitpro/libctru/lib/libctru.a(irrst.o) (envGetHandle)
/opt/devkitpro/libctru/lib/libctru.a(os.o)
                              /opt/devkitpro/libctru/lib/libctru.a(syscalls.o) (osGetTime)
/opt/devkitpro/libctru/lib/libctru.a(srv.o)
                              /opt/devkitpro/libctru/lib/libctru.a(apt.o) (srvInit)
/opt/devkitpro/libctru/lib/libctru.a(synchronization.o)
                              /opt/devkitpro/libctru/lib/libctru.a(ctru_init.o) (__sync_init)
/opt/devkitpro/libctru/lib/libctru.a(thread.o)
                              /opt/devkitpro/libctru/lib/libctru.a(apt.o) (threadCreate)
/opt/devkitpro/libctru/lib/libctru.a(mappable.o)
                              /opt/devkitpro/libctru/lib/libctru.a(apt.o) (mappableAlloc)
/opt/devkitpro/libctru/lib/libctru.a(ptmsysm.o)
                              /opt/devkitpro/libctru/lib/libctru.a(os.o) (ptmSysmInit)
/opt/devkitpro/libctru/lib/libctru.a(srvpm.o)
                              /opt/devkitpro/libctru/lib/libctru.a(srv.o) (srvPmGetSessionHandle)
/opt/devkitpro/libctru/lib/libctru.a(soc_connect.o)
                              /opt/devkitpro/libctru/lib/libctru.a(3dslink.o) (connect)
/opt/devkitpro/libctru/lib/libctru.a(soc_socket.o)
                              /opt/devkitpro/libctru/lib/libctru.a(3dslink.o) (socket)
/opt/devkitpro/libctru/lib/libctru.a(rbtree_find.o)
                              /opt/devkitpro/libctru/lib/libctru.a(linear.o) (rbtree_find)
/opt/devkitpro/libctru/lib/libctru.a(rbtree_init.o)
                              /opt/devkitpro/libctru/lib/libctru.a(linear.o) (rbtree_init)
/opt/devkitpro/libctru/lib/libctru.a(rbtree_insert.o)
                              /opt/devkitpro/libctru/lib/libctru.a(linear.o) (rbtree_insert)
/opt/devkitpro/libctru/lib/libctru.a(rbtree_remove.o)
                              /opt/devkitpro/libctru/lib/libctru.a(linear.o) (rbtree_remove)
/opt/devkitpro/libctru/lib/libctru.a(rbtree_rotate.o)
                              /opt/devkitpro/libctru/lib/libctru.a(rbtree_insert.o) (rbtree_rotate)
/opt/devkitpro/libctru/lib/libctru.a(allocateHeaps.o)
                              /opt/devkitpro/libctru/lib/libctru.a(ctru_init.o) (__system_allocateHeaps)
/opt/devkitpro/libctru/lib/libctru.a(appExit.o)
                              /opt/devkitpro/libctru/lib/libctru.a(stack_adjust.o) (__appExit)
/opt/devkitpro/libctru/lib/libctru.a(appInit.o)
                              /opt/devkitpro/libctru/lib/libctru.a(stack_adjust.o) (__appInit)
/opt/devkitpro/libctru/lib/libctru.a(ctru_exit.o)
                              /opt/devkitpro/libctru/lib/libctru.a(stack_adjust.o) (__libctru_exit)
[...]
Memory Configuration

Name             Origin             Length             Attributes
*default*        0x00000000         0xffffffff

Linker script and memory map

                0x00000000                        __sync_synchronize = __sync_synchronize_dmb
                0x00100000                        PROVIDE (__start__ = 0x100000)
                0x00100000                        . = __start__

.text           0x00100000    0x17ba0
 *(.crt0)
 .crt0          0x00100000       0x94 /opt/devkitpro/devkitARM/bin/../lib/gcc/arm-none-eabi/15.1.0/../../../../arm-none-eabi/lib/armv6k/fpu/3dsx_crt0.o
                0x00100000                _start
                0x00100008                __service_ptr
                0x0010000c                __apt_appid
                0x00100010                __heap_size
                0x00100014                __linear_heap_size
                0x00100018                __system_arglist
                0x0010001c                __system_runflags
 *(.init)
 .init          0x00100094        0xc /opt/devkitpro/devkitARM/bin/../lib/gcc/arm-none-eabi/15.1.0/armv6k/fpu/crti.o
                0x00100094                _init
 .init          0x001000a0        0xc /opt/devkitpro/devkitARM/bin/../lib/gcc/arm-none-eabi/15.1.0/armv6k/fpu/crtn.o
                0x001000ac                        . = ALIGN (0x4)
 *(.text)
 .text          0x001000ac      0x240 /opt/devkitpro/devkitARM/bin/../lib/gcc/arm-none-eabi/15.1.0/armv6k/fpu/libgcc.a(_divsi3.o)
                0x001000ac                __aeabi_idiv
                0x001000ac                __divsi3
                0x001002cc                __aeabi_idivmod
 .text          0x001002ec        0x4 /opt/devkitpro/devkitARM/bin/../lib/gcc/arm-none-eabi/15.1.0/armv6k/fpu/libgcc.a(_dvmd_tls.o)
                0x001002ec                __aeabi_ldiv0
                0x001002ec                __aeabi_idiv0
 .text          0x001002f0       0xd4 /opt/devkitpro/devkitARM/bin/../lib/gcc/arm-none-eabi/15.1.0/armv6k/fpu/libgcc.a(_aeabi_ldivmod.o)
                0x001002f0                __aeabi_ldivmod
 .text          0x001003c4       0x3c /opt/devkitpro/devkitARM/bin/../lib/gcc/arm-none-eabi/15.1.0/armv6k/fpu/libgcc.a(_aeabi_uldivmod.o)
                0x001003c4                __aeabi_uldivmod
 .text          0x00100400      0x390 /opt/devkitpro/devkitARM/bin/../lib/gcc/arm-none-eabi/15.1.0/../../../../arm-none-eabi/lib/armv6k/fpu/libg.a(libc_a-strcmp.o)
                0x00100408                strcmp
 .text          0x00100790      0x20c /opt/devkitpro/devkitARM/bin/../lib/gcc/arm-none-eabi/15.1.0/armv6k/fpu/libgcc.a(_udivsi3.o)
                0x00100790                __udivsi3
                0x00100790                __aeabi_uidiv
                0x0010097c                __aeabi_uidivmod
 *(.text.*)
 .text.__do_global_dtors_aux
                0x0010099c       0x50 /opt/devkitpro/devkitARM/bin/../lib/gcc/arm-none-eabi/15.1.0/armv6k/fpu/crtbegin.o
 .text.frame_dummy
                0x001009ec       0x2c /opt/devkitpro/devkitARM/bin/../lib/gcc/arm-none-eabi/15.1.0/armv6k/fpu/crtbegin.o
 .text.startup.main
                0x00100a18      0x184 main.o
                0x00100a18                main
 .text.consoleSelect
                0x00100b9c       0x18 /opt/devkitpro/libctru/lib/libctru.a(console.o)
                0x00100b9c                consoleSelect
 .text.consoleDrawChar
                0x00100bb4      0x1c8 /opt/devkitpro/libctru/lib/libctru.a(console.o)
                0x00100bb4                consoleDrawChar
 .text.consolePrintChar
                0x00100d7c      0x170 /opt/devkitpro/libctru/lib/libctru.a(console.o)
                0x00100d7c                consolePrintChar
 .text.con_write
                0x00100eec      0xc40 /opt/devkitpro/libctru/lib/libctru.a(console.o)
                0x00100eec                con_write
 .text.newRow   0x00101b2c      0x110 /opt/devkitpro/libctru/lib/libctru.a(console.o)
 .text.consoleInit
                0x00101c3c      0x180 /opt/devkitpro/libctru/lib/libctru.a(console.o)
                0x00101c3c                consoleInit
 .text.gfxPresentFramebuffer
                0x00101dbc       0xcc /opt/devkitpro/libctru/lib/libctru.a(gfx.o)
 .text.gfxIsWide
                0x00101e88       0x1c /opt/devkitpro/libctru/lib/libctru.a(gfx.o)
                0x00101e88                gfxIsWide
 .text.gfxSetScreenFormat
                0x00101ea4       0xf8 /opt/devkitpro/libctru/lib/libctru.a(gfx.o)
                0x00101ea4                gfxSetScreenFormat
 .text.gfxSetDoubleBuffering
                0x00101f9c       0x10 /opt/devkitpro/libctru/lib/libctru.a(gfx.o)
                0x00101f9c                gfxSetDoubleBuffering
 .text.gfxInit  0x00101fac       0xd8 /opt/devkitpro/libctru/lib/libctru.a(gfx.o)
                0x00101fac                gfxInit
 .text.gfxInitDefault
                0x00102084       0x10 /opt/devkitpro/libctru/lib/libctru.a(gfx.o)
                0x00102084                gfxInitDefault
 .text.gfxExit  0x00102094       0xb8 /opt/devkitpro/libctru/lib/libctru.a(gfx.o)
                0x00102094                gfxExit
 .text.gfxGetFramebuffer
                0x0010214c       0xa0 /opt/devkitpro/libctru/lib/libctru.a(gfx.o)
                0x0010214c                gfxGetFramebuffer
 .text.gfxFlushBuffers
                0x001021ec      0x100 /opt/devkitpro/libctru/lib/libctru.a(gfx.o)
                0x001021ec                gfxFlushBuffers
 .text.gfxSwapBuffersGpu
                0x001022ec       0x50 /opt/devkitpro/libctru/lib/libctru.a(gfx.o)
                0x001022ec                gfxSwapBuffersGpu
 .text.aptConvertScreenForCapture
                0x0010233c      0x180 /opt/devkitpro/libctru/lib/libctru.a(apt.o)
 .text.aptDspSleep
                0x001024bc        0x8 /opt/devkitpro/libctru/lib/libctru.a(apt.o)
                0x001024bc                aptDspSleep
 .text.aptDspWakeup
                0x001024c4        0x4 /opt/devkitpro/libctru/lib/libctru.a(apt.o)
                0x001024c4                aptDspWakeup
 .text.aptDspCancel
                0x001024c8        0x4 /opt/devkitpro/libctru/lib/libctru.a(apt.o)
                0x001024c8                aptDspCancel
 .text.aptSendCommand
                0x001024cc      0x138 /opt/devkitpro/libctru/lib/libctru.a(apt.o)
                0x001024cc                aptSendCommand
 *fill*         0x00102604        0x4 
 .text.aptExitProcess
                0x00102608       0x44 /opt/devkitpro/libctru/lib/libctru.a(apt.o)
 .text.aptExit  0x0010264c      0x394 /opt/devkitpro/libctru/lib/libctru.a(apt.o)
                0x0010264c                aptExit
 .text.aptHandleSleep
                0x001029e0       0xd8 /opt/devkitpro/libctru/lib/libctru.a(apt.o)
                0x001029e0                aptHandleSleep
 .text.APT_SleepIfShellClosed
                0x00102ab8       0x84 /opt/devkitpro/libctru/lib/libctru.a(apt.o)
                0x00102ab8                APT_SleepIfShellClosed
 .text.aptSetSleepAllowed
                0x00102b3c       0x78 /opt/devkitpro/libctru/lib/libctru.a(apt.o)
                0x00102b3c                aptSetSleepAllowed
 .text.APT_UnlockTransition
                0x00102bb4       0x84 /opt/devkitpro/libctru/lib/libctru.a(apt.o)
                0x00102bb4                APT_UnlockTransition
 .text.aptEventHandler
                0x00102c38      0x470 /opt/devkitpro/libctru/lib/libctru.a(apt.o)
 .text.APT_ReceiveParameter
                0x001030a8       0xbc /opt/devkitpro/libctru/lib/libctru.a(apt.o)
                0x001030a8                APT_ReceiveParameter
 .text.aptReceiveParameter.constprop.0
                0x00103164       0xb0 /opt/devkitpro/libctru/lib/libctru.a(apt.o)
 *fill*         0x00103214        0x4 
 .text.aptScreenTransfer
                0x00103218      0x294 /opt/devkitpro/libctru/lib/libctru.a(apt.o)
 .text.aptWaitForWakeUp.isra.0
                0x001034ac      0x2d0 /opt/devkitpro/libctru/lib/libctru.a(apt.o)
 .text.aptJumpToHomeMenu
                0x0010377c       0xf4 /opt/devkitpro/libctru/lib/libctru.a(apt.o)
                0x0010377c                aptJumpToHomeMenu
 .text.aptMainLoop
                0x00103870       0x58 /opt/devkitpro/libctru/lib/libctru.a(apt.o)
                0x00103870                aptMainLoop
 .text.aptInit  0x001038c8      0x240 /opt/devkitpro/libctru/lib/libctru.a(apt.o)
                0x001038c8                aptInit
 .text.APT_CheckNew3DS
                0x00103b08       0x90 /opt/devkitpro/libctru/lib/libctru.a(apt.o)
                0x00103b08                APT_CheckNew3DS
 .text.gspHardwareInit
                0x00103b98      0xc70 /opt/devkitpro/libctru/lib/libctru.a(gspgpu.o)
 .text.gspInit  0x00104808      0x280 /opt/devkitpro/libctru/lib/libctru.a(gspgpu.o)
                0x00104808                gspInit
 .text.gspExit  0x00104a88      0x110 /opt/devkitpro/libctru/lib/libctru.a(gspgpu.o)
                0x00104a88                gspExit
 .text.gspHasGpuRight
                0x00104b98       0x10 /opt/devkitpro/libctru/lib/libctru.a(gspgpu.o)
                0x00104b98                gspHasGpuRight
 .text.gspPresentBuffer
                0x00104ba8       0xa4 /opt/devkitpro/libctru/lib/libctru.a(gspgpu.o)
                0x00104ba8                gspPresentBuffer
 .text.gspWaitForEvent
                0x00104c4c       0x50 /opt/devkitpro/libctru/lib/libctru.a(gspgpu.o)
                0x00104c4c                gspWaitForEvent
 .text.gxCmdQueueInterrupt
                0x00104c9c        0x4 /opt/devkitpro/libctru/lib/libctru.a(gspgpu.o)
                0x00104c9c                gxCmdQueueInterrupt
 .text.gspEventThreadMain
                0x00104ca0      0x154 /opt/devkitpro/libctru/lib/libctru.a(gspgpu.o)
 .text.GSPGPU_FlushDataCache
                0x00104df4       0x50 /opt/devkitpro/libctru/lib/libctru.a(gspgpu.o)
                0x00104df4                GSPGPU_FlushDataCache
 .text.GSPGPU_SetLcdForceBlack
                0x00104e44       0x34 /opt/devkitpro/libctru/lib/libctru.a(gspgpu.o)
                0x00104e44                GSPGPU_SetLcdForceBlack
 .text.GSPGPU_AcquireRight
                0x00104e78       0x80 /opt/devkitpro/libctru/lib/libctru.a(gspgpu.o)
                0x00104e78                GSPGPU_AcquireRight
 .text.GSPGPU_ReleaseRight
                0x00104ef8       0x5c /opt/devkitpro/libctru/lib/libctru.a(gspgpu.o)
                0x00104ef8                GSPGPU_ReleaseRight
 .text.GSPGPU_ImportDisplayCaptureInfo
                0x00104f54       0x7c /opt/devkitpro/libctru/lib/libctru.a(gspgpu.o)
                0x00104f54                GSPGPU_ImportDisplayCaptureInfo
 .text.GSPGPU_SaveVramSysArea
                0x00104fd0       0x2c /opt/devkitpro/libctru/lib/libctru.a(gspgpu.o)
                0x00104fd0                GSPGPU_SaveVramSysArea
 .text.GSPGPU_RestoreVramSysArea
                0x00104ffc       0x2c /opt/devkitpro/libctru/lib/libctru.a(gspgpu.o)
                0x00104ffc                GSPGPU_RestoreVramSysArea
 .text.hidShouldUseIrrst
                0x00105028       0x24 /opt/devkitpro/libctru/lib/libctru.a(hid.o)
                0x00105028                hidShouldUseIrrst
 .text.hidInit  0x0010504c      0x1cc /opt/devkitpro/libctru/lib/libctru.a(hid.o)
                0x0010504c                hidInit
 .text.hidExit  0x00105218       0xe8 /opt/devkitpro/libctru/lib/libctru.a(hid.o)
                0x00105218                hidExit
 .text.hidScanInput
                0x00105300      0x2a0 /opt/devkitpro/libctru/lib/libctru.a(hid.o)
                0x00105300                hidScanInput
 .text.hidKeysDown
                0x001055a0       0x10 /opt/devkitpro/libctru/lib/libctru.a(hid.o)
                0x001055a0                hidKeysDown
 .text.irrstInit
                0x001055b0      0x1a4 /opt/devkitpro/libctru/lib/libctru.a(irrst.o)
                0x001055b0                irrstInit
 .text.irrstExit
                0x00105754       0xdc /opt/devkitpro/libctru/lib/libctru.a(irrst.o)
                0x00105754                irrstExit
 .text.irrstScanInput
                0x00105830       0xb4 /opt/devkitpro/libctru/lib/libctru.a(irrst.o)
                0x00105830                irrstScanInput
 .text.irrstKeysHeld
                0x001058e4       0x24 /opt/devkitpro/libctru/lib/libctru.a(irrst.o)
                0x001058e4                irrstKeysHeld
 .text.__libctru_init
                0x00105908       0x38 /opt/devkitpro/libctru/lib/libctru.a(ctru_init.o)
                0x00105908                __libctru_init
 .text.__system_initArgv
                0x00105940      0x16c /opt/devkitpro/libctru/lib/libctru.a(initArgv.o)
                0x00105940                __system_initArgv
 .text.__syscall_getreent
                0x00105aac       0x30 /opt/devkitpro/libctru/lib/libctru.a(syscalls.o)
                0x00105aac                __syscall_getreent
 .text.__syscall_gettod_r
                0x00105adc       0x64 /opt/devkitpro/libctru/lib/libctru.a(syscalls.o)
                0x00105adc                __syscall_gettod_r
 .text.__syscall_lock_acquire
                0x00105b40        0x4 /opt/devkitpro/libctru/lib/libctru.a(syscalls.o)
                0x00105b40                __syscall_lock_acquire
 .text.__syscall_lock_release
                0x00105b44        0x4 /opt/devkitpro/libctru/lib/libctru.a(syscalls.o)
                0x00105b44                __syscall_lock_release
 .text.__syscall_lock_acquire_recursive
                0x00105b48        0x4 /opt/devkitpro/libctru/lib/libctru.a(syscalls.o)
                0x00105b48                __syscall_lock_acquire_recursive
 .text.__syscall_lock_release_recursive
                0x00105b4c        0x4 /opt/devkitpro/libctru/lib/libctru.a(syscalls.o)
                0x00105b4c                __syscall_lock_release_recursive
 .text.__syscall_exit
                0x00105b50        0x4 /opt/devkitpro/libctru/lib/libctru.a(syscalls.o)
                0x00105b50                __syscall_exit
 .text.initThreadVars
                0x00105b54       0x54 /opt/devkitpro/libctru/lib/libctru.a(syscalls.o)
                0x00105b54                initThreadVars
 .text.__system_initSyscalls
                0x00105ba8       0x80 /opt/devkitpro/libctru/lib/libctru.a(syscalls.o)
                0x00105ba8                __system_initSyscalls
 .text.svcControlMemory
                0x00105c28       0x20 /opt/devkitpro/libctru/lib/libctru.a(svc.o)
                0x00105c28                svcControlMemory
 .text.svcQueryMemory
                0x00105c48       0x30 /opt/devkitpro/libctru/lib/libctru.a(svc.o)
                0x00105c48                svcQueryMemory
 .text.svcExitProcess
                0x00105c78        0x8 /opt/devkitpro/libctru/lib/libctru.a(svc.o)
                0x00105c78                svcExitProcess
 .text.svcCreateThread
                0x00105c80       0x20 /opt/devkitpro/libctru/lib/libctru.a(svc.o)
                0x00105c80                svcCreateThread
 .text.svcExitThread
                0x00105ca0        0x8 /opt/devkitpro/libctru/lib/libctru.a(svc.o)
                0x00105ca0                svcExitThread
 .text.svcSleepThread
                0x00105ca8        0x8 /opt/devkitpro/libctru/lib/libctru.a(svc.o)
                0x00105ca8                svcSleepThread
 .text.svcReleaseMutex
                0x00105cb0        0x8 /opt/devkitpro/libctru/lib/libctru.a(svc.o)
                0x00105cb0                svcReleaseMutex
 .text.svcCreateEvent
                0x00105cb8       0x14 /opt/devkitpro/libctru/lib/libctru.a(svc.o)
                0x00105cb8                svcCreateEvent
 .text.svcSignalEvent
                0x00105ccc        0x8 /opt/devkitpro/libctru/lib/libctru.a(svc.o)
                0x00105ccc                svcSignalEvent
 .text.svcClearEvent
                0x00105cd4        0x8 /opt/devkitpro/libctru/lib/libctru.a(svc.o)
                0x00105cd4                svcClearEvent
 .text.svcMapMemoryBlock
                0x00105cdc        0x8 /opt/devkitpro/libctru/lib/libctru.a(svc.o)
                0x00105cdc                svcMapMemoryBlock
 .text.svcUnmapMemoryBlock
                0x00105ce4        0x8 /opt/devkitpro/libctru/lib/libctru.a(svc.o)
                0x00105ce4                svcUnmapMemoryBlock
 .text.svcCreateAddressArbiter
                0x00105cec       0x14 /opt/devkitpro/libctru/lib/libctru.a(svc.o)
                0x00105cec                svcCreateAddressArbiter
 .text.svcArbitrateAddressNoTimeout
                0x00105d00        0x8 /opt/devkitpro/libctru/lib/libctru.a(svc.o)
                0x00105d00                svcArbitrateAddressNoTimeout
 .text.svcCloseHandle
                0x00105d08        0x8 /opt/devkitpro/libctru/lib/libctru.a(svc.o)
                0x00105d08                svcCloseHandle
 .text.svcWaitSynchronization
                0x00105d10        0x8 /opt/devkitpro/libctru/lib/libctru.a(svc.o)
                0x00105d10                svcWaitSynchronization
 .text.svcWaitSynchronizationN
                0x00105d18       0x28 /opt/devkitpro/libctru/lib/libctru.a(svc.o)
                0x00105d18                svcWaitSynchronizationN
 .text.svcDuplicateHandle
                0x00105d40       0x14 /opt/devkitpro/libctru/lib/libctru.a(svc.o)
                0x00105d40                svcDuplicateHandle
 .text.svcGetSystemTick
                0x00105d54        0x8 /opt/devkitpro/libctru/lib/libctru.a(svc.o)
                0x00105d54                svcGetSystemTick
 .text.svcConnectToPort
                0x00105d5c       0x14 /opt/devkitpro/libctru/lib/libctru.a(svc.o)
                0x00105d5c                svcConnectToPort
 .text.svcSendSyncRequest
                0x00105d70        0x8 /opt/devkitpro/libctru/lib/libctru.a(svc.o)
                0x00105d70                svcSendSyncRequest
 .text.svcGetResourceLimit
                0x00105d78       0x14 /opt/devkitpro/libctru/lib/libctru.a(svc.o)
                0x00105d78                svcGetResourceLimit
 .text.svcGetResourceLimitLimitValues
                0x00105d8c        0x8 /opt/devkitpro/libctru/lib/libctru.a(svc.o)
                0x00105d8c                svcGetResourceLimitLimitValues
 .text.svcGetResourceLimitCurrentValues
                0x00105d94        0x8 /opt/devkitpro/libctru/lib/libctru.a(svc.o)
                0x00105d94                svcGetResourceLimitCurrentValues
 .text.svcBreak
                0x00105d9c        0x8 /opt/devkitpro/libctru/lib/libctru.a(svc.o)
                0x00105d9c                svcBreak
 .text.initSystem
                0x00105da4       0x50 /opt/devkitpro/libctru/lib/libctru.a(stack_adjust.o)
                0x00105da4                initSystem
 .text.__ctru_exit
                0x00105df4       0x14 /opt/devkitpro/libctru/lib/libctru.a(stack_adjust.o)
                0x00105df4                __ctru_exit
 .text._ZL21addrMapNodeComparatorPK11rbtree_nodeS1_
                0x00105e08       0x24 /opt/devkitpro/libctru/lib/libctru.a(linear.o)
 .text._ZL21addrMapNodeDestructorP11rbtree_node
                0x00105e2c        0x4 /opt/devkitpro/libctru/lib/libctru.a(linear.o)
 .text.linearMemAlign
                0x00105e30      0x12c /opt/devkitpro/libctru/lib/libctru.a(linear.o)
                0x00105e30                linearMemAlign
 .text.linearAlloc
                0x00105f5c        0x8 /opt/devkitpro/libctru/lib/libctru.a(linear.o)
                0x00105f5c                linearAlloc
 .text.linearFree
                0x00105f64       0x5c /opt/devkitpro/libctru/lib/libctru.a(linear.o)
                0x00105f64                linearFree
 .text._ZN7MemPool13CoalesceRightEP8MemBlock
                0x00105fc0       0x88 /opt/devkitpro/libctru/lib/libctru.a(mem_pool.o)
                0x00105fc0                MemPool::CoalesceRight(MemBlock*)
 .text._ZN7MemPool8AllocateER8MemChunkmi
                0x00106048      0x178 /opt/devkitpro/libctru/lib/libctru.a(mem_pool.o)
                0x00106048                MemPool::Allocate(MemChunk&, unsigned long, int)
 .text._ZN7MemPool10DeallocateERK8MemChunk
                0x001061c0      0x118 /opt/devkitpro/libctru/lib/libctru.a(mem_pool.o)
                0x001061c0                MemPool::Deallocate(MemChunk const&)
 .text._ZN7MemPool12GetFreeSpaceEv
                0x001062d8       0x30 /opt/devkitpro/libctru/lib/libctru.a(mem_pool.o)
                0x001062d8                MemPool::GetFreeSpace()
 .text._ZL21addrMapNodeComparatorPK11rbtree_nodeS1_
                0x00106308       0x24 /opt/devkitpro/libctru/lib/libctru.a(vram.o)
 .text._ZL21addrMapNodeDestructorP11rbtree_node
                0x0010632c        0x4 /opt/devkitpro/libctru/lib/libctru.a(vram.o)
 .text.vramMemAlignAt
                0x00106330      0x248 /opt/devkitpro/libctru/lib/libctru.a(vram.o)
                0x00106330                vramMemAlignAt
 .text.vramAlloc
                0x00106578        0xc /opt/devkitpro/libctru/lib/libctru.a(vram.o)
                0x00106578                vramAlloc
 .text.vramFree
                0x00106584       0x94 /opt/devkitpro/libctru/lib/libctru.a(vram.o)
                0x00106584                vramFree
 .text.envGetHandle
                0x00106618       0x8c /opt/devkitpro/libctru/lib/libctru.a(env.o)
                0x00106618                envGetHandle
 .text.envDestroyHandles
                0x001066a4       0x50 /opt/devkitpro/libctru/lib/libctru.a(env.o)
                0x001066a4                envDestroyHandles
 .text.osGetTimeRef
                0x001066f4       0x54 /opt/devkitpro/libctru/lib/libctru.a(os.o)
                0x001066f4                osGetTimeRef
 .text.osGetTime
                0x00106748       0xec /opt/devkitpro/libctru/lib/libctru.a(os.o)
                0x00106748                osGetTime
 .text.__ctru_speedup_config
                0x00106834       0x34 /opt/devkitpro/libctru/lib/libctru.a(os.o)
                0x00106834                __ctru_speedup_config
 .text.srvInit  0x00106868      0x164 /opt/devkitpro/libctru/lib/libctru.a(srv.o)
                0x00106868                srvInit
 .text.srvExit  0x001069cc       0x64 /opt/devkitpro/libctru/lib/libctru.a(srv.o)
                0x001069cc                srvExit
 .text.srvEnableNotification
                0x00106a30       0x60 /opt/devkitpro/libctru/lib/libctru.a(srv.o)
                0x00106a30                srvEnableNotification
 .text.srvGetServiceHandleDirect
                0x00106a90       0xa0 /opt/devkitpro/libctru/lib/libctru.a(srv.o)
                0x00106a90                srvGetServiceHandleDirect
 .text.srvGetServiceHandle
                0x00106b30       0x48 /opt/devkitpro/libctru/lib/libctru.a(srv.o)
                0x00106b30                srvGetServiceHandle
 .text.srvSubscribe
                0x00106b78       0x34 /opt/devkitpro/libctru/lib/libctru.a(srv.o)
                0x00106b78                srvSubscribe
 .text.srvReceiveNotification
                0x00106bac       0x60 /opt/devkitpro/libctru/lib/libctru.a(srv.o)
                0x00106bac                srvReceiveNotification
 .text.srvPublishToSubscriber
                0x00106c0c       0x38 /opt/devkitpro/libctru/lib/libctru.a(srv.o)
                0x00106c0c                srvPublishToSubscriber
 .text.__sync_init
                0x00106c44        0xc /opt/devkitpro/libctru/lib/libctru.a(synchronization.o)
                0x00106c44                __sync_init
 .text.__sync_fini
                0x00106c50       0x18 /opt/devkitpro/libctru/lib/libctru.a(synchronization.o)
                0x00106c50                __sync_fini
 .text.syncArbitrateAddress
                0x00106c68       0x28 /opt/devkitpro/libctru/lib/libctru.a(synchronization.o)
                0x00106c68                syncArbitrateAddress
 .text.LightLock_Lock
                0x00106c90       0xac /opt/devkitpro/libctru/lib/libctru.a(synchronization.o)
                0x00106c90                LightLock_Lock
 .text.LightLock_Unlock
                0x00106d3c       0x40 /opt/devkitpro/libctru/lib/libctru.a(synchronization.o)
                0x00106d3c                LightLock_Unlock
 .text.RecursiveLock_Lock
                0x00106d7c       0x54 /opt/devkitpro/libctru/lib/libctru.a(synchronization.o)
                0x00106d7c                RecursiveLock_Lock
 .text.RecursiveLock_Unlock
                0x00106dd0       0x54 /opt/devkitpro/libctru/lib/libctru.a(synchronization.o)
                0x00106dd0                RecursiveLock_Unlock
 .text.LightEvent_Init
                0x00106e24       0x44 /opt/devkitpro/libctru/lib/libctru.a(synchronization.o)
                0x00106e24                LightEvent_Init
 .text.LightEvent_Clear
                0x00106e68       0xb8 /opt/devkitpro/libctru/lib/libctru.a(synchronization.o)
                0x00106e68                LightEvent_Clear
 .text.LightEvent_Signal
                0x00106f20       0xdc /opt/devkitpro/libctru/lib/libctru.a(synchronization.o)
                0x00106f20                LightEvent_Signal
 .text.LightEvent_TryWait
                0x00106ffc       0x50 /opt/devkitpro/libctru/lib/libctru.a(synchronization.o)
                0x00106ffc                LightEvent_TryWait
 .text.LightEvent_Wait
                0x0010704c       0xac /opt/devkitpro/libctru/lib/libctru.a(synchronization.o)
                0x0010704c                LightEvent_Wait
 .text.threadCreate
                0x001070f8      0x1fc /opt/devkitpro/libctru/lib/libctru.a(thread.o)
                0x001070f8                threadCreate
 .text.threadFree
                0x001072f4       0x38 /opt/devkitpro/libctru/lib/libctru.a(thread.o)
                0x001072f4                threadFree
 .text.threadJoin
                0x0010732c       0x24 /opt/devkitpro/libctru/lib/libctru.a(thread.o)
                0x0010732c                threadJoin
 .text.threadGetCurrent
                0x00107350       0x30 /opt/devkitpro/libctru/lib/libctru.a(thread.o)
                0x00107350                threadGetCurrent
 .text.threadExit
                0x00107380       0x40 /opt/devkitpro/libctru/lib/libctru.a(thread.o)
                0x00107380                threadExit
 .text._thread_begin
                0x001073c0       0x20 /opt/devkitpro/libctru/lib/libctru.a(thread.o)
 .text.mappableFindAddressWithin
                0x001073e0       0x90 /opt/devkitpro/libctru/lib/libctru.a(mappable.o)
 .text.mappableInit
                0x00107470       0x28 /opt/devkitpro/libctru/lib/libctru.a(mappable.o)
                0x00107470                mappableInit
 .text.mappableAlloc
                0x00107498       0x7c /opt/devkitpro/libctru/lib/libctru.a(mappable.o)
                0x00107498                mappableAlloc
 .text.mappableFree
                0x00107514        0x4 /opt/devkitpro/libctru/lib/libctru.a(mappable.o)
                0x00107514                mappableFree
 .text.ptmSysmInit
                0x00107518       0x78 /opt/devkitpro/libctru/lib/libctru.a(ptmsysm.o)
                0x00107518                ptmSysmInit
 .text.ptmSysmExit
                0x00107590       0x3c /opt/devkitpro/libctru/lib/libctru.a(ptmsysm.o)
                0x00107590                ptmSysmExit
 .text.PTMSYSM_ConfigureNew3DSCPU
                0x001075cc       0x34 /opt/devkitpro/libctru/lib/libctru.a(ptmsysm.o)
                0x001075cc                PTMSYSM_ConfigureNew3DSCPU
 .text.srvPmGetSessionHandle
                0x00107600        0xc /opt/devkitpro/libctru/lib/libctru.a(srvpm.o)
                0x00107600                srvPmGetSessionHandle
 .text.rbtree_find
                0x0010760c       0x74 /opt/devkitpro/libctru/lib/libctru.a(rbtree_find.o)
                0x0010760c                rbtree_find
 .text.rbtree_init
                0x00107680       0x10 /opt/devkitpro/libctru/lib/libctru.a(rbtree_init.o)
                0x00107680                rbtree_init
 .text.do_insert
                0x00107690      0x198 /opt/devkitpro/libctru/lib/libctru.a(rbtree_insert.o)
 .text.rbtree_insert
                0x00107828        0x8 /opt/devkitpro/libctru/lib/libctru.a(rbtree_insert.o)
                0x00107828                rbtree_insert
 .text.rbtree_remove
                0x00107830      0x310 /opt/devkitpro/libctru/lib/libctru.a(rbtree_remove.o)
                0x00107830                rbtree_remove
 .text.rbtree_rotate
                0x00107b40       0x90 /opt/devkitpro/libctru/lib/libctru.a(rbtree_rotate.o)
                0x00107b40                rbtree_rotate
 .text.__system_allocateHeaps
                0x00107bd0      0x1e8 /opt/devkitpro/libctru/lib/libctru.a(allocateHeaps.o)
                0x00107bd0                __system_allocateHeaps
 .text.__appExit
                0x00107db8       0x30 /opt/devkitpro/libctru/lib/libctru.a(appExit.o)
                0x00107db8                __appExit
 .text.__appInit
                0x00107de8       0x30 /opt/devkitpro/libctru/lib/libctru.a(appInit.o)
                0x00107de8                __appInit
 .text.__libctru_exit
                0x00107e18       0x90 /opt/devkitpro/libctru/lib/libctru.a(ctru_exit.o)
                0x00107e18                __libctru_exit
 .text.archive_link
                0x00107ea8       0x14 /opt/devkitpro/libctru/lib/libctru.a(archive_dev.o)
 .text.archive_dirreset
                0x00107ebc       0x14 /opt/devkitpro/libctru/lib/libctru.a(archive_dev.o)
 .text.archive_chmod
                0x00107ed0       0x14 /opt/devkitpro/libctru/lib/libctru.a(archive_dev.o)
 .text.error_cmp
                0x00107ee4       0x24 /opt/devkitpro/libctru/lib/libctru.a(archive_dev.o)
 .text.archive_translate_error
                0x00107f08       0x50 /opt/devkitpro/libctru/lib/libctru.a(archive_dev.o)
 .text.archive_seek
                0x00107f58       0xc0 /opt/devkitpro/libctru/lib/libctru.a(archive_dev.o)
 .text._archiveInit.part.0
                0x00108018       0x78 /opt/devkitpro/libctru/lib/libctru.a(archive_dev.o)
 .text.archiveFindDevice.part.0
                0x00108090       0xd4 /opt/devkitpro/libctru/lib/libctru.a(archive_dev.o)
 .text.archive_utf16path
                0x00108164      0x298 /opt/devkitpro/libctru/lib/libctru.a(archive_dev.o)
 .text._archiveUnmountDeviceStruct.part.0
                0x001083fc       0x98 /opt/devkitpro/libctru/lib/libctru.a(archive_dev.o)
 .text.archive_statvfs
                0x00108494       0x14 /opt/devkitpro/libctru/lib/libctru.a(archive_dev.o)
 .text.archive_fchmod
                0x001084a8       0x14 /opt/devkitpro/libctru/lib/libctru.a(archive_dev.o)
 .text._archiveMountDevice
                0x001084bc      0x178 /opt/devkitpro/libctru/lib/libctru.a(archive_dev.o)
 .text.archive_diropen
                0x00108634       0xf8 /opt/devkitpro/libctru/lib/libctru.a(archive_dev.o)
 .text.archive_fstat
                0x0010872c       0xac /opt/devkitpro/libctru/lib/libctru.a(archive_dev.o)
 .text.archive_fsync
                0x001087d8       0x74 /opt/devkitpro/libctru/lib/libctru.a(archive_dev.o)
 .text.archive_close
                0x0010884c       0x74 /opt/devkitpro/libctru/lib/libctru.a(archive_dev.o)
 .text.archive_dirclose
                0x001088c0       0x78 /opt/devkitpro/libctru/lib/libctru.a(archive_dev.o)
 .text.sdmc_statvfs
                0x00108938       0xec /opt/devkitpro/libctru/lib/libctru.a(archive_dev.o)
 .text.archive_chdir
                0x00108a24       0xf8 /opt/devkitpro/libctru/lib/libctru.a(archive_dev.o)
 .text.archive_ftruncate
                0x00108b1c       0x8c /opt/devkitpro/libctru/lib/libctru.a(archive_dev.o)
 .text.archive_read
                0x00108ba8       0xbc /opt/devkitpro/libctru/lib/libctru.a(archive_dev.o)
 .text.archive_unlink
                0x00108c64       0xa8 /opt/devkitpro/libctru/lib/libctru.a(archive_dev.o)
 .text.archive_rmdir
                0x00108d0c       0xc0 /opt/devkitpro/libctru/lib/libctru.a(archive_dev.o)
 .text.archive_mkdir
                0x00108dcc       0xd8 /opt/devkitpro/libctru/lib/libctru.a(archive_dev.o)
 .text.archive_stat
                0x00108ea4      0x1a0 /opt/devkitpro/libctru/lib/libctru.a(archive_dev.o)
 .text.archive_dirnext
                0x00109044      0x164 /opt/devkitpro/libctru/lib/libctru.a(archive_dev.o)
 .text.archive_write
                0x001091a8      0x13c /opt/devkitpro/libctru/lib/libctru.a(archive_dev.o)
 *fill*         0x001092e4        0x4 
 .text.archive_open
                0x001092e8      0x254 /opt/devkitpro/libctru/lib/libctru.a(archive_dev.o)
 .text.archive_rename
                0x0010953c      0x270 /opt/devkitpro/libctru/lib/libctru.a(archive_dev.o)
 .text.archiveMountSdmc
                0x001097ac      0x1c8 /opt/devkitpro/libctru/lib/libctru.a(archive_dev.o)
                0x001097ac                archiveMountSdmc
 .text.archiveUnmountAll
                0x00109974       0x54 /opt/devkitpro/libctru/lib/libctru.a(archive_dev.o)
                0x00109974                archiveUnmountAll
 .text.fsInit   0x001099c8      0x104 /opt/devkitpro/libctru/lib/libctru.a(fs.o)
                0x001099c8                fsInit
 .text.fsExit   0x00109acc       0x3c /opt/devkitpro/libctru/lib/libctru.a(fs.o)
                0x00109acc                fsExit
 .text.fsExemptFromSession
                0x00109b08       0x68 /opt/devkitpro/libctru/lib/libctru.a(fs.o)
                0x00109b08                fsExemptFromSession
 .text.fsUnexemptFromSession
                0x00109b70       0x50 /opt/devkitpro/libctru/lib/libctru.a(fs.o)
                0x00109b70                fsUnexemptFromSession
 .text.FSUSER_OpenFile
                0x00109bc0       0xcc /opt/devkitpro/libctru/lib/libctru.a(fs.o)
                0x00109bc0                FSUSER_OpenFile
 .text.FSUSER_DeleteFile
                0x00109c8c       0xb8 /opt/devkitpro/libctru/lib/libctru.a(fs.o)
                0x00109c8c                FSUSER_DeleteFile
 .text.FSUSER_RenameFile
                0x00109d44       0xf4 /opt/devkitpro/libctru/lib/libctru.a(fs.o)
                0x00109d44                FSUSER_RenameFile
 .text.FSUSER_DeleteDirectory
                0x00109e38       0xb8 /opt/devkitpro/libctru/lib/libctru.a(fs.o)
                0x00109e38                FSUSER_DeleteDirectory
 .text.FSUSER_CreateFile
                0x00109ef0       0xd0 /opt/devkitpro/libctru/lib/libctru.a(fs.o)
                0x00109ef0                FSUSER_CreateFile
 .text.FSUSER_CreateDirectory
                0x00109fc0       0xc0 /opt/devkitpro/libctru/lib/libctru.a(fs.o)
                0x00109fc0                FSUSER_CreateDirectory
 .text.FSUSER_RenameDirectory
                0x0010a080       0xf4 /opt/devkitpro/libctru/lib/libctru.a(fs.o)
                0x0010a080                FSUSER_RenameDirectory
 .text.FSUSER_OpenDirectory
                0x0010a174       0xb4 /opt/devkitpro/libctru/lib/libctru.a(fs.o)
                0x0010a174                FSUSER_OpenDirectory
 .text.FSUSER_OpenArchive
                0x0010a228       0x90 /opt/devkitpro/libctru/lib/libctru.a(fs.o)
                0x0010a228                FSUSER_OpenArchive
 .text.FSUSER_CloseArchive
                0x0010a2b8       0x8c /opt/devkitpro/libctru/lib/libctru.a(fs.o)
                0x0010a2b8                FSUSER_CloseArchive
 .text.FSUSER_GetSdmcArchiveResource
                0x0010a344       0x74 /opt/devkitpro/libctru/lib/libctru.a(fs.o)
                0x0010a344                FSUSER_GetSdmcArchiveResource
 .text.FSUSER_IsSdmcWritable
                0x0010a3b8       0x64 /opt/devkitpro/libctru/lib/libctru.a(fs.o)
                0x0010a3b8                FSUSER_IsSdmcWritable
 .text.FSFILE_Read
                0x0010a41c       0x64 /opt/devkitpro/libctru/lib/libctru.a(fs.o)
                0x0010a41c                FSFILE_Read
 .text.FSFILE_Write
                0x0010a480       0x6c /opt/devkitpro/libctru/lib/libctru.a(fs.o)
                0x0010a480                FSFILE_Write
 .text.FSFILE_GetSize
                0x0010a4ec       0x44 /opt/devkitpro/libctru/lib/libctru.a(fs.o)
                0x0010a4ec                FSFILE_GetSize
 .text.FSFILE_SetSize
                0x0010a530       0x28 /opt/devkitpro/libctru/lib/libctru.a(fs.o)
                0x0010a530                FSFILE_SetSize
 .text.FSFILE_Close
                0x0010a558       0x3c /opt/devkitpro/libctru/lib/libctru.a(fs.o)
                0x0010a558                FSFILE_Close
 .text.FSFILE_Flush
                0x0010a594       0x24 /opt/devkitpro/libctru/lib/libctru.a(fs.o)
                0x0010a594                FSFILE_Flush
 .text.FSDIR_Read
                0x0010a5b8       0x60 /opt/devkitpro/libctru/lib/libctru.a(fs.o)
                0x0010a5b8                FSDIR_Read
 .text.FSDIR_Close
                0x0010a618       0x3c /opt/devkitpro/libctru/lib/libctru.a(fs.o)
                0x0010a618                FSDIR_Close
 .text.rbtree_node_next
                0x0010a654       0x60 /opt/devkitpro/libctru/lib/libctru.a(rbtree_iterator.o)
                0x0010a654                rbtree_node_next
 .text.decode_utf8
                0x0010a6b4      0x140 /opt/devkitpro/libctru/lib/libctru.a(decode_utf8.o)
                0x0010a6b4                decode_utf8
 .text.utf16_to_utf8
                0x0010a7f4       0xe8 /opt/devkitpro/libctru/lib/libctru.a(utf16_to_utf8.o)
                0x0010a7f4                utf16_to_utf8
 .text.utf8_to_utf16
                0x0010a8dc       0xc0 /opt/devkitpro/libctru/lib/libctru.a(utf8_to_utf16.o)
                0x0010a8dc                utf8_to_utf16
 .text.__aeabi_read_tp
                0x0010a99c        0xc /opt/devkitpro/libctru/lib/libctru.a(readtp.o)
                0x0010a99c                __aeabi_read_tp
 .text.decode_utf16
                0x0010a9a8       0x54 /opt/devkitpro/libctru/lib/libctru.a(decode_utf16.o)
                0x0010a9a8                decode_utf16
 .text.encode_utf16
                0x0010a9fc       0x54 /opt/devkitpro/libctru/lib/libctru.a(encode_utf16.o)
                0x0010a9fc                encode_utf16
 .text.encode_utf8
                0x0010aa50       0xe0 /opt/devkitpro/libctru/lib/libctru.a(encode_utf8.o)
                0x0010aa50                encode_utf8
 .text.__udivmoddi4
                0x0010ab30      0x130 /opt/devkitpro/devkitARM/bin/../lib/gcc/arm-none-eabi/15.1.0/armv6k/fpu/libgcc.a(_udivmoddi4.o)
                0x0010ab30                __udivmoddi4
 .text.strncmp  0x0010ac60       0xd8 /opt/devkitpro/devkitARM/bin/../lib/gcc/arm-none-eabi/15.1.0/../../../../arm-none-eabi/lib/armv6k/fpu/libg.a(libc_a-strncmp.o)
                0x0010ac60                strncmp
 .text.srand    0x0010ad38       0x1c /opt/devkitpro/devkitARM/bin/../lib/gcc/arm-none-eabi/15.1.0/../../../../arm-none-eabi/lib/armv6k/fpu/libg.a(libc_a-rand.o)
                0x0010ad38                srand
 .text.rand     0x0010ad54       0x44 /opt/devkitpro/devkitARM/bin/../lib/gcc/arm-none-eabi/15.1.0/../../../../arm-none-eabi/lib/armv6k/fpu/libg.a(libc_a-rand.o)
                0x0010ad54                rand
 .text.strlen   0x0010ad98       0x8c /opt/devkitpro/devkitARM/bin/../lib/gcc/arm-none-eabi/15.1.0/../../../../arm-none-eabi/lib/armv6k/fpu/libg.a(libc_a-strlen.o)
                0x0010ad98                strlen
 .text.stdio_exit_handler
                0x0010ae24       0x1c /opt/devkitpro/devkitARM/bin/../lib/gcc/arm-none-eabi/15.1.0/../../../../arm-none-eabi/lib/armv6k/fpu/libg.a(libc_a-findfp.o)
 .text.cleanup_stdio
                0x0010ae40       0x5c /opt/devkitpro/devkitARM/bin/../lib/gcc/arm-none-eabi/15.1.0/../../../../arm-none-eabi/lib/armv6k/fpu/libg.a(libc_a-findfp.o)
 .text.global_stdio_init.part.0
                0x0010ae9c      0x154 /opt/devkitpro/devkitARM/bin/../lib/gcc/arm-none-eabi/15.1.0/../../../../arm-none-eabi/lib/armv6k/fpu/libg.a(libc_a-findfp.o)
 .text.__sinit  0x0010aff0       0x5c /opt/devkitpro/devkitARM/bin/../lib/gcc/arm-none-eabi/15.1.0/../../../../arm-none-eabi/lib/armv6k/fpu/libg.a(libc_a-findfp.o)
                0x0010aff0                __sinit
 .text.__sfp_lock_acquire
                0x0010b04c        0xc /opt/devkitpro/devkitARM/bin/../lib/gcc/arm-none-eabi/15.1.0/../../../../arm-none-eabi/lib/armv6k/fpu/libg.a(libc_a-findfp.o)
                0x0010b04c                __sfp_lock_acquire
 .text.__sfp_lock_release
                0x0010b058        0xc /opt/devkitpro/devkitARM/bin/../lib/gcc/arm-none-eabi/15.1.0/../../../../arm-none-eabi/lib/armv6k/fpu/libg.a(libc_a-findfp.o)
                0x0010b058                __sfp_lock_release
 .text._strtoul_l.isra.0
                0x0010b064      0x1ec /opt/devkitpro/devkitARM/bin/../lib/gcc/arm-none-eabi/15.1.0/../../../../arm-none-eabi/lib/armv6k/fpu/libg.a(libc_a-strtoul.o)
 .text.strtoul  0x0010b250       0x3c /opt/devkitpro/devkitARM/bin/../lib/gcc/arm-none-eabi/15.1.0/../../../../arm-none-eabi/lib/armv6k/fpu/libg.a(libc_a-strtoul.o)
                0x0010b250                strtoul
 .text.__libc_init_array
                0x0010b28c       0x84 /opt/devkitpro/devkitARM/bin/../lib/gcc/arm-none-eabi/15.1.0/../../../../arm-none-eabi/lib/armv6k/fpu/libg.a(libc_a-init.o)
                0x0010b28c                __libc_init_array
 .text.strncat  0x0010b310       0x9c /opt/devkitpro/devkitARM/bin/../lib/gcc/arm-none-eabi/15.1.0/../../../../arm-none-eabi/lib/armv6k/fpu/libg.a(libc_a-strncat.o)
                0x0010b310                strncat
 .text._fwalk_sglue
                0x0010b3ac       0x70 /opt/devkitpro/devkitARM/bin/../lib/gcc/arm-none-eabi/15.1.0/../../../../arm-none-eabi/lib/armv6k/fpu/libg.a(libc_a-fwalk.o)
                0x0010b3ac                _fwalk_sglue
 .text.bsearch  0x0010b41c       0x78 /opt/devkitpro/devkitARM/bin/../lib/gcc/arm-none-eabi/15.1.0/../../../../arm-none-eabi/lib/armv6k/fpu/libg.a(libc_a-bsearch.o)
                0x0010b41c                bsearch
 .text.__errno  0x0010b494        0xc /opt/devkitpro/devkitARM/bin/../lib/gcc/arm-none-eabi/15.1.0/../../../../arm-none-eabi/lib/armv6k/fpu/libg.a(libc_a-errno.o)
                0x0010b494                __errno
 .text._puts_r  0x0010b4a0       0xe0 /opt/devkitpro/devkitARM/bin/../lib/gcc/arm-none-eabi/15.1.0/../../../../arm-none-eabi/lib/armv6k/fpu/libg.a(libc_a-puts.o)
                0x0010b4a0                _puts_r
 .text.puts     0x0010b580       0x20 /opt/devkitpro/devkitARM/bin/../lib/gcc/arm-none-eabi/15.1.0/../../../../arm-none-eabi/lib/armv6k/fpu/libg.a(libc_a-puts.o)
                0x0010b580                puts
 .text.memalign
                0x0010b5a0       0x28 /opt/devkitpro/devkitARM/bin/../lib/gcc/arm-none-eabi/15.1.0/../../../../arm-none-eabi/lib/armv6k/fpu/libg.a(libc_a-malign.o)
                0x0010b5a0                memalign
 .text._malloc_r
                0x0010b5c8      0x82c /opt/devkitpro/devkitARM/bin/../lib/gcc/arm-none-eabi/15.1.0/../../../../arm-none-eabi/lib/armv6k/fpu/libg.a(libc_a-mallocr.o)
                0x0010b5c8                _malloc_r
 .text._malloc_trim_r
                0x0010bdf4      0x114 /opt/devkitpro/devkitARM/bin/../lib/gcc/arm-none-eabi/15.1.0/../../../../arm-none-eabi/lib/armv6k/fpu/libg.a(libc_a-freer.o)
                0x0010bdf4                _malloc_trim_r
 .text._free_r  0x0010bf08      0x314 /opt/devkitpro/devkitARM/bin/../lib/gcc/arm-none-eabi/15.1.0/../../../../arm-none-eabi/lib/armv6k/fpu/libg.a(libc_a-freer.o)
                0x0010bf08                _free_r
 .text.printf   0x0010c21c       0x34 /opt/devkitpro/devkitARM/bin/../lib/gcc/arm-none-eabi/15.1.0/../../../../arm-none-eabi/lib/armv6k/fpu/libg.a(libc_a-printf.o)
                0x0010c21c                printf
 .text.strnlen  0x0010c250       0x3c /opt/devkitpro/devkitARM/bin/../lib/gcc/arm-none-eabi/15.1.0/../../../../arm-none-eabi/lib/armv6k/fpu/libg.a(libc_a-strnlen.o)
                0x0010c250                strnlen
 .text.malloc   0x0010c28c       0x40 /opt/devkitpro/devkitARM/bin/../lib/gcc/arm-none-eabi/15.1.0/../../../../arm-none-eabi/lib/armv6k/fpu/libg.a(libc_a-malloc.o)
                0x0010c28c                malloc
 .text.free     0x0010c2cc       0x20 /opt/devkitpro/devkitARM/bin/../lib/gcc/arm-none-eabi/15.1.0/../../../../arm-none-eabi/lib/armv6k/fpu/libg.a(libc_a-malloc.o)
                0x0010c2cc                free
 .text.__sflush_r
                0x0010c2ec      0x22c /opt/devkitpro/devkitARM/bin/../lib/gcc/arm-none-eabi/15.1.0/../../../../arm-none-eabi/lib/armv6k/fpu/libg.a(libc_a-fflush.o)
                0x0010c2ec                __sflush_r
 .text._fflush_r
                0x0010c518       0xc4 /opt/devkitpro/devkitARM/bin/../lib/gcc/arm-none-eabi/15.1.0/../../../../arm-none-eabi/lib/armv6k/fpu/libg.a(libc_a-fflush.o)
                0x0010c518                _fflush_r
 .text.time     0x0010c5dc       0x48 /opt/devkitpro/devkitARM/bin/../lib/gcc/arm-none-eabi/15.1.0/../../../../arm-none-eabi/lib/armv6k/fpu/libg.a(libc_a-time.o)
                0x0010c5dc                time
 .text.memset   0x0010c624       0xe4 /opt/devkitpro/devkitARM/bin/../lib/gcc/arm-none-eabi/15.1.0/../../../../arm-none-eabi/lib/armv6k/fpu/libg.a(libc_a-memset.o)
                0x0010c624                memset
 .text.__malloc_lock
                0x0010c708        0xc /opt/devkitpro/devkitARM/bin/../lib/gcc/arm-none-eabi/15.1.0/../../../../arm-none-eabi/lib/armv6k/fpu/libg.a(libc_a-mlock.o)
                0x0010c708                __malloc_lock
 .text.__malloc_unlock
                0x0010c714        0xc /opt/devkitpro/devkitARM/bin/../lib/gcc/arm-none-eabi/15.1.0/../../../../arm-none-eabi/lib/armv6k/fpu/libg.a(libc_a-mlock.o)
                0x0010c714                __malloc_unlock
 .text.__call_exitprocs
                0x0010c720        0x4 /opt/devkitpro/devkitARM/bin/../lib/gcc/arm-none-eabi/15.1.0/../../../../arm-none-eabi/lib/armv6k/fpu/libg.a(libc_a-exit.o)
                0x0010c720                __call_exitprocs
 .text.exit     0x0010c724       0x30 /opt/devkitpro/devkitARM/bin/../lib/gcc/arm-none-eabi/15.1.0/../../../../arm-none-eabi/lib/armv6k/fpu/libg.a(libc_a-exit.o)
                0x0010c724                exit
 .text.setvbuf  0x0010c754      0x294 /opt/devkitpro/devkitARM/bin/../lib/gcc/arm-none-eabi/15.1.0/../../../../arm-none-eabi/lib/armv6k/fpu/libg.a(libc_a-setvbuf.o)
                0x0010c754                setvbuf
 .text.strncpy  0x0010c9e8       0xd4 /opt/devkitpro/devkitARM/bin/../lib/gcc/arm-none-eabi/15.1.0/../../../../arm-none-eabi/lib/armv6k/fpu/libg.a(libc_a-strncpy.o)
                0x0010c9e8                strncpy
 .text.memcpy   0x0010cabc      0x12c /opt/devkitpro/devkitARM/bin/../lib/gcc/arm-none-eabi/15.1.0/../../../../arm-none-eabi/lib/armv6k/fpu/libg.a(libc_a-memcpy-stub.o)
                0x0010cabc                memcpy
 .text.__sfvwrite_r
                0x0010cbe8      0x4a4 /opt/devkitpro/devkitARM/bin/../lib/gcc/arm-none-eabi/15.1.0/../../../../arm-none-eabi/lib/armv6k/fpu/libg.a(libc_a-fvwrite.o)
                0x0010cbe8                __sfvwrite_r
 .text.__sread  0x0010d08c       0x44 /opt/devkitpro/devkitARM/bin/../lib/gcc/arm-none-eabi/15.1.0/../../../../arm-none-eabi/lib/armv6k/fpu/libg.a(libc_a-stdio.o)
                0x0010d08c                __sread
 .text.__swrite
                0x0010d0d0       0x68 /opt/devkitpro/devkitARM/bin/../lib/gcc/arm-none-eabi/15.1.0/../../../../arm-none-eabi/lib/armv6k/fpu/libg.a(libc_a-stdio.o)
                0x0010d0d0                __swrite
 .text.__sseek  0x0010d138       0x40 /opt/devkitpro/devkitARM/bin/../lib/gcc/arm-none-eabi/15.1.0/../../../../arm-none-eabi/lib/armv6k/fpu/libg.a(libc_a-stdio.o)
                0x0010d138                __sseek
 .text.__sclose
                0x0010d178        0x8 /opt/devkitpro/devkitARM/bin/../lib/gcc/arm-none-eabi/15.1.0/../../../../arm-none-eabi/lib/armv6k/fpu/libg.a(libc_a-stdio.o)
                0x0010d178                __sclose
 .text.memmove  0x0010d180      0x16c /opt/devkitpro/devkitARM/bin/../lib/gcc/arm-none-eabi/15.1.0/../../../../arm-none-eabi/lib/armv6k/fpu/libg.a(libc_a-memmove.o)
                0x0010d180                memmove
 .text._fclose_r
                0x0010d2ec      0x144 /opt/devkitpro/devkitARM/bin/../lib/gcc/arm-none-eabi/15.1.0/../../../../arm-none-eabi/lib/armv6k/fpu/libg.a(libc_a-fclose.o)
                0x0010d2ec                _fclose_r
 .text._memalign_r
                0x0010d430      0x16c /opt/devkitpro/devkitARM/bin/../lib/gcc/arm-none-eabi/15.1.0/../../../../arm-none-eabi/lib/armv6k/fpu/libg.a(libc_a-malignr.o)
                0x0010d430                _memalign_r
 .text.get_arg  0x0010d59c      0x5e0 /opt/devkitpro/devkitARM/bin/../lib/gcc/arm-none-eabi/15.1.0/../../../../arm-none-eabi/lib/armv6k/fpu/libg.a(libc_a-vfprintf.o)
 *fill*         0x0010db7c        0x4 
 .text._vfprintf_r
                0x0010db80     0x3554 /opt/devkitpro/devkitARM/bin/../lib/gcc/arm-none-eabi/15.1.0/../../../../arm-none-eabi/lib/armv6k/fpu/libg.a(libc_a-vfprintf.o)
                0x0010db80                _vfprintf_r
 .text.__sbprintf
                0x001110d4       0xb4 /opt/devkitpro/devkitARM/bin/../lib/gcc/arm-none-eabi/15.1.0/../../../../arm-none-eabi/lib/armv6k/fpu/libg.a(libc_a-vfprintf.o)
 .text.memchr   0x00111188       0xe8 /opt/devkitpro/devkitARM/bin/../lib/gcc/arm-none-eabi/15.1.0/../../../../arm-none-eabi/lib/armv6k/fpu/libg.a(libc_a-memchr-stub.o)
                0x00111188                memchr
 .text.quorem   0x00111270      0x1c0 /opt/devkitpro/devkitARM/bin/../lib/gcc/arm-none-eabi/15.1.0/../../../../arm-none-eabi/lib/armv6k/fpu/libg.a(libc_a-dtoa.o)
 .text._dtoa_r  0x00111430     0x13f0 /opt/devkitpro/devkitARM/bin/../lib/gcc/arm-none-eabi/15.1.0/../../../../arm-none-eabi/lib/armv6k/fpu/libg.a(libc_a-dtoa.o)
                0x00111430                _dtoa_r
 .text._wcrtomb_r
                0x00112820       0xa0 /opt/devkitpro/devkitARM/bin/../lib/gcc/arm-none-eabi/15.1.0/../../../../arm-none-eabi/lib/armv6k/fpu/libg.a(libc_a-wcrtomb.o)
                0x00112820                _wcrtomb_r
 .text.__libc_fini_array
                0x001128c0       0x3c /opt/devkitpro/devkitARM/bin/../lib/gcc/arm-none-eabi/15.1.0/../../../../arm-none-eabi/lib/armv6k/fpu/libg.a(libc_a-fini.o)
                0x001128c0                __libc_fini_array
 .text.__smakebuf_r
                0x001128fc      0x164 /opt/devkitpro/devkitARM/bin/../lib/gcc/arm-none-eabi/15.1.0/../../../../arm-none-eabi/lib/armv6k/fpu/libg.a(libc_a-makebuf.o)
                0x001128fc                __smakebuf_r
 .text.__swhatbuf_r
                0x00112a60       0x90 /opt/devkitpro/devkitARM/bin/../lib/gcc/arm-none-eabi/15.1.0/../../../../arm-none-eabi/lib/armv6k/fpu/libg.a(libc_a-makebuf.o)
                0x00112a60                __swhatbuf_r
 .text._realloc_r
                0x00112af0      0x4f0 /opt/devkitpro/devkitARM/bin/../lib/gcc/arm-none-eabi/15.1.0/../../../../arm-none-eabi/lib/armv6k/fpu/libg.a(libc_a-reallocr.o)
                0x00112af0                _realloc_r
 .text._wcsrtombs_r
                0x00112fe0       0x28 /opt/devkitpro/devkitARM/bin/../lib/gcc/arm-none-eabi/15.1.0/../../../../arm-none-eabi/lib/armv6k/fpu/libg.a(libc_a-wcsrtombs.o)
                0x00112fe0                _wcsrtombs_r
 .text.__swsetup_r
                0x00113008      0x140 /opt/devkitpro/devkitARM/bin/../lib/gcc/arm-none-eabi/15.1.0/../../../../arm-none-eabi/lib/armv6k/fpu/libg.a(libc_a-wsetup.o)
                0x00113008                __swsetup_r
 .text.frexp    0x00113148       0x88 /opt/devkitpro/devkitARM/bin/../lib/gcc/arm-none-eabi/15.1.0/../../../../arm-none-eabi/lib/armv6k/fpu/libg.a(libm_a-s_frexp.o)
                0x00113148                frexp
 .text.__assert_func
                0x001131d0       0x5c /opt/devkitpro/devkitARM/bin/../lib/gcc/arm-none-eabi/15.1.0/../../../../arm-none-eabi/lib/armv6k/fpu/libg.a(libc_a-assert.o)
                0x001131d0                __assert_func
 .text._Balloc  0x0011322c       0x88 /opt/devkitpro/devkitARM/bin/../lib/gcc/arm-none-eabi/15.1.0/../../../../arm-none-eabi/lib/armv6k/fpu/libg.a(libc_a-mprec.o)
                0x0011322c                _Balloc
 .text._Bfree   0x001132b4       0x1c /opt/devkitpro/devkitARM/bin/../lib/gcc/arm-none-eabi/15.1.0/../../../../arm-none-eabi/lib/armv6k/fpu/libg.a(libc_a-mprec.o)
                0x001132b4                _Bfree
 .text.__multadd
                0x001132d0       0xf4 /opt/devkitpro/devkitARM/bin/../lib/gcc/arm-none-eabi/15.1.0/../../../../arm-none-eabi/lib/armv6k/fpu/libg.a(libc_a-mprec.o)
                0x001132d0                __multadd
 .text.__hi0bits
                0x001133c4       0x80 /opt/devkitpro/devkitARM/bin/../lib/gcc/arm-none-eabi/15.1.0/../../../../arm-none-eabi/lib/armv6k/fpu/libg.a(libc_a-mprec.o)
                0x001133c4                __hi0bits
 .text.__lo0bits
                0x00113444       0xf0 /opt/devkitpro/devkitARM/bin/../lib/gcc/arm-none-eabi/15.1.0/../../../../arm-none-eabi/lib/armv6k/fpu/libg.a(libc_a-mprec.o)
                0x00113444                __lo0bits
 .text.__i2b    0x00113534       0xa4 /opt/devkitpro/devkitARM/bin/../lib/gcc/arm-none-eabi/15.1.0/../../../../arm-none-eabi/lib/armv6k/fpu/libg.a(libc_a-mprec.o)
                0x00113534                __i2b
 .text.__multiply
                0x001135d8      0x230 /opt/devkitpro/devkitARM/bin/../lib/gcc/arm-none-eabi/15.1.0/../../../../arm-none-eabi/lib/armv6k/fpu/libg.a(libc_a-mprec.o)
                0x001135d8                __multiply
 .text.__pow5mult
                0x00113808      0x130 /opt/devkitpro/devkitARM/bin/../lib/gcc/arm-none-eabi/15.1.0/../../../../arm-none-eabi/lib/armv6k/fpu/libg.a(libc_a-mprec.o)
                0x00113808                __pow5mult
 .text.__lshift
                0x00113938      0x138 /opt/devkitpro/devkitARM/bin/../lib/gcc/arm-none-eabi/15.1.0/../../../../arm-none-eabi/lib/armv6k/fpu/libg.a(libc_a-mprec.o)
                0x00113938                __lshift
 .text.__mcmp   0x00113a70       0x58 /opt/devkitpro/devkitARM/bin/../lib/gcc/arm-none-eabi/15.1.0/../../../../arm-none-eabi/lib/armv6k/fpu/libg.a(libc_a-mprec.o)
                0x00113a70                __mcmp
 .text.__mdiff  0x00113ac8      0x218 /opt/devkitpro/devkitARM/bin/../lib/gcc/arm-none-eabi/15.1.0/../../../../arm-none-eabi/lib/armv6k/fpu/libg.a(libc_a-mprec.o)
                0x00113ac8                __mdiff
 .text.__d2b    0x00113ce0      0x120 /opt/devkitpro/devkitARM/bin/../lib/gcc/arm-none-eabi/15.1.0/../../../../arm-none-eabi/lib/armv6k/fpu/libg.a(libc_a-mprec.o)
                0x00113ce0                __d2b
 .text.__locale_mb_cur_max
                0x00113e00       0x24 /opt/devkitpro/devkitARM/bin/../lib/gcc/arm-none-eabi/15.1.0/../../../../arm-none-eabi/lib/armv6k/fpu/libg.a(libc_a-locale.o)
                0x00113e00                __locale_mb_cur_max
 .text.fiprintf
                0x00113e24       0x3c /opt/devkitpro/devkitARM/bin/../lib/gcc/arm-none-eabi/15.1.0/../../../../arm-none-eabi/lib/armv6k/fpu/libg.a(libc_a-fiprintf.o)
                0x00113e24                fiprintf
 .text._wcsnrtombs_l
                0x00113e60      0x15c /opt/devkitpro/devkitARM/bin/../lib/gcc/arm-none-eabi/15.1.0/../../../../arm-none-eabi/lib/armv6k/fpu/libg.a(libc_a-wcsnrtombs.o)
                0x00113e60                _wcsnrtombs_l
 .text._wcsnrtombs_r
                0x00113fbc       0x64 /opt/devkitpro/devkitARM/bin/../lib/gcc/arm-none-eabi/15.1.0/../../../../arm-none-eabi/lib/armv6k/fpu/libg.a(libc_a-wcsnrtombs.o)
                0x00113fbc                _wcsnrtombs_r
 .text.__utf8_mbtowc
                0x00114020      0x340 /opt/devkitpro/devkitARM/bin/../lib/gcc/arm-none-eabi/15.1.0/../../../../arm-none-eabi/lib/armv6k/fpu/libg.a(libc_a-mbtowc_r.o)
                0x00114020                __utf8_mbtowc
 .text.__sprint_r
                0x00114360       0x30 /opt/devkitpro/devkitARM/bin/../lib/gcc/arm-none-eabi/15.1.0/../../../../arm-none-eabi/lib/armv6k/fpu/libg.a(libc_a-sprint_r.o)
                0x00114360                __sprint_r
 .text.abort    0x00114390       0x14 /opt/devkitpro/devkitARM/bin/../lib/gcc/arm-none-eabi/15.1.0/../../../../arm-none-eabi/lib/armv6k/fpu/libg.a(libc_a-abort.o)
                0x00114390                abort
 .text._localeconv_r
                0x001143a4       0x24 /opt/devkitpro/devkitARM/bin/../lib/gcc/arm-none-eabi/15.1.0/../../../../arm-none-eabi/lib/armv6k/fpu/libg.a(libc_a-localeconv.o)
                0x001143a4                _localeconv_r
 .text._calloc_r
                0x001143c8       0xd8 /opt/devkitpro/devkitARM/bin/../lib/gcc/arm-none-eabi/15.1.0/../../../../arm-none-eabi/lib/armv6k/fpu/libg.a(libc_a-callocr.o)
                0x001143c8                _calloc_r
 .text.__utf8_wctomb
                0x001144a0       0xf8 /opt/devkitpro/devkitARM/bin/../lib/gcc/arm-none-eabi/15.1.0/../../../../arm-none-eabi/lib/armv6k/fpu/libg.a(libc_a-wctomb_r.o)
                0x001144a0                __utf8_wctomb
 .text.strchr   0x00114598      0x140 /opt/devkitpro/devkitARM/bin/../lib/gcc/arm-none-eabi/15.1.0/../../../../arm-none-eabi/lib/armv6k/fpu/libg.a(libc_a-strchr.o)
                0x00114598                strchr
 .text._raise_r
                0x001146d8       0x9c /opt/devkitpro/devkitARM/bin/../lib/gcc/arm-none-eabi/15.1.0/../../../../arm-none-eabi/lib/armv6k/fpu/libg.a(libc_a-signal.o)
                0x001146d8                _raise_r
 .text.raise    0x00114774       0x20 /opt/devkitpro/devkitARM/bin/../lib/gcc/arm-none-eabi/15.1.0/../../../../arm-none-eabi/lib/armv6k/fpu/libg.a(libc_a-signal.o)
                0x00114774                raise
 .text.get_arg  0x00114794      0x5e0 /opt/devkitpro/devkitARM/bin/../lib/gcc/arm-none-eabi/15.1.0/../../../../arm-none-eabi/lib/armv6k/fpu/libg.a(libc_a-vfiprintf.o)
 .text._vfiprintf_r
                0x00114d74     0x22f8 /opt/devkitpro/devkitARM/bin/../lib/gcc/arm-none-eabi/15.1.0/../../../../arm-none-eabi/lib/armv6k/fpu/libg.a(libc_a-vfiprintf.o)
                0x00114d74                _vfiprintf_r
 .text.__sbprintf
                0x0011706c       0xb4 /opt/devkitpro/devkitARM/bin/../lib/gcc/arm-none-eabi/15.1.0/../../../../arm-none-eabi/lib/armv6k/fpu/libg.a(libc_a-vfiprintf.o)
 .text._exit    0x00117120       0x20 /opt/devkitpro/devkitARM/bin/../lib/gcc/arm-none-eabi/15.1.0/../../../../arm-none-eabi/lib/armv6k/fpu/libsysbase.a(libsysbase_libsysbase_a-_exit.o)
                0x00117120                _exit
 .text.chdir    0x00117140      0x140 /opt/devkitpro/devkitARM/bin/../lib/gcc/arm-none-eabi/15.1.0/../../../../arm-none-eabi/lib/armv6k/fpu/libsysbase.a(libsysbase_libsysbase_a-chdir.o)
                0x00117140                chdir
 .text._concatenate_path
                0x00117280      0x1c8 /opt/devkitpro/devkitARM/bin/../lib/gcc/arm-none-eabi/15.1.0/../../../../arm-none-eabi/lib/armv6k/fpu/libsysbase.a(libsysbase_libsysbase_a-concatenate.o)
                0x00117280                _concatenate_path
 .text._fstat_r
                0x00117448       0x9c /opt/devkitpro/devkitARM/bin/../lib/gcc/arm-none-eabi/15.1.0/../../../../arm-none-eabi/lib/armv6k/fpu/libsysbase.a(libsysbase_libsysbase_a-fstat.o)
                0x00117448                _fstat_r
 .text._getpid_r
                0x001174e4       0x14 /opt/devkitpro/devkitARM/bin/../lib/gcc/arm-none-eabi/15.1.0/../../../../arm-none-eabi/lib/armv6k/fpu/libsysbase.a(libsysbase_libsysbase_a-getpid.o)
                0x001174e4                _getpid_r
 .text.__getreent
                0x001174f8       0x2c /opt/devkitpro/devkitARM/bin/../lib/gcc/arm-none-eabi/15.1.0/../../../../arm-none-eabi/lib/armv6k/fpu/libsysbase.a(libsysbase_libsysbase_a-getreent.o)
                0x001174f8                __getreent
 .text._gettimeofday_r
                0x00117524       0x30 /opt/devkitpro/devkitARM/bin/../lib/gcc/arm-none-eabi/15.1.0/../../../../arm-none-eabi/lib/armv6k/fpu/libsysbase.a(libsysbase_libsysbase_a-gettod.o)
                0x00117524                _gettimeofday_r
 .text.__get_handle
                0x00117554       0x58 /opt/devkitpro/devkitARM/bin/../lib/gcc/arm-none-eabi/15.1.0/../../../../arm-none-eabi/lib/armv6k/fpu/libsysbase.a(libsysbase_libsysbase_a-handle_manager.o)
                0x00117554                __get_handle
 .text._close_r
                0x001175ac      0x110 /opt/devkitpro/devkitARM/bin/../lib/gcc/arm-none-eabi/15.1.0/../../../../arm-none-eabi/lib/armv6k/fpu/libsysbase.a(libsysbase_libsysbase_a-handle_manager.o)
                0x001175ac                _close_r
 .text.null_write
                0x001176bc        0x8 /opt/devkitpro/devkitARM/bin/../lib/gcc/arm-none-eabi/15.1.0/../../../../arm-none-eabi/lib/armv6k/fpu/libsysbase.a(libsysbase_libsysbase_a-iosupport.o)
 .text.setDefaultDevice
                0x001176c4       0x18 /opt/devkitpro/devkitARM/bin/../lib/gcc/arm-none-eabi/15.1.0/../../../../arm-none-eabi/lib/armv6k/fpu/libsysbase.a(libsysbase_libsysbase_a-iosupport.o)
                0x001176c4                setDefaultDevice
 .text.FindDevice
                0x001176dc       0xc4 /opt/devkitpro/devkitARM/bin/../lib/gcc/arm-none-eabi/15.1.0/../../../../arm-none-eabi/lib/armv6k/fpu/libsysbase.a(libsysbase_libsysbase_a-iosupport.o)
                0x001176dc                FindDevice
 .text.RemoveDevice
                0x001177a0       0x28 /opt/devkitpro/devkitARM/bin/../lib/gcc/arm-none-eabi/15.1.0/../../../../arm-none-eabi/lib/armv6k/fpu/libsysbase.a(libsysbase_libsysbase_a-iosupport.o)
                0x001177a0                RemoveDevice
 .text.AddDevice
                0x001177c8       0x98 /opt/devkitpro/devkitARM/bin/../lib/gcc/arm-none-eabi/15.1.0/../../../../arm-none-eabi/lib/armv6k/fpu/libsysbase.a(libsysbase_libsysbase_a-iosupport.o)
                0x001177c8                AddDevice
 .text.GetDeviceOpTab
                0x00117860       0x20 /opt/devkitpro/devkitARM/bin/../lib/gcc/arm-none-eabi/15.1.0/../../../../arm-none-eabi/lib/armv6k/fpu/libsysbase.a(libsysbase_libsysbase_a-iosupport.o)
                0x00117860                GetDeviceOpTab
 .text._isatty_r
                0x00117880        0x8 /opt/devkitpro/devkitARM/bin/../lib/gcc/arm-none-eabi/15.1.0/../../../../arm-none-eabi/lib/armv6k/fpu/libsysbase.a(libsysbase_libsysbase_a-isatty.o)
                0x00117880                _isatty_r
 .text._kill_r  0x00117888       0x14 /opt/devkitpro/devkitARM/bin/../lib/gcc/arm-none-eabi/15.1.0/../../../../arm-none-eabi/lib/armv6k/fpu/libsysbase.a(libsysbase_libsysbase_a-kill.o)
                0x00117888                _kill_r
 .text._lseek_r
                0x0011789c       0x94 /opt/devkitpro/devkitARM/bin/../lib/gcc/arm-none-eabi/15.1.0/../../../../arm-none-eabi/lib/armv6k/fpu/libsysbase.a(libsysbase_libsysbase_a-lseek.o)
                0x0011789c                _lseek_r
 .text._read_r  0x00117930       0x94 /opt/devkitpro/devkitARM/bin/../lib/gcc/arm-none-eabi/15.1.0/../../../../arm-none-eabi/lib/armv6k/fpu/libsysbase.a(libsysbase_libsysbase_a-read.o)
                0x00117930                _read_r
 .text._sbrk_r  0x001179c4       0x78 /opt/devkitpro/devkitARM/bin/../lib/gcc/arm-none-eabi/15.1.0/../../../../arm-none-eabi/lib/armv6k/fpu/libsysbase.a(libsysbase_libsysbase_a-sbrk.o)
                0x001179c4                _sbrk_r
 .text.__libc_lock_acquire
                0x00117a3c       0x1c /opt/devkitpro/devkitARM/bin/../lib/gcc/arm-none-eabi/15.1.0/../../../../arm-none-eabi/lib/armv6k/fpu/libsysbase.a(libsysbase_libsysbase_a-syscall_support.o)
                0x00117a3c                __libc_lock_acquire
 .text.__libc_lock_release
                0x00117a58       0x1c /opt/devkitpro/devkitARM/bin/../lib/gcc/arm-none-eabi/15.1.0/../../../../arm-none-eabi/lib/armv6k/fpu/libsysbase.a(libsysbase_libsysbase_a-syscall_support.o)
                0x00117a58                __libc_lock_release
 .text.__libc_lock_acquire_recursive
                0x00117a74       0x1c /opt/devkitpro/devkitARM/bin/../lib/gcc/arm-none-eabi/15.1.0/../../../../arm-none-eabi/lib/armv6k/fpu/libsysbase.a(libsysbase_libsysbase_a-syscall_support.o)
                0x00117a74                __libc_lock_acquire_recursive
 .text.__libc_lock_release_recursive
                0x00117a90       0x1c /opt/devkitpro/devkitARM/bin/../lib/gcc/arm-none-eabi/15.1.0/../../../../arm-none-eabi/lib/armv6k/fpu/libsysbase.a(libsysbase_libsysbase_a-syscall_support.o)
                0x00117a90                __libc_lock_release_recursive
 .text._write_r
                0x00117aac       0x94 /opt/devkitpro/devkitARM/bin/../lib/gcc/arm-none-eabi/15.1.0/../../../../arm-none-eabi/lib/armv6k/fpu/libsysbase.a(libsysbase_libsysbase_a-write.o)
                0x00117aac                _write_r
 .text.strrchr  0x00117b40       0x48 /opt/devkitpro/devkitARM/bin/../lib/gcc/arm-none-eabi/15.1.0/../../../../arm-none-eabi/lib/armv6k/fpu/libg.a(libc_a-strrchr.o)
                0x00117b40                strrchr
 *(.glue_7)
 .glue_7        0x00117b88        0x0 linker stubs
 *(.glue_7t)
 .glue_7t       0x00117b88        0x0 linker stubs
 *(.stub)
 *(.gnu.warning)
 *(.gnu.linkonce.t*)
                0x00117b88                        . = ALIGN (0x4)
 *(.fini)
 .fini          0x00117b88        0xc /opt/devkitpro/devkitARM/bin/../lib/gcc/arm-none-eabi/15.1.0/armv6k/fpu/crti.o
                0x00117b88                _fini
 .fini          0x00117b94        0xc /opt/devkitpro/devkitARM/bin/../lib/gcc/arm-none-eabi/15.1.0/armv6k/fpu/crtn.o
                0x00117ba0                        . = ALIGN (0x4)

.vfp11_veneer   0x00117ba0        0x0
 .vfp11_veneer  0x00117ba0        0x0 linker stubs

.v4_bx          0x00117ba0        0x0
 .v4_bx         0x00117ba0        0x0 linker stubs

.iplt           0x00117ba0        0x0
 .iplt          0x00117ba0        0x0 /opt/devkitpro/devkitARM/bin/../lib/gcc/arm-none-eabi/15.1.0/../../../../arm-none-eabi/lib/armv6k/fpu/3dsx_crt0.o
                0x00118000                        . = ALIGN (0x1000)

.rodata         0x00118000     0x19e8
 *(.rodata)
 .rodata        0x00118000        0xc /opt/devkitpro/libctru/lib/libctru.a(archive_dev.o)
 *(.roda)
 *(.rodata.*)
 .rodata.str1.4
                0x0011800c      0x7fc main.o
                                0x621 (size before relaxing)
 .rodata.consolePrintChar
                0x00118808        0x6 /opt/devkitpro/libctru/lib/libctru.a(console.o)
 .rodata.con_write
                0x0011880e      0x164 /opt/devkitpro/libctru/lib/libctru.a(console.o)
 .rodata.str1.4
                0x00118972       0x10 /opt/devkitpro/libctru/lib/libctru.a(console.o)
 *fill*         0x00118972        0x2 
 .rodata.dotab_stdout
                0x00118974       0x80 /opt/devkitpro/libctru/lib/libctru.a(console.o)
 .rodata.grayScale
                0x001189f4       0x18 /opt/devkitpro/libctru/lib/libctru.a(console.o)
 .rodata.colorCube
                0x00118a0c        0x6 /opt/devkitpro/libctru/lib/libctru.a(console.o)
 *fill*         0x00118a12        0x2 
 .rodata.colorTable
                0x00118a14       0x30 /opt/devkitpro/libctru/lib/libctru.a(console.o)
 .rodata.aptEventHandler
                0x00118a44        0xb /opt/devkitpro/libctru/lib/libctru.a(apt.o)
 .rodata.aptWaitForWakeUp.isra.0
                0x00118a4f       0x11 /opt/devkitpro/libctru/lib/libctru.a(apt.o)
 .rodata.morton_y.2
                0x00118a60        0x8 /opt/devkitpro/libctru/lib/libctru.a(apt.o)
 .rodata.morton_x.3
                0x00118a68        0x8 /opt/devkitpro/libctru/lib/libctru.a(apt.o)
 .rodata.s_sleepWakeEvents.4
                0x00118a70        0x8 /opt/devkitpro/libctru/lib/libctru.a(apt.o)
 .rodata.str1.4
                0x00118a78       0x16 /opt/devkitpro/libctru/lib/libctru.a(apt.o)
 .rodata.serviceNameTable.5
                0x00118a78        0xc /opt/devkitpro/libctru/lib/libctru.a(apt.o)
 .rodata.gspInit.str1.4
                0x00118a84        0x9 /opt/devkitpro/libctru/lib/libctru.a(gspgpu.o)
 .rodata.hidInit.str1.4
                0x00118a84       0x15 /opt/devkitpro/libctru/lib/libctru.a(hid.o)
 .rodata.irrstInit.str1.4
                0x00118a84        0x7 /opt/devkitpro/libctru/lib/libctru.a(irrst.o)
 .rodata.__system_initArgv.str1.4
                0x00118a84        0xa /opt/devkitpro/libctru/lib/libctru.a(initArgv.o)
 .rodata.default_font_bin
                0x00118a84      0x800 /opt/devkitpro/libctru/lib/libctru.a(default_font.bin.o)
                0x00118a84                default_font_bin
                0x00119284                default_font_bin_end
 .rodata.srvInit.str1.4
                0x00119284        0x5 /opt/devkitpro/libctru/lib/libctru.a(srv.o)
 .rodata.ptmSysmInit.str1.4
                0x00119284        0x9 /opt/devkitpro/libctru/lib/libctru.a(ptmsysm.o)
 .rodata.archive_utf16path.str1.4
                0x00119284        0x2 /opt/devkitpro/libctru/lib/libctru.a(archive_dev.o)
 .rodata._archiveUnmountDeviceStruct.part.0.str1.4
                0x00119284        0x2 /opt/devkitpro/libctru/lib/libctru.a(archive_dev.o)
 .rodata._archiveMountDevice.str1.4
                0x00119284        0xc /opt/devkitpro/libctru/lib/libctru.a(archive_dev.o)
 .rodata.archiveMountSdmc.str1.4
                0x00119284        0x5 /opt/devkitpro/libctru/lib/libctru.a(archive_dev.o)
 .rodata.error_table
                0x00119284       0x30 /opt/devkitpro/libctru/lib/libctru.a(archive_dev.o)
 .rodata.str1.4
                0x001192b4        0x8 /opt/devkitpro/libctru/lib/libctru.a(archive_dev.o)
 .rodata.archive_devoptab
                0x001192b4       0x80 /opt/devkitpro/libctru/lib/libctru.a(archive_dev.o)
 .rodata.fsInit.str1.4
                0x00119334        0x8 /opt/devkitpro/libctru/lib/libctru.a(fs.o)
 .rodata._puts_r.str1.4
                0x00119334        0x2 /opt/devkitpro/devkitARM/bin/../lib/gcc/arm-none-eabi/15.1.0/../../../../arm-none-eabi/lib/armv6k/fpu/libg.a(libc_a-puts.o)
 .rodata._ctype_
                0x00119334      0x101 /opt/devkitpro/devkitARM/bin/../lib/gcc/arm-none-eabi/15.1.0/../../../../arm-none-eabi/lib/armv6k/fpu/libg.a(libc_a-ctype_.o)
                0x00119334                _ctype_
 *fill*         0x00119435        0x1 
 .rodata.get_arg
                0x00119436       0x34 /opt/devkitpro/devkitARM/bin/../lib/gcc/arm-none-eabi/15.1.0/../../../../arm-none-eabi/lib/armv6k/fpu/libg.a(libc_a-vfprintf.o)
 .rodata._vfprintf_r.str1.1
                0x0011946a       0x3b /opt/devkitpro/devkitARM/bin/../lib/gcc/arm-none-eabi/15.1.0/../../../../arm-none-eabi/lib/armv6k/fpu/libg.a(libc_a-vfprintf.o)
 *fill*         0x001194a5        0x1 
 .rodata._vfprintf_r
                0x001194a6       0xb6 /opt/devkitpro/devkitARM/bin/../lib/gcc/arm-none-eabi/15.1.0/../../../../arm-none-eabi/lib/armv6k/fpu/libg.a(libc_a-vfprintf.o)
 .rodata.zeroes.0
                0x0011955c       0x10 /opt/devkitpro/devkitARM/bin/../lib/gcc/arm-none-eabi/15.1.0/../../../../arm-none-eabi/lib/armv6k/fpu/libg.a(libc_a-vfprintf.o)
 .rodata.blanks.1
                0x0011956c       0x10 /opt/devkitpro/devkitARM/bin/../lib/gcc/arm-none-eabi/15.1.0/../../../../arm-none-eabi/lib/armv6k/fpu/libg.a(libc_a-vfprintf.o)
 .rodata._dtoa_r.str1.4
                0x0011957c       0x6a /opt/devkitpro/devkitARM/bin/../lib/gcc/arm-none-eabi/15.1.0/../../../../arm-none-eabi/lib/armv6k/fpu/libg.a(libc_a-dtoa.o)
 .rodata._dtoa_r
                0x0011957c        0x8 /opt/devkitpro/devkitARM/bin/../lib/gcc/arm-none-eabi/15.1.0/../../../../arm-none-eabi/lib/armv6k/fpu/libg.a(libc_a-dtoa.o)
 .rodata.__action_table
                0x00119584       0x6c /opt/devkitpro/devkitARM/bin/../lib/gcc/arm-none-eabi/15.1.0/../../../../arm-none-eabi/lib/armv6k/fpu/libg.a(libc_a-svfiprintf.o)
                0x00119584                __action_table
 .rodata.__state_table
                0x001195f0       0x6c /opt/devkitpro/devkitARM/bin/../lib/gcc/arm-none-eabi/15.1.0/../../../../arm-none-eabi/lib/armv6k/fpu/libg.a(libc_a-svfiprintf.o)
                0x001195f0                __state_table
 .rodata.__chclass
                0x0011965c      0x100 /opt/devkitpro/devkitARM/bin/../lib/gcc/arm-none-eabi/15.1.0/../../../../arm-none-eabi/lib/armv6k/fpu/libg.a(libc_a-svfiprintf.o)
                0x0011965c                __chclass
 .rodata.__assert_func.str1.4
                0x0011975c       0x43 /opt/devkitpro/devkitARM/bin/../lib/gcc/arm-none-eabi/15.1.0/../../../../arm-none-eabi/lib/armv6k/fpu/libg.a(libc_a-assert.o)
 .rodata.__multadd.str1.4
                0x0011975c       0x57 /opt/devkitpro/devkitARM/bin/../lib/gcc/arm-none-eabi/15.1.0/../../../../arm-none-eabi/lib/armv6k/fpu/libg.a(libc_a-mprec.o)
 .rodata.p05.0  0x0011975c        0xc /opt/devkitpro/devkitARM/bin/../lib/gcc/arm-none-eabi/15.1.0/../../../../arm-none-eabi/lib/armv6k/fpu/libg.a(libc_a-mprec.o)
 .rodata.__mprec_bigtens
                0x00119768       0x28 /opt/devkitpro/devkitARM/bin/../lib/gcc/arm-none-eabi/15.1.0/../../../../arm-none-eabi/lib/armv6k/fpu/libg.a(libc_a-mprec.o)
                0x00119768                __mprec_bigtens
 .rodata.__mprec_tens
                0x00119790       0xc8 /opt/devkitpro/devkitARM/bin/../lib/gcc/arm-none-eabi/15.1.0/../../../../arm-none-eabi/lib/armv6k/fpu/libg.a(libc_a-mprec.o)
                0x00119790                __mprec_tens
 .rodata.str1.4
                0x00119858       0x4c /opt/devkitpro/devkitARM/bin/../lib/gcc/arm-none-eabi/15.1.0/../../../../arm-none-eabi/lib/armv6k/fpu/libg.a(libc_a-locale.o)
 .rodata.get_arg
                0x00119858       0x34 /opt/devkitpro/devkitARM/bin/../lib/gcc/arm-none-eabi/15.1.0/../../../../arm-none-eabi/lib/armv6k/fpu/libg.a(libc_a-vfiprintf.o)
 .rodata._vfiprintf_r.str1.1
                0x0011988c       0x29 /opt/devkitpro/devkitARM/bin/../lib/gcc/arm-none-eabi/15.1.0/../../../../arm-none-eabi/lib/armv6k/fpu/libg.a(libc_a-vfiprintf.o)
 .rodata._vfiprintf_r
                0x0011988c       0xb6 /opt/devkitpro/devkitARM/bin/../lib/gcc/arm-none-eabi/15.1.0/../../../../arm-none-eabi/lib/armv6k/fpu/libg.a(libc_a-vfiprintf.o)
 *fill*         0x00119942        0x2 
 .rodata.zeroes.0
                0x00119944       0x10 /opt/devkitpro/devkitARM/bin/../lib/gcc/arm-none-eabi/15.1.0/../../../../arm-none-eabi/lib/armv6k/fpu/libg.a(libc_a-vfiprintf.o)
 .rodata.blanks.1
                0x00119954       0x10 /opt/devkitpro/devkitARM/bin/../lib/gcc/arm-none-eabi/15.1.0/../../../../arm-none-eabi/lib/armv6k/fpu/libg.a(libc_a-vfiprintf.o)
 .rodata.AddDevice.str1.4
                0x00119964        0x8 /opt/devkitpro/devkitARM/bin/../lib/gcc/arm-none-eabi/15.1.0/../../../../arm-none-eabi/lib/armv6k/fpu/libsysbase.a(libsysbase_libsysbase_a-iosupport.o)
 .rodata.dotab_stdnull
                0x00119964       0x80 /opt/devkitpro/devkitARM/bin/../lib/gcc/arm-none-eabi/15.1.0/../../../../arm-none-eabi/lib/armv6k/fpu/libsysbase.a(libsysbase_libsysbase_a-iosupport.o)
                0x00119964                dotab_stdnull
 *all.rodata*(*)
 *(.gnu.linkonce.r*)
                0x001199e4                        . = ALIGN (0x4)
                0x001199e4                        __tdata_align = .
                0x001199e4        0x4 LONG 0x4 ALIGNOF (.tdata)
                0x001199e8                        . = ALIGN (0x4)

.eh_frame       0x001199e8        0x0
 .eh_frame      0x001199e8        0x0 /opt/devkitpro/devkitARM/bin/../lib/gcc/arm-none-eabi/15.1.0/armv6k/fpu/crtbegin.o

.rel.dyn        0x001199e8        0x0
 .rel.iplt      0x001199e8        0x0 /opt/devkitpro/devkitARM/bin/../lib/gcc/arm-none-eabi/15.1.0/../../../../arm-none-eabi/lib/armv6k/fpu/3dsx_crt0.o
 .rel.got       0x001199e8        0x0 /opt/devkitpro/devkitARM/bin/../lib/gcc/arm-none-eabi/15.1.0/../../../../arm-none-eabi/lib/armv6k/fpu/3dsx_crt0.o

.ARM.extab
 *(.ARM.extab* .gnu.linkonce.armextab.*)
                0x001199e8                        __exidx_start = .

.ARM.exidx
 *(.ARM.exidx* .gnu.linkonce.armexidx.*)
                0x001199e8                        __exidx_end = .
                0x0011a000                        . = ALIGN (0x1000)

.data           0x0011a000     0x1cbc
 *(.data)
 .data          0x0011a000       0xcc main.o
                0x0011a000                commands
 *(.data.*)
 .data.firstConsoleInit.0
                0x0011a0cc        0x1 /opt/devkitpro/libctru/lib/libctru.a(console.o)
 *fill*         0x0011a0cd        0x3 
 .data.currentConsole
                0x0011a0d0        0x4 /opt/devkitpro/libctru/lib/libctru.a(console.o)
                0x0011a0d0                currentConsole
 .data.defaultConsole
                0x0011a0d4       0x48 /opt/devkitpro/libctru/lib/libctru.a(console.o)
                0x0011a0d4                defaultConsole
 .data.aptChainloadDeliverArgSize
                0x0011a11c        0x4 /opt/devkitpro/libctru/lib/libctru.a(apt.o)
 .data.kCount   0x0011a120        0x4 /opt/devkitpro/libctru/lib/libctru.a(hid.o)
 .data.kInterval
                0x0011a124        0x4 /opt/devkitpro/libctru/lib/libctru.a(hid.o)
 .data.kDelay   0x0011a128        0x4 /opt/devkitpro/libctru/lib/libctru.a(hid.o)
 .data.__stacksize__
                0x0011a12c        0x4 /opt/devkitpro/libctru/lib/libctru.a(stack_adjust.o)
                0x0011a12c                __stacksize__
 .data.__sglue  0x0011a130        0xc /opt/devkitpro/devkitARM/bin/../lib/gcc/arm-none-eabi/15.1.0/../../../../arm-none-eabi/lib/armv6k/fpu/libg.a(libc_a-findfp.o)
                0x0011a130                __sglue
 .data.__malloc_sbrk_base
                0x0011a13c        0x4 /opt/devkitpro/devkitARM/bin/../lib/gcc/arm-none-eabi/15.1.0/../../../../arm-none-eabi/lib/armv6k/fpu/libg.a(libc_a-mallocr.o)
                0x0011a13c                __malloc_sbrk_base
 .data.__malloc_trim_threshold
                0x0011a140        0x4 /opt/devkitpro/devkitARM/bin/../lib/gcc/arm-none-eabi/15.1.0/../../../../arm-none-eabi/lib/armv6k/fpu/libg.a(libc_a-mallocr.o)
                0x0011a140                __malloc_trim_threshold
 *fill*         0x0011a144        0x4 
 .data.__malloc_av_
                0x0011a148      0x408 /opt/devkitpro/devkitARM/bin/../lib/gcc/arm-none-eabi/15.1.0/../../../../arm-none-eabi/lib/armv6k/fpu/libg.a(libc_a-mallocr.o)
                0x0011a148                __malloc_av_
 .data._impure_ptr
                0x0011a550        0x4 /opt/devkitpro/devkitARM/bin/../lib/gcc/arm-none-eabi/15.1.0/../../../../arm-none-eabi/lib/armv6k/fpu/libg.a(libc_a-impure.o)
                0x0011a550                _impure_ptr
 *fill*         0x0011a554        0x4 
 .data._impure_data
                0x0011a558      0x140 /opt/devkitpro/devkitARM/bin/../lib/gcc/arm-none-eabi/15.1.0/../../../../arm-none-eabi/lib/armv6k/fpu/libg.a(libc_a-impure.o)
                0x0011a558                _impure_data
 .data.__global_locale
                0x0011a698      0x16c /opt/devkitpro/devkitARM/bin/../lib/gcc/arm-none-eabi/15.1.0/../../../../arm-none-eabi/lib/armv6k/fpu/libg.a(libc_a-locale.o)
                0x0011a698                __global_locale
 .data._current_working_directory
                0x0011a804      0x400 /opt/devkitpro/devkitARM/bin/../lib/gcc/arm-none-eabi/15.1.0/../../../../arm-none-eabi/lib/armv6k/fpu/libsysbase.a(libsysbase_libsysbase_a-chdir.o)
 *fill*         0x0011ac04        0x4 
 .data.handles  0x0011ac08     0x1000 /opt/devkitpro/devkitARM/bin/../lib/gcc/arm-none-eabi/15.1.0/../../../../arm-none-eabi/lib/armv6k/fpu/libsysbase.a(libsysbase_libsysbase_a-handle_manager.o)
 .data.__stderr_handle
                0x0011bc08        0xc /opt/devkitpro/devkitARM/bin/../lib/gcc/arm-none-eabi/15.1.0/../../../../arm-none-eabi/lib/armv6k/fpu/libsysbase.a(libsysbase_libsysbase_a-handle_manager.o)
 .data.__stdout_handle
                0x0011bc14        0xc /opt/devkitpro/devkitARM/bin/../lib/gcc/arm-none-eabi/15.1.0/../../../../arm-none-eabi/lib/armv6k/fpu/libsysbase.a(libsysbase_libsysbase_a-handle_manager.o)
 .data.__stdin_handle
                0x0011bc20        0xc /opt/devkitpro/devkitARM/bin/../lib/gcc/arm-none-eabi/15.1.0/../../../../arm-none-eabi/lib/armv6k/fpu/libsysbase.a(libsysbase_libsysbase_a-handle_manager.o)
 .data.devoptab_list
                0x0011bc2c       0x8c /opt/devkitpro/devkitARM/bin/../lib/gcc/arm-none-eabi/15.1.0/../../../../arm-none-eabi/lib/armv6k/fpu/libsysbase.a(libsysbase_libsysbase_a-iosupport.o)
                0x0011bc2c                devoptab_list
 .data.defaultDevice
                0x0011bcb8        0x4 /opt/devkitpro/devkitARM/bin/../lib/gcc/arm-none-eabi/15.1.0/../../../../arm-none-eabi/lib/armv6k/fpu/libsysbase.a(libsysbase_libsysbase_a-iosupport.o)
 *(.gnu.linkonce.d*)
                0x0011bcbc                        . = ALIGN (0x4)

.igot.plt       0x0011bcbc        0x0
 .igot.plt      0x0011bcbc        0x0 /opt/devkitpro/devkitARM/bin/../lib/gcc/arm-none-eabi/15.1.0/../../../../arm-none-eabi/lib/armv6k/fpu/3dsx_crt0.o

.got            0x0011bcbc        0x8
 .got           0x0011bcbc        0x8 /opt/devkitpro/devkitARM/bin/../lib/gcc/arm-none-eabi/15.1.0/../../../../arm-none-eabi/lib/armv6k/fpu/3dsx_crt0.o

.got.plt        0x0011bcc4        0xc
 .got.plt       0x0011bcc4        0xc /opt/devkitpro/devkitARM/bin/../lib/gcc/arm-none-eabi/15.1.0/../../../../arm-none-eabi/lib/armv6k/fpu/3dsx_crt0.o
                0x0011bcc4                _GLOBAL_OFFSET_TABLE_

.tdata          0x0011bcd0        0x0
                0x0011bcd0                        __tdata_lma = .
 *(.tdata)
 *(.tdata.*)
 *(.gnu.linkonce.td.*)
                0x0011bcd0                        . = ALIGN (0x4)
                0x0011bcd0                        __tdata_lma_end = .

.tbss           0x0011bcd0      0xc08
 *(.tbss)
 *(.tbss.*)
 .tbss.__ctru_dev_utf16_buf
                0x0011bcd0      0x802 /opt/devkitpro/libctru/lib/libctru.a(path_buf.o)
                0x0011bcd0                __ctru_dev_utf16_buf
 *fill*         0x0011c4d2        0x2 
 .tbss.__ctru_dev_path_buf
                0x0011c4d4      0x401 /opt/devkitpro/libctru/lib/libctru.a(path_buf.o)
                0x0011c4d4                __ctru_dev_path_buf
 *(.gnu.linkonce.tb.*)
 *(.tcommon)
                0x0011c8d8                        . = ALIGN (0x4)
 *fill*         0x0011c8d5        0x3 

.preinit_array  0x0011bcd0        0x0
                0x0011bcd0                        PROVIDE (__preinit_array_start = .)
 *(.preinit_array)
                0x0011bcd0                        PROVIDE (__preinit_array_end = .)

.init_array     0x0011bcd0        0x4
                0x0011bcd0                        PROVIDE (__init_array_start = .)
 *(SORT_BY_NAME(.init_array.*))
 *(.init_array)
 .init_array    0x0011bcd0        0x4 /opt/devkitpro/devkitARM/bin/../lib/gcc/arm-none-eabi/15.1.0/armv6k/fpu/crtbegin.o
                0x0011bcd4                        PROVIDE (__init_array_end = .)

.fini_array     0x0011bcd4        0x4
                0x0011bcd4                        PROVIDE (__fini_array_start = .)
 *(.fini_array)
 .fini_array    0x0011bcd4        0x4 /opt/devkitpro/devkitARM/bin/../lib/gcc/arm-none-eabi/15.1.0/armv6k/fpu/crtbegin.o
 *(SORT_BY_NAME(.fini_array.*))
                0x0011bcd8                        PROVIDE (__fini_array_end = .)

.ctors
 *crtbegin.o(.ctors)
 *(EXCLUDE_FILE(*crtend.o) .ctors)
 *(SORT_BY_NAME(.ctors.*))
 *(.ctors)

.dtors
 *crtbegin.o(.dtors)
 *(EXCLUDE_FILE(*crtend.o) .dtors)
 *(SORT_BY_NAME(.dtors.*))
 *(.dtors)
                0x0011bcd8                        __bss_start__ = .

.bss            0x0011bcd8     0x2e34
 *(.dynbss)
 *(.bss)
 .bss           0x0011bcd8        0xc main.o
                0x0011bcd8                autoRun
                0x0011bcdc                kHeld
                0x0011bce0                kDown
 *(.bss.*)
 .bss.completed.1
                0x0011bce4        0x1 /opt/devkitpro/devkitARM/bin/../lib/gcc/arm-none-eabi/15.1.0/armv6k/fpu/crtbegin.o
 *fill*         0x0011bce5        0x3 
 .bss.object.0  0x0011bce8       0x18 /opt/devkitpro/devkitARM/bin/../lib/gcc/arm-none-eabi/15.1.0/armv6k/fpu/crtbegin.o
 .bss.escapeSeq
                0x0011bd00       0x64 /opt/devkitpro/libctru/lib/libctru.a(console.o)
 .bss.currentCopy
                0x0011bd64       0x48 /opt/devkitpro/libctru/lib/libctru.a(console.o)
                0x0011bd64                currentCopy
 .bss.screenAlloc
                0x0011bdac        0x4 /opt/devkitpro/libctru/lib/libctru.a(gfx.o)
 .bss.screenFree
                0x0011bdb0        0x4 /opt/devkitpro/libctru/lib/libctru.a(gfx.o)
 .bss.gfxIsDoubleBuf
                0x0011bdb4        0x2 /opt/devkitpro/libctru/lib/libctru.a(gfx.o)
 *fill*         0x0011bdb6        0x2 
 .bss.gfxCurBuf
                0x0011bdb8        0x2 /opt/devkitpro/libctru/lib/libctru.a(gfx.o)
 .bss.gfxIsVram
                0x0011bdba        0x1 /opt/devkitpro/libctru/lib/libctru.a(gfx.o)
 .bss.gfxTopMode
                0x0011bdbb        0x1 /opt/devkitpro/libctru/lib/libctru.a(gfx.o)
 .bss.gfxFramebufferFormats
                0x0011bdbc        0x2 /opt/devkitpro/libctru/lib/libctru.a(gfx.o)
 *fill*         0x0011bdbe        0x2 
 .bss.gfxBottomFramebufferMaxSize
                0x0011bdc0        0x4 /opt/devkitpro/libctru/lib/libctru.a(gfx.o)
 .bss.gfxTopFramebufferMaxSize
                0x0011bdc4        0x4 /opt/devkitpro/libctru/lib/libctru.a(gfx.o)
 .bss.gfxBottomFramebuffers
                0x0011bdc8        0x8 /opt/devkitpro/libctru/lib/libctru.a(gfx.o)
 .bss.gfxTopFramebuffers
                0x0011bdd0        0x8 /opt/devkitpro/libctru/lib/libctru.a(gfx.o)
 .bss.flagValue.0
                0x0011bdd8        0x1 /opt/devkitpro/libctru/lib/libctru.a(apt.o)
 .bss.flagInit.1
                0x0011bdd9        0x1 /opt/devkitpro/libctru/lib/libctru.a(apt.o)
 *fill*         0x0011bdda        0x2 
 .bss.serviceName.6
                0x0011bddc        0x4 /opt/devkitpro/libctru/lib/libctru.a(apt.o)
 .bss.aptChainloadFlags
                0x0011bde0        0x1 /opt/devkitpro/libctru/lib/libctru.a(apt.o)
 .bss.aptChainloadMediatype
                0x0011bde1        0x1 /opt/devkitpro/libctru/lib/libctru.a(apt.o)
 *fill*         0x0011bde2        0x2 
 .bss.aptChainloadHmac
                0x0011bde4       0x20 /opt/devkitpro/libctru/lib/libctru.a(apt.o)
 .bss.aptChainloadDeliverArg
                0x0011be04      0x300 /opt/devkitpro/libctru/lib/libctru.a(apt.o)
 *fill*         0x0011c104        0x4 
 .bss.aptChainloadTid
                0x0011c108        0x8 /opt/devkitpro/libctru/lib/libctru.a(apt.o)
 .bss.aptParameters
                0x0011c110     0x1000 /opt/devkitpro/libctru/lib/libctru.a(apt.o)
 .bss.aptFlags  0x0011d110        0x4 /opt/devkitpro/libctru/lib/libctru.a(apt.o)
 .bss.aptHomeButtonState
                0x0011d114        0x1 /opt/devkitpro/libctru/lib/libctru.a(apt.o)
 *fill*         0x0011d115        0x3 
 .bss.aptMessageFuncData
                0x0011d118        0x4 /opt/devkitpro/libctru/lib/libctru.a(apt.o)
 .bss.aptMessageFunc
                0x0011d11c        0x4 /opt/devkitpro/libctru/lib/libctru.a(apt.o)
 .bss.aptFirstHook
                0x0011d120        0xc /opt/devkitpro/libctru/lib/libctru.a(apt.o)
 .bss.aptEventHandlerThreadQuit
                0x0011d12c        0x1 /opt/devkitpro/libctru/lib/libctru.a(apt.o)
 *fill*         0x0011d12d        0x3 
 .bss.aptEventHandlerThread
                0x0011d130        0x4 /opt/devkitpro/libctru/lib/libctru.a(apt.o)
 .bss.aptSleepEvent
                0x0011d134        0x8 /opt/devkitpro/libctru/lib/libctru.a(apt.o)
 .bss.aptReceiveEvent
                0x0011d13c        0x8 /opt/devkitpro/libctru/lib/libctru.a(apt.o)
 .bss.aptEvents
                0x0011d144        0x8 /opt/devkitpro/libctru/lib/libctru.a(apt.o)
 .bss.aptLockHandle
                0x0011d14c        0x4 /opt/devkitpro/libctru/lib/libctru.a(apt.o)
 .bss.aptRefCount
                0x0011d150        0x4 /opt/devkitpro/libctru/lib/libctru.a(apt.o)
 .bss.gspEventCbOneShot
                0x0011d154        0x7 /opt/devkitpro/libctru/lib/libctru.a(gspgpu.o)
 *fill*         0x0011d15b        0x1 
 .bss.gspEventCbData
                0x0011d15c       0x1c /opt/devkitpro/libctru/lib/libctru.a(gspgpu.o)
 .bss.gspEventCb
                0x0011d178       0x1c /opt/devkitpro/libctru/lib/libctru.a(gspgpu.o)
 .bss.gspEvents
                0x0011d194       0x38 /opt/devkitpro/libctru/lib/libctru.a(gspgpu.o)
 .bss.gspLastEvent
                0x0011d1cc        0x4 /opt/devkitpro/libctru/lib/libctru.a(gspgpu.o)
 .bss.gspRunEvents
                0x0011d1d0        0x1 /opt/devkitpro/libctru/lib/libctru.a(gspgpu.o)
 *fill*         0x0011d1d1        0x3 
 .bss.gspEventThread
                0x0011d1d4        0x4 /opt/devkitpro/libctru/lib/libctru.a(gspgpu.o)
 .bss.gspEvent  0x0011d1d8        0x4 /opt/devkitpro/libctru/lib/libctru.a(gspgpu.o)
 .bss.gspGpuRight
                0x0011d1dc        0x1 /opt/devkitpro/libctru/lib/libctru.a(gspgpu.o)
 .bss.gspThreadId
                0x0011d1dd        0x1 /opt/devkitpro/libctru/lib/libctru.a(gspgpu.o)
 *fill*         0x0011d1de        0x2 
 .bss.gspSharedMem
                0x0011d1e0        0x4 /opt/devkitpro/libctru/lib/libctru.a(gspgpu.o)
 .bss.gspSharedMemHandle
                0x0011d1e4        0x4 /opt/devkitpro/libctru/lib/libctru.a(gspgpu.o)
 .bss.gspRefCount
                0x0011d1e8        0x4 /opt/devkitpro/libctru/lib/libctru.a(gspgpu.o)
 .bss.gspGpuHandle
                0x0011d1ec        0x4 /opt/devkitpro/libctru/lib/libctru.a(gspgpu.o)
 .bss.usingIrrst
                0x0011d1f0        0x1 /opt/devkitpro/libctru/lib/libctru.a(hid.o)
 *fill*         0x0011d1f1        0x3 
 .bss.hidRefCount
                0x0011d1f4        0x4 /opt/devkitpro/libctru/lib/libctru.a(hid.o)
 .bss.gRate     0x0011d1f8        0x6 /opt/devkitpro/libctru/lib/libctru.a(hid.o)
 *fill*         0x0011d1fe        0x2 
 .bss.aVec      0x0011d200        0x6 /opt/devkitpro/libctru/lib/libctru.a(hid.o)
 *fill*         0x0011d206        0x2 
 .bss.cPos      0x0011d208        0x4 /opt/devkitpro/libctru/lib/libctru.a(hid.o)
 .bss.tPos      0x0011d20c        0x4 /opt/devkitpro/libctru/lib/libctru.a(hid.o)
 .bss.kRepeat   0x0011d210        0x4 /opt/devkitpro/libctru/lib/libctru.a(hid.o)
 .bss.kUp       0x0011d214        0x4 /opt/devkitpro/libctru/lib/libctru.a(hid.o)
 .bss.kDown     0x0011d218        0x4 /opt/devkitpro/libctru/lib/libctru.a(hid.o)
 .bss.kHeld     0x0011d21c        0x4 /opt/devkitpro/libctru/lib/libctru.a(hid.o)
 .bss.kOld      0x0011d220        0x4 /opt/devkitpro/libctru/lib/libctru.a(hid.o)
 .bss.hidSharedMem
                0x0011d224        0x4 /opt/devkitpro/libctru/lib/libctru.a(hid.o)
                0x0011d224                hidSharedMem
 .bss.hidEvents
                0x0011d228       0x14 /opt/devkitpro/libctru/lib/libctru.a(hid.o)
                0x0011d228                hidEvents
 .bss.hidMemHandle
                0x0011d23c        0x4 /opt/devkitpro/libctru/lib/libctru.a(hid.o)
                0x0011d23c                hidMemHandle
 .bss.hidHandle
                0x0011d240        0x4 /opt/devkitpro/libctru/lib/libctru.a(hid.o)
                0x0011d240                hidHandle
 .bss.irrstRefCount
                0x0011d244        0x4 /opt/devkitpro/libctru/lib/libctru.a(irrst.o)
 .bss.csPos     0x0011d248        0x4 /opt/devkitpro/libctru/lib/libctru.a(irrst.o)
 .bss.kHeld     0x0011d24c        0x4 /opt/devkitpro/libctru/lib/libctru.a(irrst.o)
 .bss.irrstSharedMem
                0x0011d250        0x4 /opt/devkitpro/libctru/lib/libctru.a(irrst.o)
                0x0011d250                irrstSharedMem
 .bss.irrstEvent
                0x0011d254        0x4 /opt/devkitpro/libctru/lib/libctru.a(irrst.o)
                0x0011d254                irrstEvent
 .bss.irrstMemHandle
                0x0011d258        0x4 /opt/devkitpro/libctru/lib/libctru.a(irrst.o)
                0x0011d258                irrstMemHandle
 .bss.irrstHandle
                0x0011d25c        0x4 /opt/devkitpro/libctru/lib/libctru.a(irrst.o)
                0x0011d25c                irrstHandle
 .bss.__system_retAddr
                0x0011d260        0x4 /opt/devkitpro/libctru/lib/libctru.a(ctru_init.o)
                0x0011d260                __system_retAddr
 .bss.__system_argv
                0x0011d264        0x4 /opt/devkitpro/libctru/lib/libctru.a(initArgv.o)
                0x0011d264                __system_argv
 .bss.__system_argc
                0x0011d268        0x4 /opt/devkitpro/libctru/lib/libctru.a(initArgv.o)
                0x0011d268                __system_argc
 .bss.saved_stack.42
                0x0011d26c        0x8 /opt/devkitpro/libctru/lib/libctru.a(stack_adjust.o)
 *fill*         0x0011d274        0x4 
 .bss._ZL11sLinearPool
                0x0011d278        0x8 /opt/devkitpro/libctru/lib/libctru.a(linear.o)
 .bss._ZL8sAddrMap
                0x0011d280        0xc /opt/devkitpro/libctru/lib/libctru.a(linear.o)
 *fill*         0x0011d28c        0x4 
 .bss._ZL10sVramPoolB
                0x0011d290        0x8 /opt/devkitpro/libctru/lib/libctru.a(vram.o)
 .bss._ZL10sVramPoolA
                0x0011d298        0x8 /opt/devkitpro/libctru/lib/libctru.a(vram.o)
 .bss._ZL8sAddrMap
                0x0011d2a0        0xc /opt/devkitpro/libctru/lib/libctru.a(vram.o)
 .bss.__3dslink_host
                0x0011d2ac        0x4 /opt/devkitpro/libctru/lib/libctru.a(3dslink.o)
                0x0011d2ac                __3dslink_host
 .bss.__ctru_speedup
                0x0011d2b0        0x1 /opt/devkitpro/libctru/lib/libctru.a(os.o)
                0x0011d2b0                __ctru_speedup
 *fill*         0x0011d2b1        0x3 
 .bss.srvRefCount
                0x0011d2b4        0x4 /opt/devkitpro/libctru/lib/libctru.a(srv.o)
 .bss.srvHandle
                0x0011d2b8        0x4 /opt/devkitpro/libctru/lib/libctru.a(srv.o)
 .bss.arbiter   0x0011d2bc        0x4 /opt/devkitpro/libctru/lib/libctru.a(synchronization.o)
 .bss.currentAddr
                0x0011d2c0        0x4 /opt/devkitpro/libctru/lib/libctru.a(mappable.o)
 .bss.maxAddr   0x0011d2c4        0x4 /opt/devkitpro/libctru/lib/libctru.a(mappable.o)
 .bss.minAddr   0x0011d2c8        0x4 /opt/devkitpro/libctru/lib/libctru.a(mappable.o)
 .bss.ptmSysmRefCount
                0x0011d2cc        0x4 /opt/devkitpro/libctru/lib/libctru.a(ptmsysm.o)
 .bss.ptmSysmHandle
                0x0011d2d0        0x4 /opt/devkitpro/libctru/lib/libctru.a(ptmsysm.o)
 .bss.srvPmHandle
                0x0011d2d4        0x4 /opt/devkitpro/libctru/lib/libctru.a(srvpm.o)
 .bss.__ctru_linear_heap_size
                0x0011d2d8        0x4 /opt/devkitpro/libctru/lib/libctru.a(allocateHeaps.o)
                0x0011d2d8                __ctru_linear_heap_size
 .bss.__ctru_heap_size
                0x0011d2dc        0x4 /opt/devkitpro/libctru/lib/libctru.a(allocateHeaps.o)
                0x0011d2dc                __ctru_heap_size
 .bss.__ctru_linear_heap
                0x0011d2e0        0x4 /opt/devkitpro/libctru/lib/libctru.a(allocateHeaps.o)