Archive member included to satisfy reference by file (symbol)

/opt/devkitpro/libctru/lib/libctru.a(console.o)
                              main.o (consoleInit)
/opt/devkitpro/libctru/lib/libctru.a(gfx.o)
                              /opt/devkitpro/libctru/lib/libctru.a(console.o) (gfxIsWide)
/opt/devkitpro/libctru/lib/libctru.a(apt.o)
                              main.o (aptMainLoop)
/opt/devkitpro/libctru/lib/libctru.a(gspgpu.o)
                              /opt/devkitpro/libctru/lib/libctru.a(gfx.o) (gspInit)
/opt/devkitpro/libctru/lib/libctru.a(hid.o)
                              main.o (hidScanInput)
/opt/devkitpro/libctru/lib/libctru.a(irrst.o)
                              /opt/devkitpro/libctru/lib/libctru.a(hid.o) (irrstInit)
/opt/devkitpro/libctru/lib/libctru.a(ctru_init.o)
                              /opt/devkitpro/libctru/lib/libctru.a(apt.o) (__system_retAddr)
/opt/devkitpro/libctru/lib/libctru.a(initArgv.o)
                              /opt/devkitpro/libctru/lib/libctru.a(ctru_init.o) (__system_initArgv)
/opt/devkitpro/libctru/lib/libctru.a(syscalls.o)
                              /opt/devkitpro/libctru/lib/libctru.a(ctru_init.o) (__system_initSyscalls)
/opt/devkitpro/libctru/lib/libctru.a(svc.o)
                              /opt/devkitpro/libctru/lib/libctru.a(apt.o) (svcSleepThread)
/opt/devkitpro/libctru/lib/libctru.a(stack_adjust.o)
                              /opt/devkitpro/devkitARM/bin/../lib/gcc/arm-none-eabi/15.1.0/../../../../arm-none-eabi/lib/armv6k/fpu/3dsx_crt0.o (initSystem)
/opt/devkitpro/libctru/lib/libctru.a(default_font.bin.o)
                              /opt/devkitpro/libctru/lib/libctru.a(console.o) (default_font_bin)
/opt/devkitpro/libctru/lib/libctru.a(linear.o)
                              /opt/devkitpro/libctru/lib/libctru.a(gfx.o) (linearAlloc)
/opt/devkitpro/libctru/lib/libctru.a(mem_pool.o)
                              /opt/devkitpro/libctru/lib/libctru.a(linear.o) (MemPool::Allocate(MemChunk&, unsigned long, int))
/opt/devkitpro/libctru/lib/libctru.a(vram.o)
                              /opt/devkitpro/libctru/lib/libctru.a(gfx.o) (vramAlloc)
/opt/devkitpro/libctru/lib/libctru.a(3dslink.o)
                              /opt/devkitpro/libctru/lib/libctru.a(initArgv.o) (__3dslink_host)
/opt/devkitpro/libctru/lib/libctru.a(env.o)
                              /opt/devkitpro/libctru/lib/libctru.a(irrst.o) (envGetHandle)
/opt/devkitpro/libctru/lib/libctru.a(os.o)
                              /opt/devkitpro/libctru/lib/libctru.a(syscalls.o) (osGetTime)
/opt/devkitpro/libctru/lib/libctru.a(srv.o)
                              /opt/devkitpro/libctru/lib/libctru.a(apt.o) (srvInit)
/opt/devkitpro/libctru/lib/libctru.a(synchronization.o)
                              /opt/devkitpro/libctru/lib/libctru.a(ctru_init.o) (__sync_init)
/opt/devkitpro/libctru/lib/libctru.a(thread.o)
                              /opt/devkitpro/libctru/lib/libctru.a(apt.o) (threadCreate)
/opt/devkitpro/libctru/lib/libctru.a(mappable.o)
                              /opt/devkitpro/libctru/lib/libctru.a(apt.o) (mappableAlloc)
/opt/devkitpro/libctru/lib/libctru.a(ptmsysm.o)
                              /opt/devkitpro/libctru/lib/libctru.a(os.o) (ptmSysmInit)
/opt/devkitpro/libctru/lib/libctru.a(srvpm.o)
                              /opt/devkitpro/libctru/lib/libctru.a(srv.o) (srvPmGetSessionHandle)
/opt/devkitpro/libctru/lib/libctru.a(soc_connect.o)
                              /opt/devkitpro/libctru/lib/libctru.a(3dslink.o) (connect)
/opt/devkitpro/libctru/lib/libctru.a(soc_socket.o)
                              /opt/devkitpro/libctru/lib/libctru.a(3dslink.o) (socket)
/opt/devkitpro/libctru/lib/libctru.a(rbtree_find.o)
                              /opt/devkitpro/libctru/lib/libctru.a(linear.o) (rbtree_find)
/opt/devkitpro/libctru/lib/libctru.a(rbtree_init.o)
                              /opt/devkitpro/libctru/lib/libctru.a(linear.o) (rbtree_init)
/opt/devkitpro/libctru/lib/libctru.a(rbtree_insert.o)
                              /opt/devkitpro/libctru/lib/libctru.a(linear.o) (rbtree_insert)
/opt/devkitpro/libctru/lib/libctru.a(rbtree_remove.o)
                              /opt/devkitpro/libctru/lib/libctru.a(linear.o) (rbtree_remove)
/opt/devkitpro/libctru/lib/libctru.a(rbtree_rotate.o)
                              /opt/devkitpro/libctru/lib/libctru.a(rbtree_insert.o) (rbtree_rotate)
/opt/devkitpro/libctru/lib/libctru.a(allocateHeaps.o)
                              /opt/devkitpro/libctru/lib/libctru.a(ctru_init.o) (__system_allocateHeaps)
/opt/devkitpro/libctru/lib/libctru.a(appExit.o)
                              /opt/devkitpro/libctru/lib/libctru.a(stack_adjust.o) (__appExit)
/opt/devkitpro/libctru/lib/libctru.a(appInit.o)
                              /opt/devkitpro/libctru/lib/libctru.a(stack_adjust.o) (__appInit)
/opt/devkitpro/libctru/lib/libctru.a(ctru_exit.o)
                              /opt/devkitpro/libctru/lib/libctru.a(stack_adjust.o) (__libctru_exit)
[...]
Memory Configuration

Name             Origin             Length             Attributes
*default*        0x00000000         0xffffffff

Linker script and memory map

                0x00000000                        __sync_synchronize = __sync_synchronize_dmb
                0x00100000                        PROVIDE (__start__ = 0x100000)
                0x00100000                        . = __start__

.text           0x00100000     0xe524
 *(.crt0)
 .crt0          0x00100000       0x94 /opt/devkitpro/devkitARM/bin/../lib/gcc/arm-none-eabi/15.1.0/../../../../arm-none-eabi/lib/armv6k/fpu/3dsx_crt0.o
                0x00100000                _start
                0x00100008                __service_ptr
                0x0010000c                __apt_appid
                0x00100010                __heap_size
                0x00100014                __linear_heap_size
                0x00100018                __system_arglist
                0x0010001c                __system_runflags
 *(.init)
 .init          0x00100094        0xc /opt/devkitpro/devkitARM/bin/../lib/gcc/arm-none-eabi/15.1.0/armv6k/fpu/crti.o
                0x00100094                _init
 .init          0x001000a0        0xc /opt/devkitpro/devkitARM/bin/../lib/gcc/arm-none-eabi/15.1.0/armv6k/fpu/crtn.o
                0x001000ac                        . = ALIGN (0x4)
 *(.text)
 .text          0x001000ac      0x240 /opt/devkitpro/devkitARM/bin/../lib/gcc/arm-none-eabi/15.1.0/armv6k/fpu/libgcc.a(_divsi3.o)
                0x001000ac                __aeabi_idiv
                0x001000ac                __divsi3
                0x001002cc                __aeabi_idivmod
 .text          0x001002ec        0x4 /opt/devkitpro/devkitARM/bin/../lib/gcc/arm-none-eabi/15.1.0/armv6k/fpu/libgcc.a(_dvmd_tls.o)
                0x001002ec                __aeabi_ldiv0
                0x001002ec                __aeabi_idiv0
 *fill*         0x001002f0       0x10 
 .text          0x00100300      0x390 /opt/devkitpro/devkitARM/bin/../lib/gcc/arm-none-eabi/15.1.0/../../../../arm-none-eabi/lib/armv6k/fpu/libg.a(libc_a-strcmp.o)
                0x00100308                strcmp
 .text          0x00100690      0x20c /opt/devkitpro/devkitARM/bin/../lib/gcc/arm-none-eabi/15.1.0/armv6k/fpu/libgcc.a(_udivsi3.o)
                0x00100690                __udivsi3
                0x00100690                __aeabi_uidiv
                0x0010087c                __aeabi_uidivmod
 *(.text.*)
 .text.__do_global_dtors_aux
                0x0010089c       0x50 /opt/devkitpro/devkitARM/bin/../lib/gcc/arm-none-eabi/15.1.0/armv6k/fpu/crtbegin.o
 .text.frame_dummy
                0x001008ec       0x2c /opt/devkitpro/devkitARM/bin/../lib/gcc/arm-none-eabi/15.1.0/armv6k/fpu/crtbegin.o
 .text.startup.main
                0x00100918       0x98 main.o
                0x00100918                main
 .text.consoleDrawChar
                0x001009b0      0x1c8 /opt/devkitpro/libctru/lib/libctru.a(console.o)
                0x001009b0                consoleDrawChar
 .text.consolePrintChar
                0x00100b78      0x170 /opt/devkitpro/libctru/lib/libctru.a(console.o)
                0x00100b78                consolePrintChar
 .text.con_write
                0x00100ce8      0xc40 /opt/devkitpro/libctru/lib/libctru.a(console.o)
                0x00100ce8                con_write
 .text.newRow   0x00101928      0x110 /opt/devkitpro/libctru/lib/libctru.a(console.o)
 .text.consoleInit
                0x00101a38      0x180 /opt/devkitpro/libctru/lib/libctru.a(console.o)
                0x00101a38                consoleInit
 .text.gfxPresentFramebuffer
                0x00101bb8       0xcc /opt/devkitpro/libctru/lib/libctru.a(gfx.o)
 .text.gfxIsWide
                0x00101c84       0x1c /opt/devkitpro/libctru/lib/libctru.a(gfx.o)
                0x00101c84                gfxIsWide
 .text.gfxSetScreenFormat
                0x00101ca0       0xf8 /opt/devkitpro/libctru/lib/libctru.a(gfx.o)
                0x00101ca0                gfxSetScreenFormat
 .text.gfxSetDoubleBuffering
                0x00101d98       0x10 /opt/devkitpro/libctru/lib/libctru.a(gfx.o)
                0x00101d98                gfxSetDoubleBuffering
 .text.gfxInit  0x00101da8       0xd8 /opt/devkitpro/libctru/lib/libctru.a(gfx.o)
                0x00101da8                gfxInit
 .text.gfxInitDefault
                0x00101e80       0x10 /opt/devkitpro/libctru/lib/libctru.a(gfx.o)
                0x00101e80                gfxInitDefault
 .text.gfxExit  0x00101e90       0xb8 /opt/devkitpro/libctru/lib/libctru.a(gfx.o)
                0x00101e90                gfxExit
 .text.gfxGetFramebuffer
                0x00101f48       0xa0 /opt/devkitpro/libctru/lib/libctru.a(gfx.o)
                0x00101f48                gfxGetFramebuffer
 .text.gfxFlushBuffers
                0x00101fe8      0x100 /opt/devkitpro/libctru/lib/libctru.a(gfx.o)
                0x00101fe8                gfxFlushBuffers
 .text.gfxSwapBuffers
                0x001020e8       0x50 /opt/devkitpro/libctru/lib/libctru.a(gfx.o)
                0x001020e8                gfxSwapBuffers
 .text.gfxSwapBuffersGpu
                0x00102138       0x50 /opt/devkitpro/libctru/lib/libctru.a(gfx.o)
                0x00102138                gfxSwapBuffersGpu
 .text.aptConvertScreenForCapture
                0x00102188      0x180 /opt/devkitpro/libctru/lib/libctru.a(apt.o)
 .text.aptDspSleep
                0x00102308        0x8 /opt/devkitpro/libctru/lib/libctru.a(apt.o)
                0x00102308                aptDspSleep
 .text.aptDspWakeup
                0x00102310        0x4 /opt/devkitpro/libctru/lib/libctru.a(apt.o)
                0x00102310                aptDspWakeup
 .text.aptDspCancel
                0x00102314        0x4 /opt/devkitpro/libctru/lib/libctru.a(apt.o)
                0x00102314                aptDspCancel
 .text.aptSendCommand
                0x00102318      0x138 /opt/devkitpro/libctru/lib/libctru.a(apt.o)
                0x00102318                aptSendCommand
 .text.aptExitProcess
                0x00102450       0x44 /opt/devkitpro/libctru/lib/libctru.a(apt.o)
 .text.aptExit  0x00102494      0x394 /opt/devkitpro/libctru/lib/libctru.a(apt.o)
                0x00102494                aptExit
 .text.aptHandleSleep
                0x00102828       0xd8 /opt/devkitpro/libctru/lib/libctru.a(apt.o)
                0x00102828                aptHandleSleep
 .text.APT_SleepIfShellClosed
                0x00102900       0x84 /opt/devkitpro/libctru/lib/libctru.a(apt.o)
                0x00102900                APT_SleepIfShellClosed
 .text.aptSetSleepAllowed
                0x00102984       0x78 /opt/devkitpro/libctru/lib/libctru.a(apt.o)
                0x00102984                aptSetSleepAllowed
 .text.APT_UnlockTransition
                0x001029fc       0x84 /opt/devkitpro/libctru/lib/libctru.a(apt.o)
                0x001029fc                APT_UnlockTransition
 .text.aptEventHandler
                0x00102a80      0x470 /opt/devkitpro/libctru/lib/libctru.a(apt.o)
 .text.APT_ReceiveParameter
                0x00102ef0       0xbc /opt/devkitpro/libctru/lib/libctru.a(apt.o)
                0x00102ef0                APT_ReceiveParameter
 .text.aptReceiveParameter.constprop.0
                0x00102fac       0xb0 /opt/devkitpro/libctru/lib/libctru.a(apt.o)
 *fill*         0x0010305c        0x4 
 .text.aptScreenTransfer
                0x00103060      0x294 /opt/devkitpro/libctru/lib/libctru.a(apt.o)
 .text.aptWaitForWakeUp.isra.0
                0x001032f4      0x2d0 /opt/devkitpro/libctru/lib/libctru.a(apt.o)
 .text.aptJumpToHomeMenu
                0x001035c4       0xf4 /opt/devkitpro/libctru/lib/libctru.a(apt.o)
                0x001035c4                aptJumpToHomeMenu
 .text.aptMainLoop
                0x001036b8       0x58 /opt/devkitpro/libctru/lib/libctru.a(apt.o)
                0x001036b8                aptMainLoop
 .text.aptInit  0x00103710      0x240 /opt/devkitpro/libctru/lib/libctru.a(apt.o)
                0x00103710                aptInit
 .text.APT_CheckNew3DS
                0x00103950       0x90 /opt/devkitpro/libctru/lib/libctru.a(apt.o)
                0x00103950                APT_CheckNew3DS
 .text.gspHardwareInit
                0x001039e0      0xc70 /opt/devkitpro/libctru/lib/libctru.a(gspgpu.o)
 .text.gspInit  0x00104650      0x280 /opt/devkitpro/libctru/lib/libctru.a(gspgpu.o)
                0x00104650                gspInit
 .text.gspExit  0x001048d0      0x110 /opt/devkitpro/libctru/lib/libctru.a(gspgpu.o)
                0x001048d0                gspExit
 .text.gspHasGpuRight
                0x001049e0       0x10 /opt/devkitpro/libctru/lib/libctru.a(gspgpu.o)
                0x001049e0                gspHasGpuRight
 .text.gspPresentBuffer
                0x001049f0       0xa4 /opt/devkitpro/libctru/lib/libctru.a(gspgpu.o)
                0x001049f0                gspPresentBuffer
 .text.gspWaitForEvent
                0x00104a94       0x50 /opt/devkitpro/libctru/lib/libctru.a(gspgpu.o)
                0x00104a94                gspWaitForEvent
 .text.gxCmdQueueInterrupt
                0x00104ae4        0x4 /opt/devkitpro/libctru/lib/libctru.a(gspgpu.o)
                0x00104ae4                gxCmdQueueInterrupt
 .text.gspEventThreadMain
                0x00104ae8      0x154 /opt/devkitpro/libctru/lib/libctru.a(gspgpu.o)
 .text.GSPGPU_FlushDataCache
                0x00104c3c       0x50 /opt/devkitpro/libctru/lib/libctru.a(gspgpu.o)
                0x00104c3c                GSPGPU_FlushDataCache
 .text.GSPGPU_SetLcdForceBlack
                0x00104c8c       0x34 /opt/devkitpro/libctru/lib/libctru.a(gspgpu.o)
                0x00104c8c                GSPGPU_SetLcdForceBlack
 .text.GSPGPU_AcquireRight
                0x00104cc0       0x80 /opt/devkitpro/libctru/lib/libctru.a(gspgpu.o)
                0x00104cc0                GSPGPU_AcquireRight
 .text.GSPGPU_ReleaseRight
                0x00104d40       0x5c /opt/devkitpro/libctru/lib/libctru.a(gspgpu.o)
                0x00104d40                GSPGPU_ReleaseRight
 .text.GSPGPU_ImportDisplayCaptureInfo
                0x00104d9c       0x7c /opt/devkitpro/libctru/lib/libctru.a(gspgpu.o)
                0x00104d9c                GSPGPU_ImportDisplayCaptureInfo
 .text.GSPGPU_SaveVramSysArea
                0x00104e18       0x2c /opt/devkitpro/libctru/lib/libctru.a(gspgpu.o)
                0x00104e18                GSPGPU_SaveVramSysArea
 .text.GSPGPU_RestoreVramSysArea
                0x00104e44       0x2c /opt/devkitpro/libctru/lib/libctru.a(gspgpu.o)
                0x00104e44                GSPGPU_RestoreVramSysArea
 .text.hidShouldUseIrrst
                0x00104e70       0x24 /opt/devkitpro/libctru/lib/libctru.a(hid.o)
                0x00104e70                hidShouldUseIrrst
 .text.hidInit  0x00104e94      0x1cc /opt/devkitpro/libctru/lib/libctru.a(hid.o)
                0x00104e94                hidInit
 .text.hidExit  0x00105060       0xe8 /opt/devkitpro/libctru/lib/libctru.a(hid.o)
                0x00105060                hidExit
 .text.hidScanInput
                0x00105148      0x2a0 /opt/devkitpro/libctru/lib/libctru.a(hid.o)
                0x00105148                hidScanInput
 .text.hidKeysDown
                0x001053e8       0x10 /opt/devkitpro/libctru/lib/libctru.a(hid.o)
                0x001053e8                hidKeysDown
 .text.irrstInit
                0x001053f8      0x1a4 /opt/devkitpro/libctru/lib/libctru.a(irrst.o)
                0x001053f8                irrstInit
 .text.irrstExit
                0x0010559c       0xdc /opt/devkitpro/libctru/lib/libctru.a(irrst.o)
                0x0010559c                irrstExit
 .text.irrstScanInput
                0x00105678       0xb4 /opt/devkitpro/libctru/lib/libctru.a(irrst.o)
                0x00105678                irrstScanInput
 .text.irrstKeysHeld
                0x0010572c       0x24 /opt/devkitpro/libctru/lib/libctru.a(irrst.o)
                0x0010572c                irrstKeysHeld
 .text.__libctru_init
                0x00105750       0x38 /opt/devkitpro/libctru/lib/libctru.a(ctru_init.o)
                0x00105750                __libctru_init
 .text.__system_initArgv
                0x00105788      0x16c /opt/devkitpro/libctru/lib/libctru.a(initArgv.o)
                0x00105788                __system_initArgv
 .text.__syscall_getreent
                0x001058f4       0x30 /opt/devkitpro/libctru/lib/libctru.a(syscalls.o)
                0x001058f4                __syscall_getreent
 .text.__syscall_lock_acquire
                0x00105924        0x4 /opt/devkitpro/libctru/lib/libctru.a(syscalls.o)
                0x00105924                __syscall_lock_acquire
 .text.__syscall_lock_release
                0x00105928        0x4 /opt/devkitpro/libctru/lib/libctru.a(syscalls.o)
                0x00105928                __syscall_lock_release
 .text.__syscall_lock_acquire_recursive
                0x0010592c        0x4 /opt/devkitpro/libctru/lib/libctru.a(syscalls.o)
                0x0010592c                __syscall_lock_acquire_recursive
 .text.__syscall_lock_release_recursive
                0x00105930        0x4 /opt/devkitpro/libctru/lib/libctru.a(syscalls.o)
                0x00105930                __syscall_lock_release_recursive
 .text.__syscall_exit
                0x00105934        0x4 /opt/devkitpro/libctru/lib/libctru.a(syscalls.o)
                0x00105934                __syscall_exit
 .text.initThreadVars
                0x00105938       0x54 /opt/devkitpro/libctru/lib/libctru.a(syscalls.o)
                0x00105938                initThreadVars
 .text.__system_initSyscalls
                0x0010598c       0x80 /opt/devkitpro/libctru/lib/libctru.a(syscalls.o)
                0x0010598c                __system_initSyscalls
 .text.svcControlMemory
                0x00105a0c       0x20 /opt/devkitpro/libctru/lib/libctru.a(svc.o)
                0x00105a0c                svcControlMemory
 .text.svcQueryMemory
                0x00105a2c       0x30 /opt/devkitpro/libctru/lib/libctru.a(svc.o)
                0x00105a2c                svcQueryMemory
 .text.svcExitProcess
                0x00105a5c        0x8 /opt/devkitpro/libctru/lib/libctru.a(svc.o)
                0x00105a5c                svcExitProcess
 .text.svcCreateThread
                0x00105a64       0x20 /opt/devkitpro/libctru/lib/libctru.a(svc.o)
                0x00105a64                svcCreateThread
 .text.svcExitThread
                0x00105a84        0x8 /opt/devkitpro/libctru/lib/libctru.a(svc.o)
                0x00105a84                svcExitThread
 .text.svcSleepThread
                0x00105a8c        0x8 /opt/devkitpro/libctru/lib/libctru.a(svc.o)
                0x00105a8c                svcSleepThread
 .text.svcReleaseMutex
                0x00105a94        0x8 /opt/devkitpro/libctru/lib/libctru.a(svc.o)
                0x00105a94                svcReleaseMutex
 .text.svcCreateEvent
                0x00105a9c       0x14 /opt/devkitpro/libctru/lib/libctru.a(svc.o)
                0x00105a9c                svcCreateEvent
 .text.svcSignalEvent
                0x00105ab0        0x8 /opt/devkitpro/libctru/lib/libctru.a(svc.o)
                0x00105ab0                svcSignalEvent
 .text.svcClearEvent
                0x00105ab8        0x8 /opt/devkitpro/libctru/lib/libctru.a(svc.o)
                0x00105ab8                svcClearEvent
 .text.svcMapMemoryBlock
                0x00105ac0        0x8 /opt/devkitpro/libctru/lib/libctru.a(svc.o)
                0x00105ac0                svcMapMemoryBlock
 .text.svcUnmapMemoryBlock
                0x00105ac8        0x8 /opt/devkitpro/libctru/lib/libctru.a(svc.o)
                0x00105ac8                svcUnmapMemoryBlock
 .text.svcCreateAddressArbiter
                0x00105ad0       0x14 /opt/devkitpro/libctru/lib/libctru.a(svc.o)
                0x00105ad0                svcCreateAddressArbiter
 .text.svcArbitrateAddressNoTimeout
                0x00105ae4        0x8 /opt/devkitpro/libctru/lib/libctru.a(svc.o)
                0x00105ae4                svcArbitrateAddressNoTimeout
 .text.svcCloseHandle
                0x00105aec        0x8 /opt/devkitpro/libctru/lib/libctru.a(svc.o)
                0x00105aec                svcCloseHandle
 .text.svcWaitSynchronization
                0x00105af4        0x8 /opt/devkitpro/libctru/lib/libctru.a(svc.o)
                0x00105af4                svcWaitSynchronization
 .text.svcWaitSynchronizationN
                0x00105afc       0x28 /opt/devkitpro/libctru/lib/libctru.a(svc.o)
                0x00105afc                svcWaitSynchronizationN
 .text.svcDuplicateHandle
                0x00105b24       0x14 /opt/devkitpro/libctru/lib/libctru.a(svc.o)
                0x00105b24                svcDuplicateHandle
 .text.svcConnectToPort
                0x00105b38       0x14 /opt/devkitpro/libctru/lib/libctru.a(svc.o)
                0x00105b38                svcConnectToPort
 .text.svcSendSyncRequest
                0x00105b4c        0x8 /opt/devkitpro/libctru/lib/libctru.a(svc.o)
                0x00105b4c                svcSendSyncRequest
 .text.svcGetResourceLimit
                0x00105b54       0x14 /opt/devkitpro/libctru/lib/libctru.a(svc.o)
                0x00105b54                svcGetResourceLimit
 .text.svcGetResourceLimitLimitValues
                0x00105b68        0x8 /opt/devkitpro/libctru/lib/libctru.a(svc.o)
                0x00105b68                svcGetResourceLimitLimitValues
 .text.svcGetResourceLimitCurrentValues
                0x00105b70        0x8 /opt/devkitpro/libctru/lib/libctru.a(svc.o)
                0x00105b70                svcGetResourceLimitCurrentValues
 .text.svcBreak
                0x00105b78        0x8 /opt/devkitpro/libctru/lib/libctru.a(svc.o)
                0x00105b78                svcBreak
 .text.initSystem
                0x00105b80       0x50 /opt/devkitpro/libctru/lib/libctru.a(stack_adjust.o)
                0x00105b80                initSystem
 .text.__ctru_exit
                0x00105bd0       0x14 /opt/devkitpro/libctru/lib/libctru.a(stack_adjust.o)
                0x00105bd0                __ctru_exit
 .text._ZL21addrMapNodeComparatorPK11rbtree_nodeS1_
                0x00105be4       0x24 /opt/devkitpro/libctru/lib/libctru.a(linear.o)
 .text._ZL21addrMapNodeDestructorP11rbtree_node
                0x00105c08        0x4 /opt/devkitpro/libctru/lib/libctru.a(linear.o)
 .text.linearMemAlign
                0x00105c0c      0x12c /opt/devkitpro/libctru/lib/libctru.a(linear.o)
                0x00105c0c                linearMemAlign
 .text.linearAlloc
                0x00105d38        0x8 /opt/devkitpro/libctru/lib/libctru.a(linear.o)
                0x00105d38                linearAlloc
 .text.linearFree
                0x00105d40       0x5c /opt/devkitpro/libctru/lib/libctru.a(linear.o)
                0x00105d40                linearFree
 .text._ZN7MemPool13CoalesceRightEP8MemBlock
                0x00105d9c       0x88 /opt/devkitpro/libctru/lib/libctru.a(mem_pool.o)
                0x00105d9c                MemPool::CoalesceRight(MemBlock*)
 .text._ZN7MemPool8AllocateER8MemChunkmi
                0x00105e24      0x178 /opt/devkitpro/libctru/lib/libctru.a(mem_pool.o)
                0x00105e24                MemPool::Allocate(MemChunk&, unsigned long, int)
 .text._ZN7MemPool10DeallocateERK8MemChunk
                0x00105f9c      0x118 /opt/devkitpro/libctru/lib/libctru.a(mem_pool.o)
                0x00105f9c                MemPool::Deallocate(MemChunk const&)
 .text._ZN7MemPool12GetFreeSpaceEv
                0x001060b4       0x30 /opt/devkitpro/libctru/lib/libctru.a(mem_pool.o)
                0x001060b4                MemPool::GetFreeSpace()
 .text._ZL21addrMapNodeComparatorPK11rbtree_nodeS1_
                0x001060e4       0x24 /opt/devkitpro/libctru/lib/libctru.a(vram.o)
 .text._ZL21addrMapNodeDestructorP11rbtree_node
                0x00106108        0x4 /opt/devkitpro/libctru/lib/libctru.a(vram.o)
 .text.vramMemAlignAt
                0x0010610c      0x248 /opt/devkitpro/libctru/lib/libctru.a(vram.o)
                0x0010610c                vramMemAlignAt
 .text.vramAlloc
                0x00106354        0xc /opt/devkitpro/libctru/lib/libctru.a(vram.o)
                0x00106354                vramAlloc
 .text.vramFree
                0x00106360       0x94 /opt/devkitpro/libctru/lib/libctru.a(vram.o)
                0x00106360                vramFree
 .text.envGetHandle
                0x001063f4       0x8c /opt/devkitpro/libctru/lib/libctru.a(env.o)
                0x001063f4                envGetHandle
 .text.envDestroyHandles
                0x00106480       0x50 /opt/devkitpro/libctru/lib/libctru.a(env.o)
                0x00106480                envDestroyHandles
 .text.__ctru_speedup_config
                0x001064d0       0x34 /opt/devkitpro/libctru/lib/libctru.a(os.o)
                0x001064d0                __ctru_speedup_config
 .text.srvInit  0x00106504      0x164 /opt/devkitpro/libctru/lib/libctru.a(srv.o)
                0x00106504                srvInit
 .text.srvExit  0x00106668       0x64 /opt/devkitpro/libctru/lib/libctru.a(srv.o)
                0x00106668                srvExit
 .text.srvEnableNotification
                0x001066cc       0x60 /opt/devkitpro/libctru/lib/libctru.a(srv.o)
                0x001066cc                srvEnableNotification
 .text.srvGetServiceHandleDirect
                0x0010672c       0xa0 /opt/devkitpro/libctru/lib/libctru.a(srv.o)
                0x0010672c                srvGetServiceHandleDirect
 .text.srvGetServiceHandle
                0x001067cc       0x48 /opt/devkitpro/libctru/lib/libctru.a(srv.o)
                0x001067cc                srvGetServiceHandle
 .text.srvSubscribe
                0x00106814       0x34 /opt/devkitpro/libctru/lib/libctru.a(srv.o)
                0x00106814                srvSubscribe
 .text.srvReceiveNotification
                0x00106848       0x60 /opt/devkitpro/libctru/lib/libctru.a(srv.o)
                0x00106848                srvReceiveNotification
 .text.srvPublishToSubscriber
                0x001068a8       0x38 /opt/devkitpro/libctru/lib/libctru.a(srv.o)
                0x001068a8                srvPublishToSubscriber
 .text.__sync_init
                0x001068e0        0xc /opt/devkitpro/libctru/lib/libctru.a(synchronization.o)
                0x001068e0                __sync_init
 .text.__sync_fini
                0x001068ec       0x18 /opt/devkitpro/libctru/lib/libctru.a(synchronization.o)
                0x001068ec                __sync_fini
 .text.syncArbitrateAddress
                0x00106904       0x28 /opt/devkitpro/libctru/lib/libctru.a(synchronization.o)
                0x00106904                syncArbitrateAddress
 .text.LightLock_Lock
                0x0010692c       0xac /opt/devkitpro/libctru/lib/libctru.a(synchronization.o)
                0x0010692c                LightLock_Lock
 .text.LightLock_Unlock
                0x001069d8       0x40 /opt/devkitpro/libctru/lib/libctru.a(synchronization.o)
                0x001069d8                LightLock_Unlock
 .text.RecursiveLock_Lock
                0x00106a18       0x54 /opt/devkitpro/libctru/lib/libctru.a(synchronization.o)
                0x00106a18                RecursiveLock_Lock
 .text.RecursiveLock_Unlock
                0x00106a6c       0x54 /opt/devkitpro/libctru/lib/libctru.a(synchronization.o)
                0x00106a6c                RecursiveLock_Unlock
 .text.LightEvent_Init
                0x00106ac0       0x44 /opt/devkitpro/libctru/lib/libctru.a(synchronization.o)
                0x00106ac0                LightEvent_Init
 .text.LightEvent_Clear
                0x00106b04       0xb8 /opt/devkitpro/libctru/lib/libctru.a(synchronization.o)
                0x00106b04                LightEvent_Clear
 .text.LightEvent_Signal
                0x00106bbc       0xdc /opt/devkitpro/libctru/lib/libctru.a(synchronization.o)
                0x00106bbc                LightEvent_Signal
 .text.LightEvent_TryWait
                0x00106c98       0x50 /opt/devkitpro/libctru/lib/libctru.a(synchronization.o)
                0x00106c98                LightEvent_TryWait
 .text.LightEvent_Wait
                0x00106ce8       0xac /opt/devkitpro/libctru/lib/libctru.a(synchronization.o)
                0x00106ce8                LightEvent_Wait
 .text.threadCreate
                0x00106d94      0x1fc /opt/devkitpro/libctru/lib/libctru.a(thread.o)
                0x00106d94                threadCreate
 .text.threadFree
                0x00106f90       0x38 /opt/devkitpro/libctru/lib/libctru.a(thread.o)
                0x00106f90                threadFree
 .text.threadJoin
                0x00106fc8       0x24 /opt/devkitpro/libctru/lib/libctru.a(thread.o)
                0x00106fc8                threadJoin
 .text.threadGetCurrent
                0x00106fec       0x30 /opt/devkitpro/libctru/lib/libctru.a(thread.o)
                0x00106fec                threadGetCurrent
 .text.threadExit
                0x0010701c       0x40 /opt/devkitpro/libctru/lib/libctru.a(thread.o)
                0x0010701c                threadExit
 .text._thread_begin
                0x0010705c       0x20 /opt/devkitpro/libctru/lib/libctru.a(thread.o)
 .text.mappableFindAddressWithin
                0x0010707c       0x90 /opt/devkitpro/libctru/lib/libctru.a(mappable.o)
 .text.mappableInit
                0x0010710c       0x28 /opt/devkitpro/libctru/lib/libctru.a(mappable.o)
                0x0010710c                mappableInit
 .text.mappableAlloc
                0x00107134       0x7c /opt/devkitpro/libctru/lib/libctru.a(mappable.o)
                0x00107134                mappableAlloc
 .text.mappableFree
                0x001071b0        0x4 /opt/devkitpro/libctru/lib/libctru.a(mappable.o)
                0x001071b0                mappableFree
 .text.ptmSysmInit
                0x001071b4       0x78 /opt/devkitpro/libctru/lib/libctru.a(ptmsysm.o)
                0x001071b4                ptmSysmInit
 .text.ptmSysmExit
                0x0010722c       0x3c /opt/devkitpro/libctru/lib/libctru.a(ptmsysm.o)
                0x0010722c                ptmSysmExit
 .text.PTMSYSM_ConfigureNew3DSCPU
                0x00107268       0x34 /opt/devkitpro/libctru/lib/libctru.a(ptmsysm.o)
                0x00107268                PTMSYSM_ConfigureNew3DSCPU
 .text.srvPmGetSessionHandle
                0x0010729c        0xc /opt/devkitpro/libctru/lib/libctru.a(srvpm.o)
                0x0010729c                srvPmGetSessionHandle
 .text.rbtree_find
                0x001072a8       0x74 /opt/devkitpro/libctru/lib/libctru.a(rbtree_find.o)
                0x001072a8                rbtree_find
 .text.rbtree_init
                0x0010731c       0x10 /opt/devkitpro/libctru/lib/libctru.a(rbtree_init.o)
                0x0010731c                rbtree_init
 .text.do_insert
                0x0010732c      0x198 /opt/devkitpro/libctru/lib/libctru.a(rbtree_insert.o)
 .text.rbtree_insert
                0x001074c4        0x8 /opt/devkitpro/libctru/lib/libctru.a(rbtree_insert.o)
                0x001074c4                rbtree_insert
 .text.rbtree_remove
                0x001074cc      0x310 /opt/devkitpro/libctru/lib/libctru.a(rbtree_remove.o)
                0x001074cc                rbtree_remove
 .text.rbtree_rotate
                0x001077dc       0x90 /opt/devkitpro/libctru/lib/libctru.a(rbtree_rotate.o)
                0x001077dc                rbtree_rotate
 *fill*         0x0010786c        0x4 
 .text.__system_allocateHeaps
                0x00107870      0x1e8 /opt/devkitpro/libctru/lib/libctru.a(allocateHeaps.o)
                0x00107870                __system_allocateHeaps
 .text.__appExit
                0x00107a58       0x30 /opt/devkitpro/libctru/lib/libctru.a(appExit.o)
                0x00107a58                __appExit
 .text.__appInit
                0x00107a88       0x30 /opt/devkitpro/libctru/lib/libctru.a(appInit.o)
                0x00107a88                __appInit
 .text.__libctru_exit
                0x00107ab8       0x90 /opt/devkitpro/libctru/lib/libctru.a(ctru_exit.o)
                0x00107ab8                __libctru_exit
 .text.archive_link
                0x00107b48       0x14 /opt/devkitpro/libctru/lib/libctru.a(archive_dev.o)
 .text.archive_dirreset
                0x00107b5c       0x14 /opt/devkitpro/libctru/lib/libctru.a(archive_dev.o)
 .text.archive_chmod
                0x00107b70       0x14 /opt/devkitpro/libctru/lib/libctru.a(archive_dev.o)
 .text.error_cmp
                0x00107b84       0x24 /opt/devkitpro/libctru/lib/libctru.a(archive_dev.o)
 .text.archive_translate_error
                0x00107ba8       0x50 /opt/devkitpro/libctru/lib/libctru.a(archive_dev.o)
 .text.archive_seek
                0x00107bf8       0xc0 /opt/devkitpro/libctru/lib/libctru.a(archive_dev.o)
 .text._archiveInit.part.0
                0x00107cb8       0x78 /opt/devkitpro/libctru/lib/libctru.a(archive_dev.o)
 .text.archiveFindDevice.part.0
                0x00107d30       0xd4 /opt/devkitpro/libctru/lib/libctru.a(archive_dev.o)
 .text.archive_utf16path
                0x00107e04      0x298 /opt/devkitpro/libctru/lib/libctru.a(archive_dev.o)
 .text._archiveUnmountDeviceStruct.part.0
                0x0010809c       0x98 /opt/devkitpro/libctru/lib/libctru.a(archive_dev.o)
 .text.archive_statvfs
                0x00108134       0x14 /opt/devkitpro/libctru/lib/libctru.a(archive_dev.o)
 .text.archive_fchmod
                0x00108148       0x14 /opt/devkitpro/libctru/lib/libctru.a(archive_dev.o)
 .text._archiveMountDevice
                0x0010815c      0x178 /opt/devkitpro/libctru/lib/libctru.a(archive_dev.o)
 .text.archive_diropen
                0x001082d4       0xf8 /opt/devkitpro/libctru/lib/libctru.a(archive_dev.o)
 .text.archive_fstat
                0x001083cc       0xac /opt/devkitpro/libctru/lib/libctru.a(archive_dev.o)
 .text.archive_fsync
                0x00108478       0x74 /opt/devkitpro/libctru/lib/libctru.a(archive_dev.o)
 .text.archive_close
                0x001084ec       0x74 /opt/devkitpro/libctru/lib/libctru.a(archive_dev.o)
 .text.archive_dirclose
                0x00108560       0x78 /opt/devkitpro/libctru/lib/libctru.a(archive_dev.o)
 .text.sdmc_statvfs
                0x001085d8       0xec /opt/devkitpro/libctru/lib/libctru.a(archive_dev.o)
 .text.archive_chdir
                0x001086c4       0xf8 /opt/devkitpro/libctru/lib/libctru.a(archive_dev.o)
 .text.archive_ftruncate
                0x001087bc       0x8c /opt/devkitpro/libctru/lib/libctru.a(archive_dev.o)
 .text.archive_read
                0x00108848       0xbc /opt/devkitpro/libctru/lib/libctru.a(archive_dev.o)
 .text.archive_unlink
                0x00108904       0xa8 /opt/devkitpro/libctru/lib/libctru.a(archive_dev.o)
 .text.archive_rmdir
                0x001089ac       0xc0 /opt/devkitpro/libctru/lib/libctru.a(archive_dev.o)
 .text.archive_mkdir
                0x00108a6c       0xd8 /opt/devkitpro/libctru/lib/libctru.a(archive_dev.o)
 .text.archive_stat
                0x00108b44      0x1a0 /opt/devkitpro/libctru/lib/libctru.a(archive_dev.o)
 .text.archive_dirnext
                0x00108ce4      0x164 /opt/devkitpro/libctru/lib/libctru.a(archive_dev.o)
 .text.archive_write
                0x00108e48      0x13c /opt/devkitpro/libctru/lib/libctru.a(archive_dev.o)
 *fill*         0x00108f84        0x4 
 .text.archive_open
                0x00108f88      0x254 /opt/devkitpro/libctru/lib/libctru.a(archive_dev.o)
 .text.archive_rename
                0x001091dc      0x270 /opt/devkitpro/libctru/lib/libctru.a(archive_dev.o)
 .text.archiveMountSdmc
                0x0010944c      0x1c8 /opt/devkitpro/libctru/lib/libctru.a(archive_dev.o)
                0x0010944c                archiveMountSdmc
 .text.archiveUnmountAll
                0x00109614       0x54 /opt/devkitpro/libctru/lib/libctru.a(archive_dev.o)
                0x00109614                archiveUnmountAll
 .text.fsInit   0x00109668      0x104 /opt/devkitpro/libctru/lib/libctru.a(fs.o)
                0x00109668                fsInit
 .text.fsExit   0x0010976c       0x3c /opt/devkitpro/libctru/lib/libctru.a(fs.o)
                0x0010976c                fsExit
 .text.fsExemptFromSession
                0x001097a8       0x68 /opt/devkitpro/libctru/lib/libctru.a(fs.o)
                0x001097a8                fsExemptFromSession
 .text.fsUnexemptFromSession
                0x00109810       0x50 /opt/devkitpro/libctru/lib/libctru.a(fs.o)
                0x00109810                fsUnexemptFromSession
 .text.FSUSER_OpenFile
                0x00109860       0xcc /opt/devkitpro/libctru/lib/libctru.a(fs.o)
                0x00109860                FSUSER_OpenFile
 .text.FSUSER_DeleteFile
                0x0010992c       0xb8 /opt/devkitpro/libctru/lib/libctru.a(fs.o)
                0x0010992c                FSUSER_DeleteFile
 .text.FSUSER_RenameFile
                0x001099e4       0xf4 /opt/devkitpro/libctru/lib/libctru.a(fs.o)
                0x001099e4                FSUSER_RenameFile
 .text.FSUSER_DeleteDirectory
                0x00109ad8       0xb8 /opt/devkitpro/libctru/lib/libctru.a(fs.o)
                0x00109ad8                FSUSER_DeleteDirectory
 .text.FSUSER_CreateFile
                0x00109b90       0xd0 /opt/devkitpro/libctru/lib/libctru.a(fs.o)
                0x00109b90                FSUSER_CreateFile
 .text.FSUSER_CreateDirectory
                0x00109c60       0xc0 /opt/devkitpro/libctru/lib/libctru.a(fs.o)
                0x00109c60                FSUSER_CreateDirectory
 .text.FSUSER_RenameDirectory
                0x00109d20       0xf4 /opt/devkitpro/libctru/lib/libctru.a(fs.o)
                0x00109d20                FSUSER_RenameDirectory
 .text.FSUSER_OpenDirectory
                0x00109e14       0xb4 /opt/devkitpro/libctru/lib/libctru.a(fs.o)
                0x00109e14                FSUSER_OpenDirectory
 .text.FSUSER_OpenArchive
                0x00109ec8       0x90 /opt/devkitpro/libctru/lib/libctru.a(fs.o)
                0x00109ec8                FSUSER_OpenArchive
 .text.FSUSER_CloseArchive
                0x00109f58       0x8c /opt/devkitpro/libctru/lib/libctru.a(fs.o)
                0x00109f58                FSUSER_CloseArchive
 .text.FSUSER_GetSdmcArchiveResource
                0x00109fe4       0x74 /opt/devkitpro/libctru/lib/libctru.a(fs.o)
                0x00109fe4                FSUSER_GetSdmcArchiveResource
 .text.FSUSER_IsSdmcWritable
                0x0010a058       0x64 /opt/devkitpro/libctru/lib/libctru.a(fs.o)
                0x0010a058                FSUSER_IsSdmcWritable
 .text.FSFILE_Read
                0x0010a0bc       0x64 /opt/devkitpro/libctru/lib/libctru.a(fs.o)
                0x0010a0bc                FSFILE_Read
 .text.FSFILE_Write
                0x0010a120       0x6c /opt/devkitpro/libctru/lib/libctru.a(fs.o)
                0x0010a120                FSFILE_Write
 .text.FSFILE_GetSize
                0x0010a18c       0x44 /opt/devkitpro/libctru/lib/libctru.a(fs.o)
                0x0010a18c                FSFILE_GetSize
 .text.FSFILE_SetSize
                0x0010a1d0       0x28 /opt/devkitpro/libctru/lib/libctru.a(fs.o)
                0x0010a1d0                FSFILE_SetSize
 .text.FSFILE_Close
                0x0010a1f8       0x3c /opt/devkitpro/libctru/lib/libctru.a(fs.o)
                0x0010a1f8                FSFILE_Close
 .text.FSFILE_Flush
                0x0010a234       0x24 /opt/devkitpro/libctru/lib/libctru.a(fs.o)
                0x0010a234                FSFILE_Flush
 .text.FSDIR_Read
                0x0010a258       0x60 /opt/devkitpro/libctru/lib/libctru.a(fs.o)
                0x0010a258                FSDIR_Read
 .text.FSDIR_Close
                0x0010a2b8       0x3c /opt/devkitpro/libctru/lib/libctru.a(fs.o)
                0x0010a2b8                FSDIR_Close
 .text.rbtree_node_next
                0x0010a2f4       0x60 /opt/devkitpro/libctru/lib/libctru.a(rbtree_iterator.o)
                0x0010a2f4                rbtree_node_next
 .text.decode_utf8
                0x0010a354      0x140 /opt/devkitpro/libctru/lib/libctru.a(decode_utf8.o)
                0x0010a354                decode_utf8
 .text.utf16_to_utf8
                0x0010a494       0xe8 /opt/devkitpro/libctru/lib/libctru.a(utf16_to_utf8.o)
                0x0010a494                utf16_to_utf8
 .text.utf8_to_utf16
                0x0010a57c       0xc0 /opt/devkitpro/libctru/lib/libctru.a(utf8_to_utf16.o)
                0x0010a57c                utf8_to_utf16
 .text.__aeabi_read_tp
                0x0010a63c        0xc /opt/devkitpro/libctru/lib/libctru.a(readtp.o)
                0x0010a63c                __aeabi_read_tp
 .text.decode_utf16
                0x0010a648       0x54 /opt/devkitpro/libctru/lib/libctru.a(decode_utf16.o)
                0x0010a648                decode_utf16
 .text.encode_utf16
                0x0010a69c       0x54 /opt/devkitpro/libctru/lib/libctru.a(encode_utf16.o)
                0x0010a69c                encode_utf16
 .text.encode_utf8
                0x0010a6f0       0xe0 /opt/devkitpro/libctru/lib/libctru.a(encode_utf8.o)
                0x0010a6f0                encode_utf8
 .text.strncmp  0x0010a7d0       0xd8 /opt/devkitpro/devkitARM/bin/../lib/gcc/arm-none-eabi/15.1.0/../../../../arm-none-eabi/lib/armv6k/fpu/libg.a(libc_a-strncmp.o)
                0x0010a7d0                strncmp
 .text.rand     0x0010a8a8       0x44 /opt/devkitpro/devkitARM/bin/../lib/gcc/arm-none-eabi/15.1.0/../../../../arm-none-eabi/lib/armv6k/fpu/libg.a(libc_a-rand.o)
                0x0010a8a8                rand
 .text.strlen   0x0010a8ec       0x8c /opt/devkitpro/devkitARM/bin/../lib/gcc/arm-none-eabi/15.1.0/../../../../arm-none-eabi/lib/armv6k/fpu/libg.a(libc_a-strlen.o)
                0x0010a8ec                strlen
 .text.stdio_exit_handler
                0x0010a978       0x1c /opt/devkitpro/devkitARM/bin/../lib/gcc/arm-none-eabi/15.1.0/../../../../arm-none-eabi/lib/armv6k/fpu/libg.a(libc_a-findfp.o)
 .text.cleanup_stdio
                0x0010a994       0x5c /opt/devkitpro/devkitARM/bin/../lib/gcc/arm-none-eabi/15.1.0/../../../../arm-none-eabi/lib/armv6k/fpu/libg.a(libc_a-findfp.o)
 .text.global_stdio_init.part.0
                0x0010a9f0      0x154 /opt/devkitpro/devkitARM/bin/../lib/gcc/arm-none-eabi/15.1.0/../../../../arm-none-eabi/lib/armv6k/fpu/libg.a(libc_a-findfp.o)
 .text.__sinit  0x0010ab44       0x5c /opt/devkitpro/devkitARM/bin/../lib/gcc/arm-none-eabi/15.1.0/../../../../arm-none-eabi/lib/armv6k/fpu/libg.a(libc_a-findfp.o)
                0x0010ab44                __sinit
 .text.__sfp_lock_acquire
                0x0010aba0        0xc /opt/devkitpro/devkitARM/bin/../lib/gcc/arm-none-eabi/15.1.0/../../../../arm-none-eabi/lib/armv6k/fpu/libg.a(libc_a-findfp.o)
                0x0010aba0                __sfp_lock_acquire
 .text.__sfp_lock_release
                0x0010abac        0xc /opt/devkitpro/devkitARM/bin/../lib/gcc/arm-none-eabi/15.1.0/../../../../arm-none-eabi/lib/armv6k/fpu/libg.a(libc_a-findfp.o)
                0x0010abac                __sfp_lock_release
 .text._strtoul_l.isra.0
                0x0010abb8      0x1ec /opt/devkitpro/devkitARM/bin/../lib/gcc/arm-none-eabi/15.1.0/../../../../arm-none-eabi/lib/armv6k/fpu/libg.a(libc_a-strtoul.o)
 .text.strtoul  0x0010ada4       0x3c /opt/devkitpro/devkitARM/bin/../lib/gcc/arm-none-eabi/15.1.0/../../../../arm-none-eabi/lib/armv6k/fpu/libg.a(libc_a-strtoul.o)
                0x0010ada4                strtoul
 .text.__libc_init_array
                0x0010ade0       0x84 /opt/devkitpro/devkitARM/bin/../lib/gcc/arm-none-eabi/15.1.0/../../../../arm-none-eabi/lib/armv6k/fpu/libg.a(libc_a-init.o)
                0x0010ade0                __libc_init_array
 .text.strncat  0x0010ae64       0x9c /opt/devkitpro/devkitARM/bin/../lib/gcc/arm-none-eabi/15.1.0/../../../../arm-none-eabi/lib/armv6k/fpu/libg.a(libc_a-strncat.o)
                0x0010ae64                strncat
 .text._fwalk_sglue
                0x0010af00       0x70 /opt/devkitpro/devkitARM/bin/../lib/gcc/arm-none-eabi/15.1.0/../../../../arm-none-eabi/lib/armv6k/fpu/libg.a(libc_a-fwalk.o)
                0x0010af00                _fwalk_sglue
 .text.bsearch  0x0010af70       0x78 /opt/devkitpro/devkitARM/bin/../lib/gcc/arm-none-eabi/15.1.0/../../../../arm-none-eabi/lib/armv6k/fpu/libg.a(libc_a-bsearch.o)
                0x0010af70                bsearch
 .text.__errno  0x0010afe8        0xc /opt/devkitpro/devkitARM/bin/../lib/gcc/arm-none-eabi/15.1.0/../../../../arm-none-eabi/lib/armv6k/fpu/libg.a(libc_a-errno.o)
                0x0010afe8                __errno
 .text._puts_r  0x0010aff4       0xe0 /opt/devkitpro/devkitARM/bin/../lib/gcc/arm-none-eabi/15.1.0/../../../../arm-none-eabi/lib/armv6k/fpu/libg.a(libc_a-puts.o)
                0x0010aff4                _puts_r
 .text.puts     0x0010b0d4       0x20 /opt/devkitpro/devkitARM/bin/../lib/gcc/arm-none-eabi/15.1.0/../../../../arm-none-eabi/lib/armv6k/fpu/libg.a(libc_a-puts.o)
                0x0010b0d4                puts
 .text.memalign
                0x0010b0f4       0x28 /opt/devkitpro/devkitARM/bin/../lib/gcc/arm-none-eabi/15.1.0/../../../../arm-none-eabi/lib/armv6k/fpu/libg.a(libc_a-malign.o)
                0x0010b0f4                memalign
 .text._malloc_r
                0x0010b11c      0x82c /opt/devkitpro/devkitARM/bin/../lib/gcc/arm-none-eabi/15.1.0/../../../../arm-none-eabi/lib/armv6k/fpu/libg.a(libc_a-mallocr.o)
                0x0010b11c                _malloc_r
 .text._malloc_trim_r
                0x0010b948      0x114 /opt/devkitpro/devkitARM/bin/../lib/gcc/arm-none-eabi/15.1.0/../../../../arm-none-eabi/lib/armv6k/fpu/libg.a(libc_a-freer.o)
                0x0010b948                _malloc_trim_r
 .text._free_r  0x0010ba5c      0x314 /opt/devkitpro/devkitARM/bin/../lib/gcc/arm-none-eabi/15.1.0/../../../../arm-none-eabi/lib/armv6k/fpu/libg.a(libc_a-freer.o)
                0x0010ba5c                _free_r
 .text.strnlen  0x0010bd70       0x3c /opt/devkitpro/devkitARM/bin/../lib/gcc/arm-none-eabi/15.1.0/../../../../arm-none-eabi/lib/armv6k/fpu/libg.a(libc_a-strnlen.o)
                0x0010bd70                strnlen
 .text.malloc   0x0010bdac       0x40 /opt/devkitpro/devkitARM/bin/../lib/gcc/arm-none-eabi/15.1.0/../../../../arm-none-eabi/lib/armv6k/fpu/libg.a(libc_a-malloc.o)
                0x0010bdac                malloc
 .text.free     0x0010bdec       0x20 /opt/devkitpro/devkitARM/bin/../lib/gcc/arm-none-eabi/15.1.0/../../../../arm-none-eabi/lib/armv6k/fpu/libg.a(libc_a-malloc.o)
                0x0010bdec                free
 .text.__sflush_r
                0x0010be0c      0x22c /opt/devkitpro/devkitARM/bin/../lib/gcc/arm-none-eabi/15.1.0/../../../../arm-none-eabi/lib/armv6k/fpu/libg.a(libc_a-fflush.o)
                0x0010be0c                __sflush_r
 .text._fflush_r
                0x0010c038       0xc4 /opt/devkitpro/devkitARM/bin/../lib/gcc/arm-none-eabi/15.1.0/../../../../arm-none-eabi/lib/armv6k/fpu/libg.a(libc_a-fflush.o)
                0x0010c038                _fflush_r
 .text.memset   0x0010c0fc       0xe4 /opt/devkitpro/devkitARM/bin/../lib/gcc/arm-none-eabi/15.1.0/../../../../arm-none-eabi/lib/armv6k/fpu/libg.a(libc_a-memset.o)
                0x0010c0fc                memset
 .text.__malloc_lock
                0x0010c1e0        0xc /opt/devkitpro/devkitARM/bin/../lib/gcc/arm-none-eabi/15.1.0/../../../../arm-none-eabi/lib/armv6k/fpu/libg.a(libc_a-mlock.o)
                0x0010c1e0                __malloc_lock
 .text.__malloc_unlock
                0x0010c1ec        0xc /opt/devkitpro/devkitARM/bin/../lib/gcc/arm-none-eabi/15.1.0/../../../../arm-none-eabi/lib/armv6k/fpu/libg.a(libc_a-mlock.o)
                0x0010c1ec                __malloc_unlock
 .text.__call_exitprocs
                0x0010c1f8        0x4 /opt/devkitpro/devkitARM/bin/../lib/gcc/arm-none-eabi/15.1.0/../../../../arm-none-eabi/lib/armv6k/fpu/libg.a(libc_a-exit.o)
                0x0010c1f8                __call_exitprocs
 .text.exit     0x0010c1fc       0x30 /opt/devkitpro/devkitARM/bin/../lib/gcc/arm-none-eabi/15.1.0/../../../../arm-none-eabi/lib/armv6k/fpu/libg.a(libc_a-exit.o)
                0x0010c1fc                exit
 .text.setvbuf  0x0010c22c      0x294 /opt/devkitpro/devkitARM/bin/../lib/gcc/arm-none-eabi/15.1.0/../../../../arm-none-eabi/lib/armv6k/fpu/libg.a(libc_a-setvbuf.o)
                0x0010c22c                setvbuf
 .text.strncpy  0x0010c4c0       0xd4 /opt/devkitpro/devkitARM/bin/../lib/gcc/arm-none-eabi/15.1.0/../../../../arm-none-eabi/lib/armv6k/fpu/libg.a(libc_a-strncpy.o)
                0x0010c4c0                strncpy
 .text.memcpy   0x0010c594      0x12c /opt/devkitpro/devkitARM/bin/../lib/gcc/arm-none-eabi/15.1.0/../../../../arm-none-eabi/lib/armv6k/fpu/libg.a(libc_a-memcpy-stub.o)
                0x0010c594                memcpy
 .text.__sfvwrite_r
                0x0010c6c0      0x4a4 /opt/devkitpro/devkitARM/bin/../lib/gcc/arm-none-eabi/15.1.0/../../../../arm-none-eabi/lib/armv6k/fpu/libg.a(libc_a-fvwrite.o)
                0x0010c6c0                __sfvwrite_r
 .text.__sread  0x0010cb64       0x44 /opt/devkitpro/devkitARM/bin/../lib/gcc/arm-none-eabi/15.1.0/../../../../arm-none-eabi/lib/armv6k/fpu/libg.a(libc_a-stdio.o)
                0x0010cb64                __sread
 .text.__swrite
                0x0010cba8       0x68 /opt/devkitpro/devkitARM/bin/../lib/gcc/arm-none-eabi/15.1.0/../../../../arm-none-eabi/lib/armv6k/fpu/libg.a(libc_a-stdio.o)
                0x0010cba8                __swrite
 .text.__sseek  0x0010cc10       0x40 /opt/devkitpro/devkitARM/bin/../lib/gcc/arm-none-eabi/15.1.0/../../../../arm-none-eabi/lib/armv6k/fpu/libg.a(libc_a-stdio.o)
                0x0010cc10                __sseek
 .text.__sclose
                0x0010cc50        0x8 /opt/devkitpro/devkitARM/bin/../lib/gcc/arm-none-eabi/15.1.0/../../../../arm-none-eabi/lib/armv6k/fpu/libg.a(libc_a-stdio.o)
                0x0010cc50                __sclose
 .text.memmove  0x0010cc58      0x16c /opt/devkitpro/devkitARM/bin/../lib/gcc/arm-none-eabi/15.1.0/../../../../arm-none-eabi/lib/armv6k/fpu/libg.a(libc_a-memmove.o)
                0x0010cc58                memmove
 .text._fclose_r
                0x0010cdc4      0x144 /opt/devkitpro/devkitARM/bin/../lib/gcc/arm-none-eabi/15.1.0/../../../../arm-none-eabi/lib/armv6k/fpu/libg.a(libc_a-fclose.o)
                0x0010cdc4                _fclose_r
 .text._memalign_r
                0x0010cf08      0x16c /opt/devkitpro/devkitARM/bin/../lib/gcc/arm-none-eabi/15.1.0/../../../../arm-none-eabi/lib/armv6k/fpu/libg.a(libc_a-malignr.o)
                0x0010cf08                _memalign_r
 .text.memchr   0x0010d074       0xe8 /opt/devkitpro/devkitARM/bin/../lib/gcc/arm-none-eabi/15.1.0/../../../../arm-none-eabi/lib/armv6k/fpu/libg.a(libc_a-memchr-stub.o)
                0x0010d074                memchr
 .text.__libc_fini_array
                0x0010d15c       0x3c /opt/devkitpro/devkitARM/bin/../lib/gcc/arm-none-eabi/15.1.0/../../../../arm-none-eabi/lib/armv6k/fpu/libg.a(libc_a-fini.o)
                0x0010d15c                __libc_fini_array
 .text.__smakebuf_r
                0x0010d198      0x164 /opt/devkitpro/devkitARM/bin/../lib/gcc/arm-none-eabi/15.1.0/../../../../arm-none-eabi/lib/armv6k/fpu/libg.a(libc_a-makebuf.o)
                0x0010d198                __smakebuf_r
 .text.__swhatbuf_r
                0x0010d2fc       0x90 /opt/devkitpro/devkitARM/bin/../lib/gcc/arm-none-eabi/15.1.0/../../../../arm-none-eabi/lib/armv6k/fpu/libg.a(libc_a-makebuf.o)
                0x0010d2fc                __swhatbuf_r
 .text._realloc_r
                0x0010d38c      0x4f0 /opt/devkitpro/devkitARM/bin/../lib/gcc/arm-none-eabi/15.1.0/../../../../arm-none-eabi/lib/armv6k/fpu/libg.a(libc_a-reallocr.o)
                0x0010d38c                _realloc_r
 .text.__swsetup_r
                0x0010d87c      0x140 /opt/devkitpro/devkitARM/bin/../lib/gcc/arm-none-eabi/15.1.0/../../../../arm-none-eabi/lib/armv6k/fpu/libg.a(libc_a-wsetup.o)
                0x0010d87c                __swsetup_r
 .text._exit    0x0010d9bc       0x20 /opt/devkitpro/devkitARM/bin/../lib/gcc/arm-none-eabi/15.1.0/../../../../arm-none-eabi/lib/armv6k/fpu/libsysbase.a(libsysbase_libsysbase_a-_exit.o)
                0x0010d9bc                _exit
 .text.chdir    0x0010d9dc      0x140 /opt/devkitpro/devkitARM/bin/../lib/gcc/arm-none-eabi/15.1.0/../../../../arm-none-eabi/lib/armv6k/fpu/libsysbase.a(libsysbase_libsysbase_a-chdir.o)
                0x0010d9dc                chdir
 .text._concatenate_path
                0x0010db1c      0x1c8 /opt/devkitpro/devkitARM/bin/../lib/gcc/arm-none-eabi/15.1.0/../../../../arm-none-eabi/lib/armv6k/fpu/libsysbase.a(libsysbase_libsysbase_a-concatenate.o)
                0x0010db1c                _concatenate_path
 .text._fstat_r
                0x0010dce4       0x9c /opt/devkitpro/devkitARM/bin/../lib/gcc/arm-none-eabi/15.1.0/../../../../arm-none-eabi/lib/armv6k/fpu/libsysbase.a(libsysbase_libsysbase_a-fstat.o)
                0x0010dce4                _fstat_r
 .text.__getreent
                0x0010dd80       0x2c /opt/devkitpro/devkitARM/bin/../lib/gcc/arm-none-eabi/15.1.0/../../../../arm-none-eabi/lib/armv6k/fpu/libsysbase.a(libsysbase_libsysbase_a-getreent.o)
                0x0010dd80                __getreent
 .text.__get_handle
                0x0010ddac       0x58 /opt/devkitpro/devkitARM/bin/../lib/gcc/arm-none-eabi/15.1.0/../../../../arm-none-eabi/lib/armv6k/fpu/libsysbase.a(libsysbase_libsysbase_a-handle_manager.o)
                0x0010ddac                __get_handle
 .text._close_r
                0x0010de04      0x110 /opt/devkitpro/devkitARM/bin/../lib/gcc/arm-none-eabi/15.1.0/../../../../arm-none-eabi/lib/armv6k/fpu/libsysbase.a(libsysbase_libsysbase_a-handle_manager.o)
                0x0010de04                _close_r
 .text.null_write
                0x0010df14        0x8 /opt/devkitpro/devkitARM/bin/../lib/gcc/arm-none-eabi/15.1.0/../../../../arm-none-eabi/lib/armv6k/fpu/libsysbase.a(libsysbase_libsysbase_a-iosupport.o)
 .text.setDefaultDevice
                0x0010df1c       0x18 /opt/devkitpro/devkitARM/bin/../lib/gcc/arm-none-eabi/15.1.0/../../../../arm-none-eabi/lib/armv6k/fpu/libsysbase.a(libsysbase_libsysbase_a-iosupport.o)
                0x0010df1c                setDefaultDevice
 .text.FindDevice
                0x0010df34       0xc4 /opt/devkitpro/devkitARM/bin/../lib/gcc/arm-none-eabi/15.1.0/../../../../arm-none-eabi/lib/armv6k/fpu/libsysbase.a(libsysbase_libsysbase_a-iosupport.o)
                0x0010df34                FindDevice
 .text.RemoveDevice
                0x0010dff8       0x28 /opt/devkitpro/devkitARM/bin/../lib/gcc/arm-none-eabi/15.1.0/../../../../arm-none-eabi/lib/armv6k/fpu/libsysbase.a(libsysbase_libsysbase_a-iosupport.o)
                0x0010dff8                RemoveDevice
 .text.AddDevice
                0x0010e020       0x98 /opt/devkitpro/devkitARM/bin/../lib/gcc/arm-none-eabi/15.1.0/../../../../arm-none-eabi/lib/armv6k/fpu/libsysbase.a(libsysbase_libsysbase_a-iosupport.o)
                0x0010e020                AddDevice
 .text.GetDeviceOpTab
                0x0010e0b8       0x20 /opt/devkitpro/devkitARM/bin/../lib/gcc/arm-none-eabi/15.1.0/../../../../arm-none-eabi/lib/armv6k/fpu/libsysbase.a(libsysbase_libsysbase_a-iosupport.o)
                0x0010e0b8                GetDeviceOpTab
 .text._isatty_r
                0x0010e0d8        0x8 /opt/devkitpro/devkitARM/bin/../lib/gcc/arm-none-eabi/15.1.0/../../../../arm-none-eabi/lib/armv6k/fpu/libsysbase.a(libsysbase_libsysbase_a-isatty.o)
                0x0010e0d8                _isatty_r
 .text._lseek_r
                0x0010e0e0       0x94 /opt/devkitpro/devkitARM/bin/../lib/gcc/arm-none-eabi/15.1.0/../../../../arm-none-eabi/lib/armv6k/fpu/libsysbase.a(libsysbase_libsysbase_a-lseek.o)
                0x0010e0e0                _lseek_r
 .text._read_r  0x0010e174       0x94 /opt/devkitpro/devkitARM/bin/../lib/gcc/arm-none-eabi/15.1.0/../../../../arm-none-eabi/lib/armv6k/fpu/libsysbase.a(libsysbase_libsysbase_a-read.o)
                0x0010e174                _read_r
 .text._sbrk_r  0x0010e208       0x78 /opt/devkitpro/devkitARM/bin/../lib/gcc/arm-none-eabi/15.1.0/../../../../arm-none-eabi/lib/armv6k/fpu/libsysbase.a(libsysbase_libsysbase_a-sbrk.o)
                0x0010e208                _sbrk_r
 .text.__libc_lock_acquire
                0x0010e280       0x1c /opt/devkitpro/devkitARM/bin/../lib/gcc/arm-none-eabi/15.1.0/../../../../arm-none-eabi/lib/armv6k/fpu/libsysbase.a(libsysbase_libsysbase_a-syscall_support.o)
                0x0010e280                __libc_lock_acquire
 .text.__libc_lock_release
                0x0010e29c       0x1c /opt/devkitpro/devkitARM/bin/../lib/gcc/arm-none-eabi/15.1.0/../../../../arm-none-eabi/lib/armv6k/fpu/libsysbase.a(libsysbase_libsysbase_a-syscall_support.o)
                0x0010e29c                __libc_lock_release
 .text.__libc_lock_acquire_recursive
                0x0010e2b8       0x1c /opt/devkitpro/devkitARM/bin/../lib/gcc/arm-none-eabi/15.1.0/../../../../arm-none-eabi/lib/armv6k/fpu/libsysbase.a(libsysbase_libsysbase_a-syscall_support.o)
                0x0010e2b8                __libc_lock_acquire_recursive
 .text.__libc_lock_release_recursive
                0x0010e2d4       0x1c /opt/devkitpro/devkitARM/bin/../lib/gcc/arm-none-eabi/15.1.0/../../../../arm-none-eabi/lib/armv6k/fpu/libsysbase.a(libsysbase_libsysbase_a-syscall_support.o)
                0x0010e2d4                __libc_lock_release_recursive
 .text._write_r
                0x0010e2f0       0x94 /opt/devkitpro/devkitARM/bin/../lib/gcc/arm-none-eabi/15.1.0/../../../../arm-none-eabi/lib/armv6k/fpu/libsysbase.a(libsysbase_libsysbase_a-write.o)
                0x0010e2f0                _write_r
 .text.strchr   0x0010e384      0x140 /opt/devkitpro/devkitARM/bin/../lib/gcc/arm-none-eabi/15.1.0/../../../../arm-none-eabi/lib/armv6k/fpu/libg.a(libc_a-strchr.o)
                0x0010e384                strchr
 .text.strrchr  0x0010e4c4       0x48 /opt/devkitpro/devkitARM/bin/../lib/gcc/arm-none-eabi/15.1.0/../../../../arm-none-eabi/lib/armv6k/fpu/libg.a(libc_a-strrchr.o)
                0x0010e4c4                strrchr
 *(.glue_7)
 .glue_7        0x0010e50c        0x0 linker stubs
 *(.glue_7t)
 .glue_7t       0x0010e50c        0x0 linker stubs
 *(.stub)
 *(.gnu.warning)
 *(.gnu.linkonce.t*)
                0x0010e50c                        . = ALIGN (0x4)
 *(.fini)
 .fini          0x0010e50c        0xc /opt/devkitpro/devkitARM/bin/../lib/gcc/arm-none-eabi/15.1.0/armv6k/fpu/crti.o
                0x0010e50c                _fini
 .fini          0x0010e518        0xc /opt/devkitpro/devkitARM/bin/../lib/gcc/arm-none-eabi/15.1.0/armv6k/fpu/crtn.o
                0x0010e524                        . = ALIGN (0x4)

.vfp11_veneer   0x0010e524        0x0
 .vfp11_veneer  0x0010e524        0x0 linker stubs

.v4_bx          0x0010e524        0x0
 .v4_bx         0x0010e524        0x0 linker stubs

.iplt           0x0010e524        0x0
 .iplt          0x0010e524        0x0 /opt/devkitpro/devkitARM/bin/../lib/gcc/arm-none-eabi/15.1.0/../../../../arm-none-eabi/lib/armv6k/fpu/3dsx_crt0.o
                0x0010f000                        . = ALIGN (0x1000)

.rodata         0x0010f000     0x1338
 *(.rodata)
 .rodata        0x0010f000        0xc /opt/devkitpro/libctru/lib/libctru.a(archive_dev.o)
 *(.roda)
 *(.rodata.*)
 .rodata.str1.4
                0x0010f00c      0x67a main.o
                                0x5d9 (size before relaxing)
 .rodata.consolePrintChar
                0x0010f686        0x6 /opt/devkitpro/libctru/lib/libctru.a(console.o)
 .rodata.con_write
                0x0010f68c      0x164 /opt/devkitpro/libctru/lib/libctru.a(console.o)
 .rodata.str1.4
                0x0010f7f0       0x10 /opt/devkitpro/libctru/lib/libctru.a(console.o)
 .rodata.dotab_stdout
                0x0010f7f0       0x80 /opt/devkitpro/libctru/lib/libctru.a(console.o)
 .rodata.grayScale
                0x0010f870       0x18 /opt/devkitpro/libctru/lib/libctru.a(console.o)
 .rodata.colorCube
                0x0010f888        0x6 /opt/devkitpro/libctru/lib/libctru.a(console.o)
 *fill*         0x0010f88e        0x2 
 .rodata.colorTable
                0x0010f890       0x30 /opt/devkitpro/libctru/lib/libctru.a(console.o)
 .rodata.aptEventHandler
                0x0010f8c0        0xb /opt/devkitpro/libctru/lib/libctru.a(apt.o)
 .rodata.aptWaitForWakeUp.isra.0
                0x0010f8cb       0x11 /opt/devkitpro/libctru/lib/libctru.a(apt.o)
 .rodata.morton_y.2
                0x0010f8dc        0x8 /opt/devkitpro/libctru/lib/libctru.a(apt.o)
 .rodata.morton_x.3
                0x0010f8e4        0x8 /opt/devkitpro/libctru/lib/libctru.a(apt.o)
 .rodata.s_sleepWakeEvents.4
                0x0010f8ec        0x8 /opt/devkitpro/libctru/lib/libctru.a(apt.o)
 .rodata.str1.4
                0x0010f8f4       0x16 /opt/devkitpro/libctru/lib/libctru.a(apt.o)
 .rodata.serviceNameTable.5
                0x0010f8f4        0xc /opt/devkitpro/libctru/lib/libctru.a(apt.o)
 .rodata.gspInit.str1.4
                0x0010f900        0x9 /opt/devkitpro/libctru/lib/libctru.a(gspgpu.o)
 .rodata.hidInit.str1.4
                0x0010f900       0x15 /opt/devkitpro/libctru/lib/libctru.a(hid.o)
 .rodata.irrstInit.str1.4
                0x0010f900        0x7 /opt/devkitpro/libctru/lib/libctru.a(irrst.o)
 .rodata.__system_initArgv.str1.4
                0x0010f900        0xa /opt/devkitpro/libctru/lib/libctru.a(initArgv.o)
 .rodata.default_font_bin
                0x0010f900      0x800 /opt/devkitpro/libctru/lib/libctru.a(default_font.bin.o)
                0x0010f900                default_font_bin
                0x00110100                default_font_bin_end
 .rodata.srvInit.str1.4
                0x00110100        0x5 /opt/devkitpro/libctru/lib/libctru.a(srv.o)
 .rodata.ptmSysmInit.str1.4
                0x00110100        0x9 /opt/devkitpro/libctru/lib/libctru.a(ptmsysm.o)
 .rodata.archive_utf16path.str1.4
                0x00110100        0x2 /opt/devkitpro/libctru/lib/libctru.a(archive_dev.o)
 .rodata._archiveUnmountDeviceStruct.part.0.str1.4
                0x00110100        0x2 /opt/devkitpro/libctru/lib/libctru.a(archive_dev.o)
 .rodata._archiveMountDevice.str1.4
                0x00110100        0xc /opt/devkitpro/libctru/lib/libctru.a(archive_dev.o)
 .rodata.archiveMountSdmc.str1.4
                0x00110100        0x5 /opt/devkitpro/libctru/lib/libctru.a(archive_dev.o)
 .rodata.error_table
                0x00110100       0x30 /opt/devkitpro/libctru/lib/libctru.a(archive_dev.o)
 .rodata.str1.4
                0x00110130        0x8 /opt/devkitpro/libctru/lib/libctru.a(archive_dev.o)
 .rodata.archive_devoptab
                0x00110130       0x80 /opt/devkitpro/libctru/lib/libctru.a(archive_dev.o)
 .rodata.fsInit.str1.4
                0x001101b0        0x8 /opt/devkitpro/libctru/lib/libctru.a(fs.o)
 .rodata._puts_r.str1.4
                0x001101b0        0x2 /opt/devkitpro/devkitARM/bin/../lib/gcc/arm-none-eabi/15.1.0/../../../../arm-none-eabi/lib/armv6k/fpu/libg.a(libc_a-puts.o)
 .rodata._ctype_
                0x001101b0      0x101 /opt/devkitpro/devkitARM/bin/../lib/gcc/arm-none-eabi/15.1.0/../../../../arm-none-eabi/lib/armv6k/fpu/libg.a(libc_a-ctype_.o)
                0x001101b0                _ctype_
 .rodata.AddDevice.str1.4
                0x001102b1        0x8 /opt/devkitpro/devkitARM/bin/../lib/gcc/arm-none-eabi/15.1.0/../../../../arm-none-eabi/lib/armv6k/fpu/libsysbase.a(libsysbase_libsysbase_a-iosupport.o)
 *fill*         0x001102b1        0x3 
 .rodata.dotab_stdnull
                0x001102b4       0x80 /opt/devkitpro/devkitARM/bin/../lib/gcc/arm-none-eabi/15.1.0/../../../../arm-none-eabi/lib/armv6k/fpu/libsysbase.a(libsysbase_libsysbase_a-iosupport.o)
                0x001102b4                dotab_stdnull
 *all.rodata*(*)
 *(.gnu.linkonce.r*)
                0x00110334                        . = ALIGN (0x4)
                0x00110334                        __tdata_align = .
                0x00110334        0x4 LONG 0x4 ALIGNOF (.tdata)
                0x00110338                        . = ALIGN (0x4)

.eh_frame       0x00110338        0x0
 .eh_frame      0x00110338        0x0 /opt/devkitpro/devkitARM/bin/../lib/gcc/arm-none-eabi/15.1.0/armv6k/fpu/crtbegin.o

.rel.dyn        0x00110338        0x0
 .rel.iplt      0x00110338        0x0 /opt/devkitpro/devkitARM/bin/../lib/gcc/arm-none-eabi/15.1.0/../../../../arm-none-eabi/lib/armv6k/fpu/3dsx_crt0.o
 .rel.got       0x00110338        0x0 /opt/devkitpro/devkitARM/bin/../lib/gcc/arm-none-eabi/15.1.0/../../../../arm-none-eabi/lib/armv6k/fpu/3dsx_crt0.o

.ARM.extab
 *(.ARM.extab* .gnu.linkonce.armextab.*)
                0x00110338                        __exidx_start = .

.ARM.exidx
 *(.ARM.exidx* .gnu.linkonce.armexidx.*)
                0x00110338                        __exidx_end = .
                0x00111000                        . = ALIGN (0x1000)

.data           0x00111000     0x1b4c
 *(.data)
 .data          0x00111000       0xcc main.o
                0x00111000                commands
 *(.data.*)
 .data.firstConsoleInit.0
                0x001110cc        0x1 /opt/devkitpro/libctru/lib/libctru.a(console.o)
 *fill*         0x001110cd        0x3 
 .data.currentConsole
                0x001110d0        0x4 /opt/devkitpro/libctru/lib/libctru.a(console.o)
                0x001110d0                currentConsole
 .data.defaultConsole
                0x001110d4       0x48 /opt/devkitpro/libctru/lib/libctru.a(console.o)
                0x001110d4                defaultConsole
 .data.aptChainloadDeliverArgSize
                0x0011111c        0x4 /opt/devkitpro/libctru/lib/libctru.a(apt.o)
 .data.kCount   0x00111120        0x4 /opt/devkitpro/libctru/lib/libctru.a(hid.o)
 .data.kInterval
                0x00111124        0x4 /opt/devkitpro/libctru/lib/libctru.a(hid.o)
 .data.kDelay   0x00111128        0x4 /opt/devkitpro/libctru/lib/libctru.a(hid.o)
 .data.__stacksize__
                0x0011112c        0x4 /opt/devkitpro/libctru/lib/libctru.a(stack_adjust.o)
                0x0011112c                __stacksize__
 .data.__sglue  0x00111130        0xc /opt/devkitpro/devkitARM/bin/../lib/gcc/arm-none-eabi/15.1.0/../../../../arm-none-eabi/lib/armv6k/fpu/libg.a(libc_a-findfp.o)
                0x00111130                __sglue
 .data.__malloc_sbrk_base
                0x0011113c        0x4 /opt/devkitpro/devkitARM/bin/../lib/gcc/arm-none-eabi/15.1.0/../../../../arm-none-eabi/lib/armv6k/fpu/libg.a(libc_a-mallocr.o)
                0x0011113c                __malloc_sbrk_base
 .data.__malloc_trim_threshold
                0x00111140        0x4 /opt/devkitpro/devkitARM/bin/../lib/gcc/arm-none-eabi/15.1.0/../../../../arm-none-eabi/lib/armv6k/fpu/libg.a(libc_a-mallocr.o)
                0x00111140                __malloc_trim_threshold
 *fill*         0x00111144        0x4 
 .data.__malloc_av_
                0x00111148      0x408 /opt/devkitpro/devkitARM/bin/../lib/gcc/arm-none-eabi/15.1.0/../../../../arm-none-eabi/lib/armv6k/fpu/libg.a(libc_a-mallocr.o)
                0x00111148                __malloc_av_
 .data._impure_ptr
                0x00111550        0x4 /opt/devkitpro/devkitARM/bin/../lib/gcc/arm-none-eabi/15.1.0/../../../../arm-none-eabi/lib/armv6k/fpu/libg.a(libc_a-impure.o)
                0x00111550                _impure_ptr
 *fill*         0x00111554        0x4 
 .data._impure_data
                0x00111558      0x140 /opt/devkitpro/devkitARM/bin/../lib/gcc/arm-none-eabi/15.1.0/../../../../arm-none-eabi/lib/armv6k/fpu/libg.a(libc_a-impure.o)
                0x00111558                _impure_data
 .data._current_working_directory
                0x00111698      0x400 /opt/devkitpro/devkitARM/bin/../lib/gcc/arm-none-eabi/15.1.0/../../../../arm-none-eabi/lib/armv6k/fpu/libsysbase.a(libsysbase_libsysbase_a-chdir.o)
 .data.handles  0x00111a98     0x1000 /opt/devkitpro/devkitARM/bin/../lib/gcc/arm-none-eabi/15.1.0/../../../../arm-none-eabi/lib/armv6k/fpu/libsysbase.a(libsysbase_libsysbase_a-handle_manager.o)
 .data.__stderr_handle
                0x00112a98        0xc /opt/devkitpro/devkitARM/bin/../lib/gcc/arm-none-eabi/15.1.0/../../../../arm-none-eabi/lib/armv6k/fpu/libsysbase.a(libsysbase_libsysbase_a-handle_manager.o)
 .data.__stdout_handle
                0x00112aa4        0xc /opt/devkitpro/devkitARM/bin/../lib/gcc/arm-none-eabi/15.1.0/../../../../arm-none-eabi/lib/armv6k/fpu/libsysbase.a(libsysbase_libsysbase_a-handle_manager.o)
 .data.__stdin_handle
                0x00112ab0        0xc /opt/devkitpro/devkitARM/bin/../lib/gcc/arm-none-eabi/15.1.0/../../../../arm-none-eabi/lib/armv6k/fpu/libsysbase.a(libsysbase_libsysbase_a-handle_manager.o)
 .data.devoptab_list
                0x00112abc       0x8c /opt/devkitpro/devkitARM/bin/../lib/gcc/arm-none-eabi/15.1.0/../../../../arm-none-eabi/lib/armv6k/fpu/libsysbase.a(libsysbase_libsysbase_a-iosupport.o)
                0x00112abc                devoptab_list
 .data.defaultDevice
                0x00112b48        0x4 /opt/devkitpro/devkitARM/bin/../lib/gcc/arm-none-eabi/15.1.0/../../../../arm-none-eabi/lib/armv6k/fpu/libsysbase.a(libsysbase_libsysbase_a-iosupport.o)
 *(.gnu.linkonce.d*)
                0x00112b4c                        . = ALIGN (0x4)

.igot.plt       0x00112b4c        0x0
 .igot.plt      0x00112b4c        0x0 /opt/devkitpro/devkitARM/bin/../lib/gcc/arm-none-eabi/15.1.0/../../../../arm-none-eabi/lib/armv6k/fpu/3dsx_crt0.o

.got            0x00112b4c        0x8
 .got           0x00112b4c        0x8 /opt/devkitpro/devkitARM/bin/../lib/gcc/arm-none-eabi/15.1.0/../../../../arm-none-eabi/lib/armv6k/fpu/3dsx_crt0.o

.got.plt        0x00112b54        0xc
 .got.plt       0x00112b54        0xc /opt/devkitpro/devkitARM/bin/../lib/gcc/arm-none-eabi/15.1.0/../../../../arm-none-eabi/lib/armv6k/fpu/3dsx_crt0.o
                0x00112b54                _GLOBAL_OFFSET_TABLE_

.tdata          0x00112b60        0x0
                0x00112b60                        __tdata_lma = .
 *(.tdata)
 *(.tdata.*)
 *(.gnu.linkonce.td.*)
                0x00112b60                        . = ALIGN (0x4)
                0x00112b60                        __tdata_lma_end = .

.tbss           0x00112b60      0xc08
 *(.tbss)
 *(.tbss.*)
 .tbss.__ctru_dev_utf16_buf
                0x00112b60      0x802 /opt/devkitpro/libctru/lib/libctru.a(path_buf.o)
                0x00112b60                __ctru_dev_utf16_buf
 *fill*         0x00113362        0x2 
 .tbss.__ctru_dev_path_buf
                0x00113364      0x401 /opt/devkitpro/libctru/lib/libctru.a(path_buf.o)
                0x00113364                __ctru_dev_path_buf
 *(.gnu.linkonce.tb.*)
 *(.tcommon)
                0x00113768                        . = ALIGN (0x4)
 *fill*         0x00113765        0x3 

.preinit_array  0x00112b60        0x0
                0x00112b60                        PROVIDE (__preinit_array_start = .)
 *(.preinit_array)
                0x00112b60                        PROVIDE (__preinit_array_end = .)

.init_array     0x00112b60        0x4
                0x00112b60                        PROVIDE (__init_array_start = .)
 *(SORT_BY_NAME(.init_array.*))
 *(.init_array)
 .init_array    0x00112b60        0x4 /opt/devkitpro/devkitARM/bin/../lib/gcc/arm-none-eabi/15.1.0/armv6k/fpu/crtbegin.o
                0x00112b64                        PROVIDE (__init_array_end = .)

.fini_array     0x00112b64        0x4
                0x00112b64                        PROVIDE (__fini_array_start = .)
 *(.fini_array)
 .fini_array    0x00112b64        0x4 /opt/devkitpro/devkitARM/bin/../lib/gcc/arm-none-eabi/15.1.0/armv6k/fpu/crtbegin.o
 *(SORT_BY_NAME(.fini_array.*))
                0x00112b68                        PROVIDE (__fini_array_end = .)

.ctors
 *crtbegin.o(.ctors)
 *(EXCLUDE_FILE(*crtend.o) .ctors)
 *(SORT_BY_NAME(.ctors.*))
 *(.ctors)

.dtors
 *crtbegin.o(.dtors)
 *(EXCLUDE_FILE(*crtend.o) .dtors)
 *(SORT_BY_NAME(.dtors.*))
 *(.dtors)
                0x00112b68                        __bss_start__ = .

.bss            0x00112b68     0x2e2c
 *(.dynbss)
 *(.bss)
 *(.bss.*)
 .bss.completed.1
                0x00112b68        0x1 /opt/devkitpro/devkitARM/bin/../lib/gcc/arm-none-eabi/15.1.0/armv6k/fpu/crtbegin.o
 *fill*         0x00112b69        0x3 
 .bss.object.0  0x00112b6c       0x18 /opt/devkitpro/devkitARM/bin/../lib/gcc/arm-none-eabi/15.1.0/armv6k/fpu/crtbegin.o
 .bss.escapeSeq
                0x00112b84       0x64 /opt/devkitpro/libctru/lib/libctru.a(console.o)
 .bss.currentCopy
                0x00112be8       0x48 /opt/devkitpro/libctru/lib/libctru.a(console.o)
                0x00112be8                currentCopy
 .bss.screenAlloc
                0x00112c30        0x4 /opt/devkitpro/libctru/lib/libctru.a(gfx.o)
 .bss.screenFree
                0x00112c34        0x4 /opt/devkitpro/libctru/lib/libctru.a(gfx.o)
 .bss.gfxIsDoubleBuf
                0x00112c38        0x2 /opt/devkitpro/libctru/lib/libctru.a(gfx.o)
 *fill*         0x00112c3a        0x2 
 .bss.gfxCurBuf
                0x00112c3c        0x2 /opt/devkitpro/libctru/lib/libctru.a(gfx.o)
 .bss.gfxIsVram
                0x00112c3e        0x1 /opt/devkitpro/libctru/lib/libctru.a(gfx.o)
 .bss.gfxTopMode
                0x00112c3f        0x1 /opt/devkitpro/libctru/lib/libctru.a(gfx.o)
 .bss.gfxFramebufferFormats
                0x00112c40        0x2 /opt/devkitpro/libctru/lib/libctru.a(gfx.o)
 *fill*         0x00112c42        0x2 
 .bss.gfxBottomFramebufferMaxSize
                0x00112c44        0x4 /opt/devkitpro/libctru/lib/libctru.a(gfx.o)
 .bss.gfxTopFramebufferMaxSize
                0x00112c48        0x4 /opt/devkitpro/libctru/lib/libctru.a(gfx.o)
 *fill*         0x00112c4c        0x4 
 .bss.gfxBottomFramebuffers
                0x00112c50        0x8 /opt/devkitpro/libctru/lib/libctru.a(gfx.o)
 .bss.gfxTopFramebuffers
                0x00112c58        0x8 /opt/devkitpro/libctru/lib/libctru.a(gfx.o)
 .bss.flagValue.0
                0x00112c60        0x1 /opt/devkitpro/libctru/lib/libctru.a(apt.o)
 .bss.flagInit.1
                0x00112c61        0x1 /opt/devkitpro/libctru/lib/libctru.a(apt.o)
 *fill*         0x00112c62        0x2 
 .bss.serviceName.6
                0x00112c64        0x4 /opt/devkitpro/libctru/lib/libctru.a(apt.o)
 .bss.aptChainloadFlags
                0x00112c68        0x1 /opt/devkitpro/libctru/lib/libctru.a(apt.o)
 .bss.aptChainloadMediatype
                0x00112c69        0x1 /opt/devkitpro/libctru/lib/libctru.a(apt.o)
 *fill*         0x00112c6a        0x2 
 .bss.aptChainloadHmac
                0x00112c6c       0x20 /opt/devkitpro/libctru/lib/libctru.a(apt.o)
 .bss.aptChainloadDeliverArg
                0x00112c8c      0x300 /opt/devkitpro/libctru/lib/libctru.a(apt.o)
 *fill*         0x00112f8c        0x4 
 .bss.aptChainloadTid
                0x00112f90        0x8 /opt/devkitpro/libctru/lib/libctru.a(apt.o)
 .bss.aptParameters
                0x00112f98     0x1000 /opt/devkitpro/libctru/lib/libctru.a(apt.o)
 .bss.aptFlags  0x00113f98        0x4 /opt/devkitpro/libctru/lib/libctru.a(apt.o)
 .bss.aptHomeButtonState
                0x00113f9c        0x1 /opt/devkitpro/libctru/lib/libctru.a(apt.o)
 *fill*         0x00113f9d        0x3 
 .bss.aptMessageFuncData
                0x00113fa0        0x4 /opt/devkitpro/libctru/lib/libctru.a(apt.o)
 .bss.aptMessageFunc
                0x00113fa4        0x4 /opt/devkitpro/libctru/lib/libctru.a(apt.o)
 .bss.aptFirstHook
                0x00113fa8        0xc /opt/devkitpro/libctru/lib/libctru.a(apt.o)
 .bss.aptEventHandlerThreadQuit
                0x00113fb4        0x1 /opt/devkitpro/libctru/lib/libctru.a(apt.o)
 *fill*         0x00113fb5        0x3 
 .bss.aptEventHandlerThread
                0x00113fb8        0x4 /opt/devkitpro/libctru/lib/libctru.a(apt.o)
 .bss.aptSleepEvent
                0x00113fbc        0x8 /opt/devkitpro/libctru/lib/libctru.a(apt.o)
 .bss.aptReceiveEvent
                0x00113fc4        0x8 /opt/devkitpro/libctru/lib/libctru.a(apt.o)
 .bss.aptEvents
                0x00113fcc        0x8 /opt/devkitpro/libctru/lib/libctru.a(apt.o)
 .bss.aptLockHandle
                0x00113fd4        0x4 /opt/devkitpro/libctru/lib/libctru.a(apt.o)
 .bss.aptRefCount
                0x00113fd8        0x4 /opt/devkitpro/libctru/lib/libctru.a(apt.o)
 .bss.gspEventCbOneShot
                0x00113fdc        0x7 /opt/devkitpro/libctru/lib/libctru.a(gspgpu.o)
 *fill*         0x00113fe3        0x1 
 .bss.gspEventCbData
                0x00113fe4       0x1c /opt/devkitpro/libctru/lib/libctru.a(gspgpu.o)
 .bss.gspEventCb
                0x00114000       0x1c /opt/devkitpro/libctru/lib/libctru.a(gspgpu.o)
 .bss.gspEvents
                0x0011401c       0x38 /opt/devkitpro/libctru/lib/libctru.a(gspgpu.o)
 .bss.gspLastEvent
                0x00114054        0x4 /opt/devkitpro/libctru/lib/libctru.a(gspgpu.o)
 .bss.gspRunEvents
                0x00114058        0x1 /opt/devkitpro/libctru/lib/libctru.a(gspgpu.o)
 *fill*         0x00114059        0x3 
 .bss.gspEventThread
                0x0011405c        0x4 /opt/devkitpro/libctru/lib/libctru.a(gspgpu.o)
 .bss.gspEvent  0x00114060        0x4 /opt/devkitpro/libctru/lib/libctru.a(gspgpu.o)
 .bss.gspGpuRight
                0x00114064        0x1 /opt/devkitpro/libctru/lib/libctru.a(gspgpu.o)
 .bss.gspThreadId
                0x00114065        0x1 /opt/devkitpro/libctru/lib/libctru.a(gspgpu.o)
 *fill*         0x00114066        0x2 
 .bss.gspSharedMem
                0x00114068        0x4 /opt/devkitpro/libctru/lib/libctru.a(gspgpu.o)
 .bss.gspSharedMemHandle
                0x0011406c        0x4 /opt/devkitpro/libctru/lib/libctru.a(gspgpu.o)
 .bss.gspRefCount
                0x00114070        0x4 /opt/devkitpro/libctru/lib/libctru.a(gspgpu.o)
 .bss.gspGpuHandle
                0x00114074        0x4 /opt/devkitpro/libctru/lib/libctru.a(gspgpu.o)
 .bss.usingIrrst
                0x00114078        0x1 /opt/devkitpro/libctru/lib/libctru.a(hid.o)
 *fill*         0x00114079        0x3 
 .bss.hidRefCount
                0x0011407c        0x4 /opt/devkitpro/libctru/lib/libctru.a(hid.o)
 .bss.gRate     0x00114080        0x6 /opt/devkitpro/libctru/lib/libctru.a(hid.o)
 *fill*         0x00114086        0x2 
 .bss.aVec      0x00114088        0x6 /opt/devkitpro/libctru/lib/libctru.a(hid.o)
 *fill*         0x0011408e        0x2 
 .bss.cPos      0x00114090        0x4 /opt/devkitpro/libctru/lib/libctru.a(hid.o)
 .bss.tPos      0x00114094        0x4 /opt/devkitpro/libctru/lib/libctru.a(hid.o)
 .bss.kRepeat   0x00114098        0x4 /opt/devkitpro/libctru/lib/libctru.a(hid.o)
 .bss.kUp       0x0011409c        0x4 /opt/devkitpro/libctru/lib/libctru.a(hid.o)
 .bss.kDown     0x001140a0        0x4 /opt/devkitpro/libctru/lib/libctru.a(hid.o)
 .bss.kHeld     0x001140a4        0x4 /opt/devkitpro/libctru/lib/libctru.a(hid.o)
 .bss.kOld      0x001140a8        0x4 /opt/devkitpro/libctru/lib/libctru.a(hid.o)
 .bss.hidSharedMem
                0x001140ac        0x4 /opt/devkitpro/libctru/lib/libctru.a(hid.o)
                0x001140ac                hidSharedMem
 .bss.hidEvents
                0x001140b0       0x14 /opt/devkitpro/libctru/lib/libctru.a(hid.o)
                0x001140b0                hidEvents
 .bss.hidMemHandle
                0x001140c4        0x4 /opt/devkitpro/libctru/lib/libctru.a(hid.o)
                0x001140c4                hidMemHandle
 .bss.hidHandle
                0x001140c8        0x4 /opt/devkitpro/libctru/lib/libctru.a(hid.o)
                0x001140c8                hidHandle
 .bss.irrstRefCount
                0x001140cc        0x4 /opt/devkitpro/libctru/lib/libctru.a(irrst.o)
 .bss.csPos     0x001140d0        0x4 /opt/devkitpro/libctru/lib/libctru.a(irrst.o)
 .bss.kHeld     0x001140d4        0x4 /opt/devkitpro/libctru/lib/libctru.a(irrst.o)
 .bss.irrstSharedMem
                0x001140d8        0x4 /opt/devkitpro/libctru/lib/libctru.a(irrst.o)
                0x001140d8                irrstSharedMem
 .bss.irrstEvent
                0x001140dc        0x4 /opt/devkitpro/libctru/lib/libctru.a(irrst.o)
                0x001140dc                irrstEvent
 .bss.irrstMemHandle
                0x001140e0        0x4 /opt/devkitpro/libctru/lib/libctru.a(irrst.o)
                0x001140e0                irrstMemHandle
 .bss.irrstHandle
                0x001140e4        0x4 /opt/devkitpro/libctru/lib/libctru.a(irrst.o)
                0x001140e4                irrstHandle
 .bss.__system_retAddr
                0x001140e8        0x4 /opt/devkitpro/libctru/lib/libctru.a(ctru_init.o)
                0x001140e8                __system_retAddr
 .bss.__system_argv
                0x001140ec        0x4 /opt/devkitpro/libctru/lib/libctru.a(initArgv.o)
                0x001140ec                __system_argv
 .bss.__system_argc
                0x001140f0        0x4 /opt/devkitpro/libctru/lib/libctru.a(initArgv.o)
                0x001140f0                __system_argc
 .bss.saved_stack.42
                0x001140f4        0x8 /opt/devkitpro/libctru/lib/libctru.a(stack_adjust.o)
 *fill*         0x001140fc        0x4 
 .bss._ZL11sLinearPool
                0x00114100        0x8 /opt/devkitpro/libctru/lib/libctru.a(linear.o)
 .bss._ZL8sAddrMap
                0x00114108        0xc /opt/devkitpro/libctru/lib/libctru.a(linear.o)
 *fill*         0x00114114        0x4 
 .bss._ZL10sVramPoolB
                0x00114118        0x8 /opt/devkitpro/libctru/lib/libctru.a(vram.o)
 .bss._ZL10sVramPoolA
                0x00114120        0x8 /opt/devkitpro/libctru/lib/libctru.a(vram.o)
 .bss._ZL8sAddrMap
                0x00114128        0xc /opt/devkitpro/libctru/lib/libctru.a(vram.o)
 .bss.__3dslink_host
                0x00114134        0x4 /opt/devkitpro/libctru/lib/libctru.a(3dslink.o)
                0x00114134                __3dslink_host
 .bss.__ctru_speedup
                0x00114138        0x1 /opt/devkitpro/libctru/lib/libctru.a(os.o)
                0x00114138                __ctru_speedup
 *fill*         0x00114139        0x3 
 .bss.srvRefCount
                0x0011413c        0x4 /opt/devkitpro/libctru/lib/libctru.a(srv.o)
 .bss.srvHandle
                0x00114140        0x4 /opt/devkitpro/libctru/lib/libctru.a(srv.o)
 .bss.arbiter   0x00114144        0x4 /opt/devkitpro/libctru/lib/libctru.a(synchronization.o)
 .bss.currentAddr
                0x00114148        0x4 /opt/devkitpro/libctru/lib/libctru.a(mappable.o)
 .bss.maxAddr   0x0011414c        0x4 /opt/devkitpro/libctru/lib/libctru.a(mappable.o)
 .bss.minAddr   0x00114150        0x4 /opt/devkitpro/libctru/lib/libctru.a(mappable.o)
 .bss.ptmSysmRefCount
                0x00114154        0x4 /opt/devkitpro/libctru/lib/libctru.a(ptmsysm.o)
 .bss.ptmSysmHandle
                0x00114158        0x4 /opt/devkitpro/libctru/lib/libctru.a(ptmsysm.o)
 .bss.srvPmHandle
                0x0011415c        0x4 /opt/devkitpro/libctru/lib/libctru.a(srvpm.o)
 .bss.__ctru_linear_heap_size
                0x00114160        0x4 /opt/devkitpro/libctru/lib/libctru.a(allocateHeaps.o)
                0x00114160                __ctru_linear_heap_size
 .bss.__ctru_heap_size
                0x00114164        0x4 /opt/devkitpro/libctru/lib/libctru.a(allocateHeaps.o)
                0x00114164                __ctru_heap_size
 .bss.__ctru_linear_heap
                0x00114168        0x4 /opt/devkitpro/libctru/lib/libctru.a(allocateHeaps.o)
                0x00114168                __ctru_linear_heap
 .bss.__ctru_heap
                0x0011416c        0x4 /opt/devkitpro/libctru/lib/libctru.a(allocateHeaps.o)
                0x0011416c                __ctru_heap
 .bss.archive_devices
                0x00114170      0x5c0 /opt/devkitpro/libctru/lib/libctru.a(archive_dev.o)
 .bss.archive_device_cwd
                0x00114730        0x4 /opt/devkitpro/libctru/lib/libctru.a(archive_dev.o)
 .bss.archive_initialized
                0x00114734        0x1 /opt/devkitpro/libctru/lib/libctru.a(archive_dev.o)
 *fill*         0x00114735        0x3 
 .bss.fsExemptArchives
                0x00114738       0x80 /opt/devkitpro/libctru/lib/libctru.a(fs.o)
 .bss.fsuRefCount
                0x001147b8        0x4 /opt/devkitpro/libctru/lib/libctru.a(fs.o)
 .bss.fsuHandle
                0x001147bc        0x4 /opt/devkitpro/libctru/lib/libctru.a(fs.o)
 .bss.__sfp_recursive_mutex
                0x001147c0        0xc /opt/devkitpro/devkitARM/bin/../lib/gcc/arm-none-eabi/15.1.0/../../../../arm-none-eabi/lib/armv6k/fpu/libg.a(libc_a-findfp.o)
 *fill*         0x001147cc        0x4 
 .bss.__sf      0x001147d0      0x168 /opt/devkitpro/devkitARM/bin/../lib/gcc/arm-none-eabi/15.1.0/../../../../arm-none-eabi/lib/armv6k/fpu/libg.a(libc_a-findfp.o)
                0x001147d0                __sf
 .bss.__stdio_exit_handler
                0x00114938        0x4 /opt/devkitpro/devkitARM/bin/../lib/gcc/arm-none-eabi/15.1.0/../../../../arm-none-eabi/lib/armv6k/fpu/libg.a(libc_a-findfp.o)
                0x00114938                __stdio_exit_handler
 .bss.__malloc_current_mallinfo
                0x0011493c       0x28 /opt/devkitpro/devkitARM/bin/../lib/gcc/arm-none-eabi/15.1.0/../../../../arm-none-eabi/lib/armv6k/fpu/libg.a(libc_a-mallocr.o)
                0x0011493c                __malloc_current_mallinfo
 .bss.__malloc_max_total_mem
                0x00114964        0x4 /opt/devkitpro/devkitARM/bin/../lib/gcc/arm-none-eabi/15.1.0/../../../../arm-none-eabi/lib/armv6k/fpu/libg.a(libc_a-mallocr.o)
                0x00114964                __malloc_max_total_mem
 .bss.__malloc_max_sbrked_mem
                0x00114968        0x4 /opt/devkitpro/devkitARM/bin/../lib/gcc/arm-none-eabi/15.1.0/../../../../arm-none-eabi/lib/armv6k/fpu/libg.a(libc_a-mallocr.o)
                0x00114968                __malloc_max_sbrked_mem
 .bss.__malloc_top_pad
                0x0011496c        0x4 /opt/devkitpro/devkitARM/bin/../lib/gcc/arm-none-eabi/15.1.0/../../../../arm-none-eabi/lib/armv6k/fpu/libg.a(libc_a-mallocr.o)
                0x0011496c                __malloc_top_pad
 .bss.__malloc_recursive_mutex
                0x00114970        0xc /opt/devkitpro/devkitARM/bin/../lib/gcc/arm-none-eabi/15.1.0/../../../../arm-none-eabi/lib/armv6k/fpu/libg.a(libc_a-mlock.o)
 .bss.temp_cwd  0x0011497c      0x400 /opt/devkitpro/devkitARM/bin/../lib/gcc/arm-none-eabi/15.1.0/../../../../arm-none-eabi/lib/armv6k/fpu/libsysbase.a(libsysbase_libsysbase_a-chdir.o)
 .bss.__hndl_lock
                0x00114d7c        0x4 /opt/devkitpro/devkitARM/bin/../lib/gcc/arm-none-eabi/15.1.0/../../../../arm-none-eabi/lib/armv6k/fpu/libsysbase.a(libsysbase_libsysbase_a-handle_manager.o)
 .bss.fake_heap_start
                0x00114d80        0x4 /opt/devkitpro/devkitARM/bin/../lib/gcc/arm-none-eabi/15.1.0/../../../../arm-none-eabi/lib/armv6k/fpu/libsysbase.a(libsysbase_libsysbase_a-malloc_vars.o)
                0x00114d80                fake_heap_start
 .bss.fake_heap_end
                0x00114d84        0x4 /opt/devkitpro/devkitARM/bin/../lib/gcc/arm-none-eabi/15.1.0/../../../../arm-none-eabi/lib/armv6k/fpu/libsysbase.a(libsysbase_libsysbase_a-malloc_vars.o)
                0x00114d84                fake_heap_end
 .bss.heap_start.0
                0x00114d88        0x4 /opt/devkitpro/devkitARM/bin/../lib/gcc/arm-none-eabi/15.1.0/../../../../arm-none-eabi/lib/armv6k/fpu/libsysbase.a(libsysbase_libsysbase_a-sbrk.o)
 *(.gnu.linkonce.b*)
 *(COMMON)
                0x00114d8c                        . = (0x8 + ABSOLUTE (ALIGN (ABSOLUTE ((. - 0x8)), MAX (ALIGNOF (.tdata), ALIGNOF (.tbss)))))
                0x00114d8c                        __tls_start = .
                0x00114d8c                        . = (. + SIZEOF (.tdata))
                0x00114d8c                        . = ALIGN (ALIGNOF (.tbss))
                0x00115994                        . = (. + SIZEOF (.tbss))
 *fill*         0x00114d8c      0xc08 
                0x00115994                        __tls_end = .
                0x00115994                        __bss_end__ = .
                0x00115994                        __end__ = ABSOLUTE (.)

/DISCARD/
 *(.group .comment .note)

.stab
 *(.stab)

.stabstr
 *(.stabstr)

.stab.excl
 *(.stab.excl)

.stab.exclstr
 *(.stab.exclstr)

.stab.index
 *(.stab.index)

.stab.indexstr
 *(.stab.indexstr)

.debug
 *(.debug)

.line
 *(.line)

.debug_srcinfo
 *(.debug_srcinfo)

.debug_sfnames
 *(.debug_sfnames)

.debug_aranges  0x00000000     0x16b0
 *(.debug_aranges)
 .debug_aranges
                0x00000000       0x30 main.o
 .debug_aranges
                0x00000030       0x78 /opt/devkitpro/libctru/lib/libctru.a(console.o)
 .debug_aranges
                0x000000a8       0xa0 /opt/devkitpro/libctru/lib/libctru.a(gfx.o)
 .debug_aranges
                0x00000148      0x270 /opt/devkitpro/libctru/lib/libctru.a(apt.o)
 .debug_aranges
                0x000003b8      0x118 /opt/devkitpro/libctru/lib/libctru.a(gspgpu.o)
 .debug_aranges
                0x000004d0       0xd0 /opt/devkitpro/libctru/lib/libctru.a(hid.o)
 .debug_aranges
                0x000005a0       0x68 /opt/devkitpro/libctru/lib/libctru.a(irrst.o)
 .debug_aranges
                0x00000608       0x20 /opt/devkitpro/libctru/lib/libctru.a(ctru_init.o)
 .debug_aranges
                0x00000628       0x20 /opt/devkitpro/libctru/lib/libctru.a(initArgv.o)
 .debug_aranges
                0x00000648       0xe0 /opt/devkitpro/libctru/lib/libctru.a(syscalls.o)
 .debug_aranges
                0x00000728      0x330 /opt/devkitpro/libctru/lib/libctru.a(svc.o)
 .debug_aranges
                0x00000a58       0x28 /opt/devkitpro/libctru/lib/libctru.a(stack_adjust.o)
 .debug_aranges
                0x00000a80       0x58 /opt/devkitpro/libctru/lib/libctru.a(linear.o)
 .debug_aranges
                0x00000ad8       0x38 /opt/devkitpro/libctru/lib/libctru.a(mem_pool.o)
 .debug_aranges
                0x00000b10       0x68 /opt/devkitpro/libctru/lib/libctru.a(vram.o)
 .debug_aranges
                0x00000b78       0x20 /opt/devkitpro/libctru/lib/libctru.a(3dslink.o)
 .debug_aranges
                0x00000b98       0x28 /opt/devkitpro/libctru/lib/libctru.a(env.o)
 .debug_aranges
                0x00000bc0       0x58 /opt/devkitpro/libctru/lib/libctru.a(os.o)
 .debug_aranges
                0x00000c18       0xc0 /opt/devkitpro/libctru/lib/libctru.a(srv.o)
 .debug_aranges
                0x00000cd8       0xf0 /opt/devkitpro/libctru/lib/libctru.a(synchronization.o)
 .debug_aranges
                0x00000dc8       0x60 /opt/devkitpro/libctru/lib/libctru.a(thread.o)
 .debug_aranges
                0x00000e28       0x38 /opt/devkitpro/libctru/lib/libctru.a(mappable.o)
 .debug_aranges
                0x00000e60       0xb8 /opt/devkitpro/libctru/lib/libctru.a(ptmsysm.o)
 .debug_aranges
                0x00000f18       0x50 /opt/devkitpro/libctru/lib/libctru.a(srvpm.o)
 .debug_aranges
                0x00000f68       0x20 /opt/devkitpro/libctru/lib/libctru.a(rbtree_find.o)
 .debug_aranges
                0x00000f88       0x20 /opt/devkitpro/libctru/lib/libctru.a(rbtree_init.o)
 .debug_aranges
                0x00000fa8       0x30 /opt/devkitpro/libctru/lib/libctru.a(rbtree_insert.o)
 .debug_aranges
                0x00000fd8       0x20 /opt/devkitpro/libctru/lib/libctru.a(rbtree_remove.o)
 .debug_aranges
                0x00000ff8       0x20 /opt/devkitpro/libctru/lib/libctru.a(rbtree_rotate.o)
 .debug_aranges
                0x00001018       0x20 /opt/devkitpro/libctru/lib/libctru.a(allocateHeaps.o)
 .debug_aranges
                0x00001038       0x20 /opt/devkitpro/libctru/lib/libctru.a(appExit.o)
 .debug_aranges
                0x00001058       0x20 /opt/devkitpro/libctru/lib/libctru.a(appInit.o)
 .debug_aranges
                0x00001078       0x20 /opt/devkitpro/libctru/lib/libctru.a(ctru_exit.o)
 .debug_aranges
                0x00001098      0x140 /opt/devkitpro/libctru/lib/libctru.a(archive_dev.o)
 .debug_aranges
                0x000011d8       0x18 /opt/devkitpro/libctru/lib/libctru.a(path_buf.o)
 .debug_aranges
                0x000011f0      0x3b8 /opt/devkitpro/libctru/lib/libctru.a(fs.o)
 .debug_aranges
                0x000015a8       0x28 /opt/devkitpro/libctru/lib/libctru.a(rbtree_iterator.o)
 .debug_aranges
                0x000015d0       0x20 /opt/devkitpro/libctru/lib/libctru.a(decode_utf8.o)
 .debug_aranges
                0x000015f0       0x20 /opt/devkitpro/libctru/lib/libctru.a(utf16_to_utf8.o)
 .debug_aranges
                0x00001610       0x20 /opt/devkitpro/libctru/lib/libctru.a(utf8_to_utf16.o)
 .debug_aranges
                0x00001630       0x20 /opt/devkitpro/libctru/lib/libctru.a(readtp.o)
 .debug_aranges
                0x00001650       0x20 /opt/devkitpro/libctru/lib/libctru.a(decode_utf16.o)
 .debug_aranges
                0x00001670       0x20 /opt/devkitpro/libctru/lib/libctru.a(encode_utf16.o)
 .debug_aranges
                0x00001690       0x20 /opt/devkitpro/libctru/lib/libctru.a(encode_utf8.o)

.debug_pubnames
 *(.debug_pubnames)

.debug_info     0x00000000    0x2cead
 *(.debug_info)
 .debug_info    0x00000000      0x78f main.o
 .debug_info    0x0000078f     0x2271 /opt/devkitpro/libctru/lib/libctru.a(console.o)
 .debug_info    0x00002a00      0xcfd /opt/devkitpro/libctru/lib/libctru.a(gfx.o)
 .debug_info    0x000036fd     0x5688 /opt/devkitpro/libctru/lib/libctru.a(apt.o)
 .debug_info    0x00008d85     0x5923 /opt/devkitpro/libctru/lib/libctru.a(gspgpu.o)
 .debug_info    0x0000e6a8     0x1367 /opt/devkitpro/libctru/lib/libctru.a(hid.o)
 .debug_info    0x0000fa0f      0xac8 /opt/devkitpro/libctru/lib/libctru.a(irrst.o)
 .debug_info    0x000104d7      0x18a /opt/devkitpro/libctru/lib/libctru.a(ctru_init.o)
 .debug_info    0x00010661      0x2bf /opt/devkitpro/libctru/lib/libctru.a(initArgv.o)
 .debug_info    0x00010920     0x1763 /opt/devkitpro/libctru/lib/libctru.a(syscalls.o)
 .debug_info    0x00012083       0x23 /opt/devkitpro/libctru/lib/libctru.a(svc.o)
 .debug_info    0x000120a6       0x23 /opt/devkitpro/libctru/lib/libctru.a(stack_adjust.o)
 .debug_info    0x000120c9     0x113a /opt/devkitpro/libctru/lib/libctru.a(linear.o)
 .debug_info    0x00013203      0xfcc /opt/devkitpro/libctru/lib/libctru.a(mem_pool.o)
 .debug_info    0x000141cf     0x1713 /opt/devkitpro/libctru/lib/libctru.a(vram.o)
 .debug_info    0x000158e2      0xa7c /opt/devkitpro/libctru/lib/libctru.a(3dslink.o)
 .debug_info    0x0001635e      0x2ae /opt/devkitpro/libctru/lib/libctru.a(env.o)
 .debug_info    0x0001660c      0x6d1 /opt/devkitpro/libctru/lib/libctru.a(os.o)
 .debug_info    0x00016cdd     0x1a2b /opt/devkitpro/libctru/lib/libctru.a(srv.o)
 .debug_info    0x00018708     0x26ee /opt/devkitpro/libctru/lib/libctru.a(synchronization.o)
 .debug_info    0x0001adf6     0x1172 /opt/devkitpro/libctru/lib/libctru.a(thread.o)
 .debug_info    0x0001bf68      0x372 /opt/devkitpro/libctru/lib/libctru.a(mappable.o)
 .debug_info    0x0001c2da      0xd6e /opt/devkitpro/libctru/lib/libctru.a(ptmsysm.o)
 .debug_info    0x0001d048      0x832 /opt/devkitpro/libctru/lib/libctru.a(srvpm.o)
 .debug_info    0x0001d87a      0x1e5 /opt/devkitpro/libctru/lib/libctru.a(rbtree_find.o)
 .debug_info    0x0001da5f      0x181 /opt/devkitpro/libctru/lib/libctru.a(rbtree_init.o)
 .debug_info    0x0001dbe0      0x666 /opt/devkitpro/libctru/lib/libctru.a(rbtree_insert.o)
 .debug_info    0x0001e246      0x992 /opt/devkitpro/libctru/lib/libctru.a(rbtree_remove.o)
 .debug_info    0x0001ebd8      0x35d /opt/devkitpro/libctru/lib/libctru.a(rbtree_rotate.o)
 .debug_info    0x0001ef35      0x52e /opt/devkitpro/libctru/lib/libctru.a(allocateHeaps.o)
 .debug_info    0x0001f463      0x142 /opt/devkitpro/libctru/lib/libctru.a(appExit.o)
 .debug_info    0x0001f5a5      0x14d /opt/devkitpro/libctru/lib/libctru.a(appInit.o)
 .debug_info    0x0001f6f2      0x2bc /opt/devkitpro/libctru/lib/libctru.a(ctru_exit.o)
 .debug_info    0x0001f9ae     0x429d /opt/devkitpro/libctru/lib/libctru.a(archive_dev.o)
 .debug_info    0x00023c4b       0xdc /opt/devkitpro/libctru/lib/libctru.a(path_buf.o)
 .debug_info    0x00023d27     0x8552 /opt/devkitpro/libctru/lib/libctru.a(fs.o)
 .debug_info    0x0002c279      0x34a /opt/devkitpro/libctru/lib/libctru.a(rbtree_iterator.o)
 .debug_info    0x0002c5c3      0x15d /opt/devkitpro/libctru/lib/libctru.a(decode_utf8.o)
 .debug_info    0x0002c720      0x20a /opt/devkitpro/libctru/lib/libctru.a(utf16_to_utf8.o)
 .debug_info    0x0002c92a      0x20a /opt/devkitpro/libctru/lib/libctru.a(utf8_to_utf16.o)
 .debug_info    0x0002cb34       0x24 /opt/devkitpro/libctru/lib/libctru.a(readtp.o)
 .debug_info    0x0002cb58      0x139 /opt/devkitpro/libctru/lib/libctru.a(decode_utf16.o)
 .debug_info    0x0002cc91      0x10e /opt/devkitpro/libctru/lib/libctru.a(encode_utf16.o)
 .debug_info    0x0002cd9f      0x10e /opt/devkitpro/libctru/lib/libctru.a(encode_utf8.o)

.debug_abbrev   0x00000000     0x723a
 *(.debug_abbrev)
 .debug_abbrev  0x00000000      0x25e main.o
 .debug_abbrev  0x0000025e      0x5c3 /opt/devkitpro/libctru/lib/libctru.a(console.o)
 .debug_abbrev  0x00000821      0x391 /opt/devkitpro/libctru/lib/libctru.a(gfx.o)
 .debug_abbrev  0x00000bb2      0x765 /opt/devkitpro/libctru/lib/libctru.a(apt.o)
 .debug_abbrev  0x00001317      0x61f /opt/devkitpro/libctru/lib/libctru.a(gspgpu.o)
 .debug_abbrev  0x00001936      0x527 /opt/devkitpro/libctru/lib/libctru.a(hid.o)
 .debug_abbrev  0x00001e5d      0x393 /opt/devkitpro/libctru/lib/libctru.a(irrst.o)
 .debug_abbrev  0x000021f0      0x12f /opt/devkitpro/libctru/lib/libctru.a(ctru_init.o)
 .debug_abbrev  0x0000231f      0x197 /opt/devkitpro/libctru/lib/libctru.a(initArgv.o)
 .debug_abbrev  0x000024b6      0x4e0 /opt/devkitpro/libctru/lib/libctru.a(syscalls.o)
 .debug_abbrev  0x00002996       0x12 /opt/devkitpro/libctru/lib/libctru.a(svc.o)
 .debug_abbrev  0x000029a8       0x12 /opt/devkitpro/libctru/lib/libctru.a(stack_adjust.o)
 .debug_abbrev  0x000029ba      0x433 /opt/devkitpro/libctru/lib/libctru.a(linear.o)
 .debug_abbrev  0x00002ded      0x3a0 /opt/devkitpro/libctru/lib/libctru.a(mem_pool.o)
 .debug_abbrev  0x0000318d      0x47f /opt/devkitpro/libctru/lib/libctru.a(vram.o)
 .debug_abbrev  0x0000360c      0x25f /opt/devkitpro/libctru/lib/libctru.a(3dslink.o)
 .debug_abbrev  0x0000386b      0x1c5 /opt/devkitpro/libctru/lib/libctru.a(env.o)
 .debug_abbrev  0x00003a30      0x2b8 /opt/devkitpro/libctru/lib/libctru.a(os.o)
 .debug_abbrev  0x00003ce8      0x521 /opt/devkitpro/libctru/lib/libctru.a(srv.o)
 .debug_abbrev  0x00004209      0x4fa /opt/devkitpro/libctru/lib/libctru.a(synchronization.o)
 .debug_abbrev  0x00004703      0x47a /opt/devkitpro/libctru/lib/libctru.a(thread.o)
 .debug_abbrev  0x00004b7d      0x1d9 /opt/devkitpro/libctru/lib/libctru.a(mappable.o)